Archive member included to satisfy reference by file (symbol)

C:/devkitPro/libnds/lib\libmm9.a(mm_comms.o)
                              main.o (mmEffectEx)
C:/devkitPro/libnds/lib\libmm9.a(mm_memory.o)
                              main.o (mmLoadEffect)
C:/devkitPro/libnds/lib\libmm9.a(mm_main9.o)
                              C:/devkitPro/libnds/lib\libmm9.a(mm_memory.o) (mmcbMemory)
C:/devkitPro/libnds/lib\libmm9.a(mm_soundbank.o)
                              C:/devkitPro/libnds/lib\libmm9.a(mm_main9.o) (mmSoundBankInMemory)
C:/devkitPro/libnds/lib\libmm9.a(mm_flusher.o)
                              C:/devkitPro/libnds/lib\libmm9.a(mm_memory.o) (mmFlushBank)
C:/devkitPro/libnds/lib\libfat.a(libfat.o)
                              main.o (fatInitDefault)
C:/devkitPro/libnds/lib\libfat.a(disc.o)
                              C:/devkitPro/libnds/lib\libfat.a(libfat.o) (_FAT_disc_interfaces)
C:/devkitPro/libnds/lib\libfat.a(fatfile.o)
                              C:/devkitPro/libnds/lib\libfat.a(libfat.o) (_FAT_open_r)
C:/devkitPro/libnds/lib\libfat.a(cache.o)
                              C:/devkitPro/libnds/lib\libfat.a(fatfile.o) (_FAT_cache_readSectors)
C:/devkitPro/libnds/lib\libfat.a(fatdir.o)
                              C:/devkitPro/libnds/lib\libfat.a(libfat.o) (_FAT_stat_r)
C:/devkitPro/libnds/lib\libfat.a(directory.o)
                              C:/devkitPro/libnds/lib\libfat.a(fatfile.o) (_FAT_directory_entryGetCluster)
C:/devkitPro/libnds/lib\libfat.a(partition.o)
                              C:/devkitPro/libnds/lib\libfat.a(libfat.o) (_FAT_partition_destructor)
C:/devkitPro/libnds/lib\libfat.a(lock.o)
                              C:/devkitPro/libnds/lib\libfat.a(partition.o) (_FAT_lock_init)
C:/devkitPro/libnds/lib\libfat.a(filetime.o)
                              C:/devkitPro/libnds/lib\libfat.a(fatfile.o) (_FAT_filetime_getTimeFromRTC)
C:/devkitPro/libnds/lib\libfat.a(file_allocation_table.o)
                              C:/devkitPro/libnds/lib\libfat.a(fatfile.o) (_FAT_fat_nextCluster)
C:/devkitPro/libnds/lib\libnds9.a(touch.o)
                              main.o (touchRead)
C:/devkitPro/libnds/lib\libnds9.a(boxtest.o)
                              main.o (BoxTest)
C:/devkitPro/libnds/lib\libnds9.a(console.o)
                              main.o (consoleDemoInit)
C:/devkitPro/libnds/lib\libnds9.a(trig.o)
                              main.o (sinLerp)
C:/devkitPro/libnds/lib\libnds9.a(videoGL.o)
                              main.o (glInit_C)
C:/devkitPro/libnds/lib\libnds9.a(keys.o)
                              main.o (scanKeys)
C:/devkitPro/libnds/lib\libnds9.a(dldi.o)
                              C:/devkitPro/libnds/lib\libfat.a(disc.o) (dldiGetInternal)
C:/devkitPro/libnds/lib\libnds9.a(initSystem.o)
                              c:/devkitpro/devkitarm/bin/../lib/gcc/arm-none-eabi/10.2.0/../../../../arm-none-eabi/lib/thumb/ds_arm9_crt0.o (initSystem)
C:/devkitPro/libnds/lib\libnds9.a(timeSupport.o)
                              C:/devkitPro/libnds/lib\libnds9.a(initSystem.o) (__libnds_gtod)
C:/devkitPro/libnds/lib\libnds9.a(securearea.o)
                              c:/devkitpro/devkitarm/bin/../lib/gcc/arm-none-eabi/10.2.0/../../../../arm-none-eabi/lib/thumb/ds_arm9_crt0.o (__secure_area__)
C:/devkitPro/libnds/lib\libnds9.a(interrupts.o)
                              C:/devkitPro/libnds/lib\libnds9.a(initSystem.o) (irqInit)
C:/devkitPro/libnds/lib\libnds9.a(libnds_exit.arm.o)
                              c:/devkitpro/devkitarm/bin/../lib/gcc/arm-none-eabi/10.2.0/../../../../arm-none-eabi/lib/thumb/ds_arm9_crt0.o (__libnds_exit)
C:/devkitPro/libnds/lib\libnds9.a(fifosystem.o)
                              C:/devkitPro/libnds/lib\libmm9.a(mm_comms.o) (fifoSetValue32Handler)
C:/devkitPro/libnds/lib\libnds9.a(dldi_stub.o)
                              C:/devkitPro/libnds/lib\libnds9.a(dldi.o) (_io_dldi_stub)
C:/devkitPro/libnds/lib\libnds9.a(mpu_setup.o)
                              c:/devkitpro/devkitarm/bin/../lib/gcc/arm-none-eabi/10.2.0/../../../../arm-none-eabi/lib/thumb/ds_arm9_crt0.o (__libnds_mpu_setup)
C:/devkitPro/libnds/lib\libnds9.a(IntrWait.o)
                              main.o (swiWaitForVBlank)
C:/devkitPro/libnds/lib\libnds9.a(cpu_clock.o)
                              C:/devkitPro/libnds/lib\libnds9.a(initSystem.o) (setCpuClock)
C:/devkitPro/libnds/lib\libnds9.a(interruptDispatcher.o)
                              C:/devkitPro/libnds/lib\libnds9.a(interrupts.o) (IntrMain)
C:/devkitPro/libnds/lib\libnds9.a(debugprint.o)
                              C:/devkitPro/libnds/lib\libnds9.a(console.o) (nocashWrite)
C:/devkitPro/libnds/lib\libnds9.a(swiSoftReset.o)
                              C:/devkitPro/libnds/lib\libnds9.a(fifosystem.o) (swiSoftReset)
C:/devkitPro/libnds/lib\libnds9.a(biosCalls.o)
                              C:/devkitPro/libnds/lib\libnds9.a(videoGL.o) (swiCopy)
C:/devkitPro/libnds/lib\libnds9.a(default_font.bin.o)
[...]
Memory Configuration

Name             Origin             Length             Attributes
ewram            0x0000000002000000 0x0000000000380000
dtcm             0x0000000002ff0000 0x0000000000004000
vectors          0x0000000001000000 0x0000000000000100
itcm             0x0000000001000100 0x0000000000007f00
*default*        0x0000000000000000 0xffffffffffffffff

Linker script and memory map

                0x0000000002380000                __ewram_end = (ORIGIN (ewram) + LENGTH (ewram))
                0x0000000002380000                __eheap_end = (ORIGIN (ewram) + LENGTH (ewram))
                0x0000000002ff4000                __dtcm_top = (ORIGIN (dtcm) + LENGTH (dtcm))
                0x0000000002ff3ff8                __irq_flags = (__dtcm_top - 0x8)
                0x0000000002ff3ffc                __irq_vector = (__dtcm_top - 0x4)
                0x0000000002ff3f00                __sp_svc = (__dtcm_top - 0x100)
                0x0000000002ff3e00                __sp_irq = (__sp_svc - 0x100)
                0x0000000002ff3d00                __sp_usr = (__sp_irq - 0x100)

.secure         0x0000000002000000      0x800
 *(.secure)
 .secure        0x0000000002000000      0x800 C:/devkitPro/libnds/lib\libnds9.a(securearea.o)
                0x0000000002000000                __secure_area__

.crt0           0x0000000002000800      0x300
                0x0000000002000800                __text_start = .
 *(.crt0)
 .crt0          0x0000000002000800      0x300 c:/devkitpro/devkitarm/bin/../lib/gcc/arm-none-eabi/10.2.0/../../../../arm-none-eabi/lib/thumb/ds_arm9_crt0.o
                0x0000000002000800                _start
                0x0000000002000b00                . = ALIGN (0x4)

.plt
 *(.plt)

.init           0x0000000002000b00        0xc
 *(SORT_NONE(.init))
 .init          0x0000000002000b00        0x4 c:/devkitpro/devkitarm/bin/../lib/gcc/arm-none-eabi/10.2.0/thumb/crti.o
                0x0000000002000b00                _init
 .init          0x0000000002000b04        0x8 c:/devkitpro/devkitarm/bin/../lib/gcc/arm-none-eabi/10.2.0/thumb/crtn.o

.text           0x0000000002000b40    0x1f168
 *(EXCLUDE_FILE(*.twl* *.vectors* *.itcm*) .text)
 .text          0x0000000002000b40      0x5cc main.o
                0x0000000002000b40                lengthdir_x(float, float)
                0x0000000002000b7c                lengthdir_y(float, float)
                0x0000000002000bb8                startTimer(int)
                0x0000000002000bd8                DrawSkyBox(float, float, float, float, float, float, float, float, float)
                0x0000000002000d7c                DrawBox(float, float, float, float, float, float, float, float, float)
 .text          0x000000000200110c      0x764 nitrofs.o
                0x000000000200110c                nitroFSDirClose
                0x0000000002001110                nitroFSFstat
                0x0000000002001128                nitroFSSeek
                0x00000000020011c4                nitroFSClose
                0x00000000020011c8                nitroDirReset
                0x0000000002001260                nitroFSRead
                0x000000000200130c                nitroFSDirNext
                0x00000000020015ec                nitroFSDirOpen
                0x00000000020016b8                nitroFSChdir
                0x00000000020016ec                nitroFSOpen
                0x0000000002001810                nitroFSstat
 .text          0x0000000002001870      0x24c C:/devkitPro/libnds/lib\libmm9.a(mm_comms.o)
                0x0000000002001870                mmSetupComms
                0x00000000020018c2                mmSendBank
                0x00000000020018cc                mmLockChannels
                0x00000000020018d2                mmUnlockChannels
                0x00000000020018d8                mmStart
                0x00000000020018e2                mmPause
                0x00000000020018e6                mmResume
                0x00000000020018ea                mmStop
                0x00000000020018ee                mmPosition
                0x00000000020018f2                mmJingle
                0x00000000020018f6                mmSetModuleVolume
                0x00000000020018fa                mmSetJingleVolume
                0x00000000020018fe                mmSetModuleTempo
                0x0000000002001902                mmSetModulePitch
                0x0000000002001906                mmSetEffectsVolume
                0x000000000200190a                mmSelectMode
                0x000000000200190e                mmStreamBegin
                0x0000000002001922                mmStreamEnd
                0x0000000002001978                mmEffect
                0x000000000200199c                mmEffectVolume
                0x00000000020019a0                mmEffectPanning
                0x00000000020019a4                mmEffectRate
                0x00000000020019ae                mmEffectScaleRate
                0x00000000020019b8                mmEffectRelease
                0x00000000020019be                mmEffectCancel
                0x00000000020019c4                mmEffectEx
                0x0000000002001a02                mmEffectCancelAll
                0x0000000002001a06                mmReverbEnable
                0x0000000002001a0a                mmReverbDisable
                0x0000000002001a0e                mmReverbConfigure
                0x0000000002001a6a                mmReverbStart
                0x0000000002001a6e                mmReverbStop
 .text          0x0000000002001abc      0x120 C:/devkitPro/libnds/lib\libmm9.a(mm_memory.o)
                0x0000000002001abc                mmLoad
                0x0000000002001b0c                mmUnload
                0x0000000002001b64                mmLoadEffect
                0x0000000002001b9c                mmUnloadEffect
 .text          0x0000000002001bdc      0x108 C:/devkitPro/libnds/lib\libmm9.a(mm_main9.o)
                0x0000000002001bdc                mmActive
                0x0000000002001be2                mmSetEventHandler
                0x0000000002001be8                mmInit
                0x0000000002001c12                mmInitDefault
                0x0000000002001c5c                mmInitDefaultMem
                0x0000000002001c7e                mmSuspendIRQ_t
                0x0000000002001c9c                mmRestoreIRQ_t
 .text          0x0000000002001ce4      0x100 C:/devkitPro/libnds/lib\libmm9.a(mm_soundbank.o)
                0x0000000002001ce4                mmSoundBankInMemory
                0x0000000002001cec                mmSoundBankInFiles
                0x0000000002001cfe                mmSetCustomSoundBankHandler
                0x0000000002001d2a                mmsHandleFileOp
 .text          0x0000000002001de4       0x3c C:/devkitPro/libnds/lib\libmm9.a(mm_flusher.o)
                0x0000000002001de4                mmFlushBank
 *fill*         0x0000000002001e20       0x20 ff
 .text          0x0000000002001e40     0x4000 C:/devkitPro/libnds/lib\libnds9.a(dldi_stub.o)
                0x0000000002001e40                _io_dldi_stub
 .text          0x0000000002005e40      0x198 c:/devkitpro/devkitarm/bin/../lib/gcc/arm-none-eabi/10.2.0/thumb\libgcc.a(_arm_mulsf3.o)
                0x0000000002005e40                __aeabi_fmul
                0x0000000002005e40                __mulsf3
 .text          0x0000000002005fd8      0x11c c:/devkitpro/devkitarm/bin/../lib/gcc/arm-none-eabi/10.2.0/thumb\libgcc.a(_udivsi3.o)
                0x0000000002005fd8                __aeabi_uidiv
                0x0000000002005fd8                __udivsi3
                0x00000000020060d4                __aeabi_uidivmod
 .text          0x00000000020060f4      0x150 c:/devkitpro/devkitarm/bin/../lib/gcc/arm-none-eabi/10.2.0/thumb\libgcc.a(_divsi3.o)
                0x00000000020060f4                __divsi3
                0x00000000020060f4                __aeabi_idiv
                0x0000000002006224                __aeabi_idivmod
 .text          0x0000000002006244        0x4 c:/devkitpro/devkitarm/bin/../lib/gcc/arm-none-eabi/10.2.0/thumb\libgcc.a(_dvmd_tls.o)
                0x0000000002006244                __aeabi_idiv0
                0x0000000002006244                __aeabi_ldiv0
 .text          0x0000000002006248      0x424 c:/devkitpro/devkitarm/bin/../lib/gcc/arm-none-eabi/10.2.0/thumb\libgcc.a(_arm_addsubdf3.o)
                0x0000000002006248                __aeabi_drsub
                0x0000000002006250                __aeabi_dsub
                0x0000000002006250                __subdf3
                0x0000000002006254                __aeabi_dadd
                0x0000000002006254                __adddf3
                0x0000000002006564                __floatunsidf
                0x0000000002006564                __aeabi_ui2d
                0x0000000002006588                __floatsidf
                0x0000000002006588                __aeabi_i2d
                0x00000000020065b0                __aeabi_f2d
                0x00000000020065b0                __extendsfdf2
                0x00000000020065f8                __floatundidf
                0x00000000020065f8                __aeabi_ul2d
                0x000000000200660c                __floatdidf
                0x000000000200660c                __aeabi_l2d
 .text          0x000000000200666c      0x144 c:/devkitpro/devkitarm/bin/../lib/gcc/arm-none-eabi/10.2.0/thumb\libgcc.a(_arm_cmpdf2.o)
                0x000000000200666c                __gtdf2
                0x000000000200666c                __gedf2
                0x0000000002006674                __ltdf2
                0x0000000002006674                __ledf2
                0x000000000200667c                __nedf2
                0x000000000200667c                __eqdf2
                0x000000000200667c                __cmpdf2
                0x0000000002006704                __aeabi_cdrcmple
                0x0000000002006720                __aeabi_cdcmpeq
                0x0000000002006720                __aeabi_cdcmple
                0x0000000002006738                __aeabi_dcmpeq
                0x0000000002006750                __aeabi_dcmplt
                0x0000000002006768                __aeabi_dcmple
                0x0000000002006780                __aeabi_dcmpge
                0x0000000002006798                __aeabi_dcmpgt
 .text          0x00000000020067b0       0x5c c:/devkitpro/devkitarm/bin/../lib/gcc/arm-none-eabi/10.2.0/thumb\libgcc.a(_arm_fixdfsi.o)
                0x00000000020067b0                __aeabi_d2iz
                0x00000000020067b0                __fixdfsi
 .text          0x000000000200680c       0xa0 c:/devkitpro/devkitarm/bin/../lib/gcc/arm-none-eabi/10.2.0/thumb\libgcc.a(_arm_truncdfsf2.o)
                0x000000000200680c                __truncdfsf2
                0x000000000200680c                __aeabi_d2f
 .text          0x00000000020068ac      0x2ac c:/devkitpro/devkitarm/bin/../lib/gcc/arm-none-eabi/10.2.0/thumb\libgcc.a(_arm_addsubsf3.o)
                0x00000000020068ac                __aeabi_frsub
                0x00000000020068b4                __subsf3
                0x00000000020068b4                __aeabi_fsub
                0x00000000020068b8                __aeabi_fadd
                0x00000000020068b8                __addsf3
                0x0000000002006a74                __aeabi_ui2f
                0x0000000002006a74                __floatunsisf
                0x0000000002006a7c                __aeabi_i2f
                0x0000000002006a7c                __floatsisf
                0x0000000002006a9c                __aeabi_ul2f
                0x0000000002006a9c                __floatundisf
                0x0000000002006aac                __aeabi_l2f
                0x0000000002006aac                __floatdisf
 .text          0x0000000002006b58       0x5c c:/devkitpro/devkitarm/bin/../lib/gcc/arm-none-eabi/10.2.0/thumb\libgcc.a(_arm_fixsfsi.o)
                0x0000000002006b58                __aeabi_f2iz
                0x0000000002006b58                __fixsfsi
 .text          0x0000000002006bb4       0x54 c:/devkitpro/devkitarm/bin/../lib/gcc/arm-none-eabi/10.2.0/thumb\libgcc.a(_arm_fixunssfsi.o)
                0x0000000002006bb4                __fixunssfsi
                0x0000000002006bb4                __aeabi_f2uiz
 .text          0x0000000002006c08       0xd4 c:/devkitpro/devkitarm/bin/../lib/gcc/arm-none-eabi/10.2.0/thumb\libgcc.a(_aeabi_ldivmod.o)
                0x0000000002006c08                __aeabi_ldivmod
 .text          0x0000000002006cdc       0x28 c:/devkitpro/devkitarm/bin/../lib/gcc/arm-none-eabi/10.2.0/thumb\libgcc.a(_clzdi2.o)
                0x0000000002006cdc                __clzdi2
 .text          0x0000000002006d04       0x48 c:/devkitpro/devkitarm/bin/../lib/gcc/arm-none-eabi/10.2.0/thumb\libgcc.a(_clzsi2.o)
                0x0000000002006d04                __clzsi2
 .text          0x0000000002006d4c      0x224 c:/devkitpro/devkitarm/bin/../lib/gcc/arm-none-eabi/10.2.0/../../../../arm-none-eabi/lib/thumb\libg.a(lib_a-strcmp.o)
                0x0000000002006d4c                strcmp
 .text          0x0000000002006f70       0x14 c:/devkitpro/devkitarm/bin/../lib/gcc/arm-none-eabi/10.2.0/thumb\libgcc.a(_thumb1_case_uqi.o)
                0x0000000002006f70                __gnu_thumb1_case_uqi
 .text          0x0000000002006f84       0x14 c:/devkitpro/devkitarm/bin/../lib/gcc/arm-none-eabi/10.2.0/thumb\libgcc.a(_thumb1_case_uhi.o)
                0x0000000002006f84                __gnu_thumb1_case_uhi
 .text          0x0000000002006f98      0x49c c:/devkitpro/devkitarm/bin/../lib/gcc/arm-none-eabi/10.2.0/thumb\libgcc.a(_arm_muldivdf3.o)
                0x0000000002006f98                __aeabi_dmul
                0x0000000002006f98                __muldf3
                0x0000000002007228                __divdf3
                0x0000000002007228                __aeabi_ddiv
 .text          0x0000000002007434       0x38 c:/devkitpro/devkitarm/bin/../lib/gcc/arm-none-eabi/10.2.0/thumb\libgcc.a(_arm_unorddf2.o)
                0x0000000002007434                __unorddf2
                0x0000000002007434                __aeabi_dcmpun
 .text          0x000000000200746c       0x3c c:/devkitpro/devkitarm/bin/../lib/gcc/arm-none-eabi/10.2.0/thumb\libgcc.a(_aeabi_uldivmod.o)
                0x000000000200746c                __aeabi_uldivmod
 *(EXCLUDE_FILE(*.twl* *.vectors* *.itcm*) .stub)
 *(EXCLUDE_FILE(*.twl* *.vectors* *.itcm*) .text.*)
 .text.__do_global_dtors_aux
                0x00000000020074a8       0x2c c:/devkitpro/devkitarm/bin/../lib/gcc/arm-none-eabi/10.2.0/thumb/crtbegin.o
 .text.frame_dummy
                0x00000000020074d4       0x24 c:/devkitpro/devkitarm/bin/../lib/gcc/arm-none-eabi/10.2.0/thumb/crtbegin.o
 .text.startup  0x00000000020074f8      0x97c main.o
                0x00000000020074f8                main
 .text.fatMount.part.0
                0x0000000002007e74       0xa0 C:/devkitPro/libnds/lib\libfat.a(libfat.o)
 .text.fatMount
                0x0000000002007f14       0x3c C:/devkitPro/libnds/lib\libfat.a(libfat.o)
                0x0000000002007f14                fatMount
 .text.fatInit  0x0000000002007f50      0x130 C:/devkitPro/libnds/lib\libfat.a(libfat.o)
                0x0000000002007f50                fatInit
 .text.fatInitDefault
                0x0000000002008080        0xc C:/devkitPro/libnds/lib\libfat.a(libfat.o)
                0x0000000002008080                fatInitDefault
 .text._FAT_check_position_for_next_cluster.part.0
                0x000000000200808c       0x68 C:/devkitPro/libnds/lib\libfat.a(fatfile.o)
 .text._FAT_syncToDisc.part.0
                0x00000000020080f4       0xd4 C:/devkitPro/libnds/lib\libfat.a(fatfile.o)
 .text._FAT_file_extend_r
                0x00000000020081c8      0x208 C:/devkitPro/libnds/lib\libfat.a(fatfile.o)
 .text._FAT_open_r
                0x00000000020083d0      0x2d4 C:/devkitPro/libnds/lib\libfat.a(fatfile.o)
                0x00000000020083d0                _FAT_open_r
 .text._FAT_close_r
                0x00000000020086a4       0x74 C:/devkitPro/libnds/lib\libfat.a(fatfile.o)
                0x00000000020086a4                _FAT_close_r
 .text._FAT_read_r
                0x0000000002008718      0x398 C:/devkitPro/libnds/lib\libfat.a(fatfile.o)
                0x0000000002008718                _FAT_read_r
 .text._FAT_write_r
                0x0000000002008ab0      0x53c C:/devkitPro/libnds/lib\libfat.a(fatfile.o)
                0x0000000002008ab0                _FAT_write_r
 .text._FAT_seek_r
                0x0000000002008fec      0x194 C:/devkitPro/libnds/lib\libfat.a(fatfile.o)
                0x0000000002008fec                _FAT_seek_r
 .text._FAT_fstat_r
                0x0000000002009180       0x8c C:/devkitPro/libnds/lib\libfat.a(fatfile.o)
                0x0000000002009180                _FAT_fstat_r
 .text._FAT_ftruncate_r
                0x000000000200920c      0x16c C:/devkitPro/libnds/lib\libfat.a(fatfile.o)
                0x000000000200920c                _FAT_ftruncate_r
 .text._FAT_fsync_r
                0x0000000002009378       0x44 C:/devkitPro/libnds/lib\libfat.a(fatfile.o)
                0x0000000002009378                _FAT_fsync_r
 .text._FAT_cache_getPage
                0x00000000020093bc       0xf0 C:/devkitPro/libnds/lib\libfat.a(cache.o)
 .text._FAT_cache_constructor
                0x00000000020094ac       0x90 C:/devkitPro/libnds/lib\libfat.a(cache.o)
                0x00000000020094ac                _FAT_cache_constructor
 .text._FAT_cache_readSectors
                0x000000000200953c       0x60 C:/devkitPro/libnds/lib\libfat.a(cache.o)
                0x000000000200953c                _FAT_cache_readSectors
 .text._FAT_cache_readPartialSector
                0x000000000200959c       0x3c C:/devkitPro/libnds/lib\libfat.a(cache.o)
                0x000000000200959c                _FAT_cache_readPartialSector
 .text._FAT_cache_readLittleEndianValue
                0x00000000020095d8       0x70 C:/devkitPro/libnds/lib\libfat.a(cache.o)
                0x00000000020095d8                _FAT_cache_readLittleEndianValue
 .text._FAT_cache_writePartialSector
                0x0000000002009648       0x4c C:/devkitPro/libnds/lib\libfat.a(cache.o)
                0x0000000002009648                _FAT_cache_writePartialSector
 .text._FAT_cache_writeLittleEndianValue
                0x0000000002009694       0x8c C:/devkitPro/libnds/lib\libfat.a(cache.o)
                0x0000000002009694                _FAT_cache_writeLittleEndianValue
 .text._FAT_cache_eraseWritePartialSector
                0x0000000002009720       0x60 C:/devkitPro/libnds/lib\libfat.a(cache.o)
                0x0000000002009720                _FAT_cache_eraseWritePartialSector
 .text._FAT_cache_writeSectors
                0x0000000002009780       0x80 C:/devkitPro/libnds/lib\libfat.a(cache.o)
                0x0000000002009780                _FAT_cache_writeSectors
 .text._FAT_cache_flush
                0x0000000002009800       0x40 C:/devkitPro/libnds/lib\libfat.a(cache.o)
                0x0000000002009800                _FAT_cache_flush
 .text._FAT_stat_r
                0x0000000002009840       0x90 C:/devkitPro/libnds/lib\libfat.a(fatdir.o)
                0x0000000002009840                _FAT_stat_r
 .text._FAT_link_r
                0x00000000020098d0        0xc C:/devkitPro/libnds/lib\libfat.a(fatdir.o)
                0x00000000020098d0                _FAT_link_r
 .text._FAT_unlink_r
                0x00000000020098dc      0x184 C:/devkitPro/libnds/lib\libfat.a(fatdir.o)
                0x00000000020098dc                _FAT_unlink_r
 .text._FAT_chdir_r
                0x0000000002009a60       0x70 C:/devkitPro/libnds/lib\libfat.a(fatdir.o)
                0x0000000002009a60                _FAT_chdir_r
 .text._FAT_rename_r
                0x0000000002009ad0      0x1c4 C:/devkitPro/libnds/lib\libfat.a(fatdir.o)
                0x0000000002009ad0                _FAT_rename_r
 .text._FAT_mkdir_r
                0x0000000002009c94      0x244 C:/devkitPro/libnds/lib\libfat.a(fatdir.o)
                0x0000000002009c94                _FAT_mkdir_r
 .text._FAT_statvfs_r
                0x0000000002009ed8       0x78 C:/devkitPro/libnds/lib\libfat.a(fatdir.o)
                0x0000000002009ed8                _FAT_statvfs_r
 .text._FAT_diropen_r
                0x0000000002009f50       0xb0 C:/devkitPro/libnds/lib\libfat.a(fatdir.o)
                0x0000000002009f50                _FAT_diropen_r
 .text._FAT_dirreset_r
                0x000000000200a000       0x4c C:/devkitPro/libnds/lib\libfat.a(fatdir.o)
                0x000000000200a000                _FAT_dirreset_r
 .text._FAT_dirnext_r
                0x000000000200a04c       0x7c C:/devkitPro/libnds/lib\libfat.a(fatdir.o)
                0x000000000200a04c                _FAT_dirnext_r
 .text._FAT_dirclose_r
                0x000000000200a0c8       0x20 C:/devkitPro/libnds/lib\libfat.a(fatdir.o)
                0x000000000200a0c8                _FAT_dirclose_r
 .text._FAT_directory_entryGetAlias
                0x000000000200a0e8       0xc8 C:/devkitPro/libnds/lib\libfat.a(directory.o)
 .text._FAT_directory_incrementDirEntryPosition
                0x000000000200a1b0       0x80 C:/devkitPro/libnds/lib\libfat.a(directory.o)
 .text._FAT_directory_mbsncasecmp
                0x000000000200a230       0xa8 C:/devkitPro/libnds/lib\libfat.a(directory.o)
 .text._FAT_directory_ucs2tombs.constprop.0
                0x000000000200a2d8       0x90 C:/devkitPro/libnds/lib\libfat.a(directory.o)
 .text._FAT_directory_entryGetCluster
                0x000000000200a368       0x20 C:/devkitPro/libnds/lib\libfat.a(directory.o)
                0x000000000200a368                _FAT_directory_entryGetCluster
 .text._FAT_directory_getNextEntry
                0x000000000200a388      0x23c C:/devkitPro/libnds/lib\libfat.a(directory.o)
                0x000000000200a388                _FAT_directory_getNextEntry
 .text._FAT_directory_entryExists
                0x000000000200a5c4       0x80 C:/devkitPro/libnds/lib\libfat.a(directory.o)
 .text._FAT_directory_getFirstEntry
                0x000000000200a644       0x20 C:/devkitPro/libnds/lib\libfat.a(directory.o)
                0x000000000200a644                _FAT_directory_getFirstEntry
 .text._FAT_directory_getRootEntry
                0x000000000200a664       0x60 C:/devkitPro/libnds/lib\libfat.a(directory.o)
                0x000000000200a664                _FAT_directory_getRootEntry
 .text._FAT_directory_entryFromPosition
                0x000000000200a6c4      0x150 C:/devkitPro/libnds/lib\libfat.a(directory.o)
                0x000000000200a6c4                _FAT_directory_entryFromPosition
 .text._FAT_directory_entryFromPath
                0x000000000200a814      0x248 C:/devkitPro/libnds/lib\libfat.a(directory.o)
                0x000000000200a814                _FAT_directory_entryFromPath
 .text._FAT_directory_removeEntry
                0x000000000200aa5c       0xd8 C:/devkitPro/libnds/lib\libfat.a(directory.o)
                0x000000000200aa5c                _FAT_directory_removeEntry
 .text._FAT_directory_addEntry
                0x000000000200ab34      0x808 C:/devkitPro/libnds/lib\libfat.a(directory.o)
                0x000000000200ab34                _FAT_directory_addEntry
 .text._FAT_directory_chdir
                0x000000000200b33c       0x3c C:/devkitPro/libnds/lib\libfat.a(directory.o)
                0x000000000200b33c                _FAT_directory_chdir
 .text._FAT_directory_entryStat
                0x000000000200b378       0xe4 C:/devkitPro/libnds/lib\libfat.a(directory.o)
                0x000000000200b378                _FAT_directory_entryStat
 .text.isValidMBR
                0x000000000200b45c       0x5c C:/devkitPro/libnds/lib\libfat.a(partition.o)
 .text._FAT_updateFS_INFO
                0x000000000200b4b8       0x54 C:/devkitPro/libnds/lib\libfat.a(partition.o)
 .text.FindFirstValidPartition_buf.part.0
                0x000000000200b50c      0x11c C:/devkitPro/libnds/lib\libfat.a(partition.o)
 .text._FAT_partition_getPartitionFromPath
                0x000000000200b628       0x10 C:/devkitPro/libnds/lib\libfat.a(partition.o)
                0x000000000200b628                _FAT_partition_getPartitionFromPath
 .text._FAT_partition_createFSinfo
                0x000000000200b638       0x50 C:/devkitPro/libnds/lib\libfat.a(partition.o)
                0x000000000200b638                _FAT_partition_createFSinfo
 .text._FAT_partition_readFSinfo.part.0
                0x000000000200b688       0x74 C:/devkitPro/libnds/lib\libfat.a(partition.o)
 .text._FAT_partition_constructor_buf
                0x000000000200b6fc      0x2e8 C:/devkitPro/libnds/lib\libfat.a(partition.o)
                0x000000000200b6fc                _FAT_partition_constructor_buf
 .text._FAT_partition_constructor
                0x000000000200b9e4       0x40 C:/devkitPro/libnds/lib\libfat.a(partition.o)
                0x000000000200b9e4                _FAT_partition_constructor
 .text._FAT_partition_readFSinfo
                0x000000000200ba24       0x10 C:/devkitPro/libnds/lib\libfat.a(partition.o)
                0x000000000200ba24                _FAT_partition_readFSinfo
 .text._FAT_lock_init
                0x000000000200ba34        0x4 C:/devkitPro/libnds/lib\libfat.a(lock.o)
                0x000000000200ba34                _FAT_lock_init
 .text._FAT_lock
                0x000000000200ba38        0x4 C:/devkitPro/libnds/lib\libfat.a(lock.o)
                0x000000000200ba38                _FAT_lock
 .text._FAT_unlock
                0x000000000200ba3c        0x4 C:/devkitPro/libnds/lib\libfat.a(lock.o)
                0x000000000200ba3c                _FAT_unlock
 .text._FAT_filetime_getTimeFromRTC
                0x000000000200ba40       0x44 C:/devkitPro/libnds/lib\libfat.a(filetime.o)
                0x000000000200ba40                _FAT_filetime_getTimeFromRTC
 .text._FAT_filetime_getDateFromRTC
                0x000000000200ba84       0x44 C:/devkitPro/libnds/lib\libfat.a(filetime.o)
                0x000000000200ba84                _FAT_filetime_getDateFromRTC
 .text._FAT_filetime_to_time_t
                0x000000000200bac8       0x38 C:/devkitPro/libnds/lib\libfat.a(filetime.o)
                0x000000000200bac8                _FAT_filetime_to_time_t
 .text._FAT_fat_writeFatEntry.part.0.isra.0
                0x000000000200bb00      0x12c C:/devkitPro/libnds/lib\libfat.a(file_allocation_table.o)
 .text._FAT_fat_nextCluster
                0x000000000200bc2c      0x108 C:/devkitPro/libnds/lib\libfat.a(file_allocation_table.o)
                0x000000000200bc2c                _FAT_fat_nextCluster
 .text._FAT_fat_linkFreeCluster
                0x000000000200bd34       0xac C:/devkitPro/libnds/lib\libfat.a(file_allocation_table.o)
                0x000000000200bd34                _FAT_fat_linkFreeCluster
 .text._FAT_fat_linkFreeClusterCleared
                0x000000000200bde0       0x68 C:/devkitPro/libnds/lib\libfat.a(file_allocation_table.o)
                0x000000000200bde0                _FAT_fat_linkFreeClusterCleared
 .text._FAT_fat_clearLinks
                0x000000000200be48       0x7c C:/devkitPro/libnds/lib\libfat.a(file_allocation_table.o)
                0x000000000200be48                _FAT_fat_clearLinks
 .text._FAT_fat_trimChain
                0x000000000200bec4       0x80 C:/devkitPro/libnds/lib\libfat.a(file_allocation_table.o)
                0x000000000200bec4                _FAT_fat_trimChain
 .text._FAT_fat_lastCluster
                0x000000000200bf44       0x34 C:/devkitPro/libnds/lib\libfat.a(file_allocation_table.o)
                0x000000000200bf44                _FAT_fat_lastCluster
 .text._FAT_fat_freeClusterCount
                0x000000000200bf78       0x2c C:/devkitPro/libnds/lib\libfat.a(file_allocation_table.o)
                0x000000000200bf78                _FAT_fat_freeClusterCount
 .text.touchRead
                0x000000000200bfa4       0x24 C:/devkitPro/libnds/lib\libnds9.a(touch.o)
                0x000000000200bfa4                touchRead
 .text.BoxTest  0x000000000200bfc8       0x68 C:/devkitPro/libnds/lib\libnds9.a(boxtest.o)
                0x000000000200bfc8                BoxTest
 .text.BoxTestf
                0x000000000200c030       0xb4 C:/devkitPro/libnds/lib\libnds9.a(boxtest.o)
                0x000000000200c030                BoxTestf
 .text.newRow   0x000000000200c0e4       0xb0 C:/devkitPro/libnds/lib\libnds9.a(console.o)
 .text.consolePrintChar
                0x000000000200c194       0xec C:/devkitPro/libnds/lib\libnds9.a(console.o)
                0x000000000200c194                consolePrintChar
 .text.con_write
                0x000000000200c280      0x374 C:/devkitPro/libnds/lib\libnds9.a(console.o)
                0x000000000200c280                con_write
 .text.consoleLoadFont
                0x000000000200c5f4      0x2a8 C:/devkitPro/libnds/lib\libnds9.a(console.o)
                0x000000000200c5f4                consoleLoadFont
 .text.consoleInit
                0x000000000200c89c      0x194 C:/devkitPro/libnds/lib\libnds9.a(console.o)
                0x000000000200c89c                consoleInit
 .text.consoleDemoInit
                0x000000000200ca30       0x40 C:/devkitPro/libnds/lib\libnds9.a(console.o)
                0x000000000200ca30                consoleDemoInit
 .text.sinLutLookup
                0x000000000200ca70       0x38 C:/devkitPro/libnds/lib\libnds9.a(trig.o)
                0x000000000200ca70                sinLutLookup
 .text.sinLerp  0x000000000200caa8       0x40 C:/devkitPro/libnds/lib\libnds9.a(trig.o)
                0x000000000200caa8                sinLerp
 .text.cosLerp  0x000000000200cae8       0x4c C:/devkitPro/libnds/lib\libnds9.a(trig.o)
                0x000000000200cae8                cosLerp
 .text.tanLerp  0x000000000200cb34       0xa4 C:/devkitPro/libnds/lib\libnds9.a(trig.o)
                0x000000000200cb34                tanLerp
 .text.vramBlock_init
                0x000000000200cbd8       0x5c C:/devkitPro/libnds/lib\libnds9.a(videoGL.o)
                0x000000000200cbd8                vramBlock_init
 .text.glInit_C
                0x000000000200cc34      0x1cc C:/devkitPro/libnds/lib\libnds9.a(videoGL.o)
                0x000000000200cc34                glInit_C
 .text.scanKeys
                0x000000000200ce00       0x8c C:/devkitPro/libnds/lib\libnds9.a(keys.o)
                0x000000000200ce00                scanKeys
 .text.keysHeld
                0x000000000200ce8c        0xc C:/devkitPro/libnds/lib\libnds9.a(keys.o)
                0x000000000200ce8c                keysHeld
 .text.keysDown
                0x000000000200ce98       0x14 C:/devkitPro/libnds/lib\libnds9.a(keys.o)
                0x000000000200ce98                keysDown
 .text.dldiGetInternal
                0x000000000200ceac       0x34 C:/devkitPro/libnds/lib\libnds9.a(dldi.o)
                0x000000000200ceac                dldiGetInternal
 .text.get_io_dsisd
                0x000000000200cee0       0x24 C:/devkitPro/libnds/lib\libnds9.a(dldi.o)
                0x000000000200cee0                get_io_dsisd
 .text.initSystem
                0x000000000200cf04      0x198 C:/devkitPro/libnds/lib\libnds9.a(initSystem.o)
                0x000000000200cf04                initSystem
 .text.__libnds_gtod
                0x000000000200d09c       0x28 C:/devkitPro/libnds/lib\libnds9.a(timeSupport.o)
                0x000000000200d09c                __libnds_gtod
 .text.irqDummy
                0x000000000200d0c4        0x4 C:/devkitPro/libnds/lib\libnds9.a(interrupts.o)
                0x000000000200d0c4                irqDummy
 .text.irqSet   0x000000000200d0c8       0x6c C:/devkitPro/libnds/lib\libnds9.a(interrupts.o)
                0x000000000200d0c8                irqSet
 .text.irqInit  0x000000000200d134       0x50 C:/devkitPro/libnds/lib\libnds9.a(interrupts.o)
                0x000000000200d134                irqInit
 .text.irqEnable
                0x000000000200d184       0x64 C:/devkitPro/libnds/lib\libnds9.a(interrupts.o)
                0x000000000200d184                irqEnable
 .text.systemErrorExit
                0x000000000200d1e8        0x4 C:/devkitPro/libnds/lib\libnds9.a(libnds_exit.arm.o)
                0x000000000200d1e8                systemErrorExit
 .text.__libnds_exit
                0x000000000200d1ec       0x5c C:/devkitPro/libnds/lib\libnds9.a(libnds_exit.arm.o)
                0x000000000200d1ec                __libnds_exit
 .text.fifo_queueBlock
                0x000000000200d248       0x44 C:/devkitPro/libnds/lib\libnds9.a(fifosystem.o)
 .text.fifo_waitBlock
                0x000000000200d28c       0x80 C:/devkitPro/libnds/lib\libnds9.a(fifosystem.o)
 .text.fifoInternalSend.part.0
                0x000000000200d30c       0xd4 C:/devkitPro/libnds/lib\libnds9.a(fifosystem.o)
 .text.fifoInternalSendInterrupt
                0x000000000200d3e0       0xa8 C:/devkitPro/libnds/lib\libnds9.a(fifosystem.o)
 .text.fifoSetValue32Handler
                0x000000000200d488       0xd8 C:/devkitPro/libnds/lib\libnds9.a(fifosystem.o)
                0x000000000200d488                fifoSetValue32Handler
 .text.fifoSendValue32
                0x000000000200d560       0x4c C:/devkitPro/libnds/lib\libnds9.a(fifosystem.o)
                0x000000000200d560                fifoSendValue32
 .text.fifoSendDatamsg
                0x000000000200d5ac       0x90 C:/devkitPro/libnds/lib\libnds9.a(fifosystem.o)
                0x000000000200d5ac                fifoSendDatamsg
 .text.fifoGetValue32
                0x000000000200d63c       0x70 C:/devkitPro/libnds/lib\libnds9.a(fifosystem.o)
                0x000000000200d63c                fifoGetValue32
 .text.fifoGetDatamsg
                0x000000000200d6ac       0xf4 C:/devkitPro/libnds/lib\libnds9.a(fifosystem.o)
                0x000000000200d6ac                fifoGetDatamsg
 .text.fifoInternalRecvInterrupt
                0x000000000200d7a0      0x380 C:/devkitPro/libnds/lib\libnds9.a(fifosystem.o)
 .text.fifoSetDatamsgHandler
                0x000000000200db20       0x9c C:/devkitPro/libnds/lib\libnds9.a(fifosystem.o)
                0x000000000200db20                fifoSetDatamsgHandler
 .text.fifoCheckValue32
                0x000000000200dbbc       0x24 C:/devkitPro/libnds/lib\libnds9.a(fifosystem.o)
                0x000000000200dbbc                fifoCheckValue32
 .text.fifoInit
                0x000000000200dbe0       0xf8 C:/devkitPro/libnds/lib\libnds9.a(fifosystem.o)
                0x000000000200dbe0                fifoInit
 .text.__libnds_mpu_setup
                0x000000000200dcd8      0x174 C:/devkitPro/libnds/lib\libnds9.a(mpu_setup.o)
                0x000000000200dcd8                __libnds_mpu_setup
 .text.memUncached
                0x000000000200de4c       0x20 C:/devkitPro/libnds/lib\libnds9.a(mpu_setup.o)
                0x000000000200de4c                memUncached
 .text.swiWaitForVBlank
                0x000000000200de6c        0x8 C:/devkitPro/libnds/lib\libnds9.a(IntrWait.o)
                0x000000000200de6c                swiWaitForVBlank
 .text.swiIntrWait
                0x000000000200de74       0x70 C:/devkitPro/libnds/lib\libnds9.a(IntrWait.o)
                0x000000000200de74                swiIntrWait
 .text.setCpuClock
                0x000000000200dee4       0x50 C:/devkitPro/libnds/lib\libnds9.a(cpu_clock.o)
                0x000000000200dee4                setCpuClock
 .text.swiSoftReset
                0x000000000200df34       0x2c C:/devkitPro/libnds/lib\libnds9.a(swiSoftReset.o)
                0x000000000200df34                swiSoftReset
 .text.swiDelay
                0x000000000200df60        0x4 C:/devkitPro/libnds/lib\libnds9.a(biosCalls.o)
                0x000000000200df60                swiDelay
 .text.checkIfText
                0x000000000200df64       0x5c C:/devkitPro/libnds/lib\libnds9.a(background.o)
                0x000000000200df64                checkIfText
 .text.bgUpdate
                0x000000000200dfc0       0xf4 C:/devkitPro/libnds/lib\libnds9.a(background.o)
                0x000000000200dfc0                bgUpdate
 .text.bgInit_call
                0x000000000200e0b4       0xc4 C:/devkitPro/libnds/lib\libnds9.a(background.o)
                0x000000000200e0b4                bgInit_call
 .text.bgInitSub_call
                0x000000000200e178       0xcc C:/devkitPro/libnds/lib\libnds9.a(background.o)
                0x000000000200e178                bgInitSub_call
 .text.DynamicArrayInit
                0x000000000200e244       0x18 C:/devkitPro/libnds/lib\libnds9.a(dynamicArray.o)
                0x000000000200e244                DynamicArrayInit
 .text.DynamicArraySet
                0x000000000200e25c       0x48 C:/devkitPro/libnds/lib\libnds9.a(dynamicArray.o)
                0x000000000200e25c                DynamicArraySet
 .text.vramDefault
                0x000000000200e2a4       0xd0 C:/devkitPro/libnds/lib\libnds9.a(video.o)
                0x000000000200e2a4                vramDefault
 .text.systemValueHandler
                0x000000000200e374       0x48 C:/devkitPro/libnds/lib\libnds9.a(system.o)
                0x000000000200e374                systemValueHandler
 .text.systemMsgHandler
                0x000000000200e3bc       0x60 C:/devkitPro/libnds/lib\libnds9.a(system.o)
                0x000000000200e3bc                systemMsgHandler
 .text.powerOn  0x000000000200e41c       0x2c C:/devkitPro/libnds/lib\libnds9.a(system.o)
                0x000000000200e41c                powerOn
 .text.DC_FlushRange
                0x000000000200e448       0x24 C:/devkitPro/libnds/lib\libnds9.a(dcache.o)
                0x000000000200e448                DC_FlushRange
 .text.cos      0x000000000200e46c       0xa4 c:/devkitpro/devkitarm/bin/../lib/gcc/arm-none-eabi/10.2.0/../../../../arm-none-eabi/lib/thumb\libm.a(lib_a-s_cos.o)
                0x000000000200e46c                cos
 .text.sin      0x000000000200e510       0xa8 c:/devkitpro/devkitarm/bin/../lib/gcc/arm-none-eabi/10.2.0/../../../../arm-none-eabi/lib/thumb\libm.a(lib_a-s_sin.o)
                0x000000000200e510                sin
 .text.__ieee754_rem_pio2
                0x000000000200e5b8      0x420 c:/devkitpro/devkitarm/bin/../lib/gcc/arm-none-eabi/10.2.0/../../../../arm-none-eabi/lib/thumb\libm.a(lib_a-e_rem_pio2.o)
                0x000000000200e5b8                __ieee754_rem_pio2
 .text.__kernel_cos
                0x000000000200e9d8      0x234 c:/devkitpro/devkitarm/bin/../lib/gcc/arm-none-eabi/10.2.0/../../../../arm-none-eabi/lib/thumb\libm.a(lib_a-k_cos.o)
                0x000000000200e9d8                __kernel_cos
 .text.__kernel_rem_pio2
                0x000000000200ec0c      0x8d8 c:/devkitpro/devkitarm/bin/../lib/gcc/arm-none-eabi/10.2.0/../../../../arm-none-eabi/lib/thumb\libm.a(lib_a-k_rem_pio2.o)
                0x000000000200ec0c                __kernel_rem_pio2
 .text.__kernel_sin
                0x000000000200f4e4      0x170 c:/devkitpro/devkitarm/bin/../lib/gcc/arm-none-eabi/10.2.0/../../../../arm-none-eabi/lib/thumb\libm.a(lib_a-k_sin.o)
                0x000000000200f4e4                __kernel_sin
 .text.fabs     0x000000000200f654        0x8 c:/devkitpro/devkitarm/bin/../lib/gcc/arm-none-eabi/10.2.0/../../../../arm-none-eabi/lib/thumb\libm.a(lib_a-s_fabs.o)
                0x000000000200f654                fabs
 .text.floor    0x000000000200f65c      0x13c c:/devkitpro/devkitarm/bin/../lib/gcc/arm-none-eabi/10.2.0/../../../../arm-none-eabi/lib/thumb\libm.a(lib_a-s_floor.o)
                0x000000000200f65c                floor
 .text.scalbn   0x000000000200f798       0xfc c:/devkitpro/devkitarm/bin/../lib/gcc/arm-none-eabi/10.2.0/../../../../arm-none-eabi/lib/thumb\libm.a(lib_a-s_scalbn.o)
                0x000000000200f798                scalbn
 .text.__muldi3
                0x000000000200f894       0x54 c:/devkitpro/devkitarm/bin/../lib/gcc/arm-none-eabi/10.2.0/thumb\libgcc.a(_muldi3.o)
                0x000000000200f894                __muldi3
                0x000000000200f894                __aeabi_lmul
 .text.__udivmoddi4
                0x000000000200f8e8      0x19c c:/devkitpro/devkitarm/bin/../lib/gcc/arm-none-eabi/10.2.0/thumb\libgcc.a(_udivmoddi4.o)
                0x000000000200f8e8                __udivmoddi4
 .text.calloc   0x000000000200fa84       0x18 c:/devkitpro/devkitarm/bin/../lib/gcc/arm-none-eabi/10.2.0/../../../../arm-none-eabi/lib/thumb\libg.a(lib_a-calloc.o)
                0x000000000200fa84                calloc
 .text._calloc_r
                0x000000000200fa9c       0x60 c:/devkitpro/devkitarm/bin/../lib/gcc/arm-none-eabi/10.2.0/../../../../arm-none-eabi/lib/thumb\libg.a(lib_a-callocr.o)
                0x000000000200fa9c                _calloc_r
 .text._fclose_r
                0x000000000200fafc       0xe8 c:/devkitpro/devkitarm/bin/../lib/gcc/arm-none-eabi/10.2.0/../../../../arm-none-eabi/lib/thumb\libg.a(lib_a-fclose.o)
                0x000000000200fafc                _fclose_r
 .text.fclose   0x000000000200fbe4       0x14 c:/devkitpro/devkitarm/bin/../lib/gcc/arm-none-eabi/10.2.0/../../../../arm-none-eabi/lib/thumb\libg.a(lib_a-fclose.o)
                0x000000000200fbe4                fclose
 .text.__sflush_r
                0x000000000200fbf8      0x1c0 c:/devkitpro/devkitarm/bin/../lib/gcc/arm-none-eabi/10.2.0/../../../../arm-none-eabi/lib/thumb\libg.a(lib_a-fflush.o)
                0x000000000200fbf8                __sflush_r
 .text._fflush_r
                0x000000000200fdb8       0x70 c:/devkitpro/devkitarm/bin/../lib/gcc/arm-none-eabi/10.2.0/../../../../arm-none-eabi/lib/thumb\libg.a(lib_a-fflush.o)
                0x000000000200fdb8                _fflush_r
 .text.fflush   0x000000000200fe28       0x2c c:/devkitpro/devkitarm/bin/../lib/gcc/arm-none-eabi/10.2.0/../../../../arm-none-eabi/lib/thumb\libg.a(lib_a-fflush.o)
                0x000000000200fe28                fflush
 .text._cleanup_r
                0x000000000200fe54       0x14 c:/devkitpro/devkitarm/bin/../lib/gcc/arm-none-eabi/10.2.0/../../../../arm-none-eabi/lib/thumb\libg.a(lib_a-findfp.o)
                0x000000000200fe54                _cleanup_r
 .text.__sinit  0x000000000200fe68      0x124 c:/devkitpro/devkitarm/bin/../lib/gcc/arm-none-eabi/10.2.0/../../../../arm-none-eabi/lib/thumb\libg.a(lib_a-findfp.o)
                0x000000000200fe68                __sinit
 .text.__sfp    0x000000000200ff8c       0xdc c:/devkitpro/devkitarm/bin/../lib/gcc/arm-none-eabi/10.2.0/../../../../arm-none-eabi/lib/thumb\libg.a(lib_a-findfp.o)
                0x000000000200ff8c                __sfp
 .text.__sfp_lock_acquire
                0x0000000002010068       0x14 c:/devkitpro/devkitarm/bin/../lib/gcc/arm-none-eabi/10.2.0/../../../../arm-none-eabi/lib/thumb\libg.a(lib_a-findfp.o)
                0x0000000002010068                __sfp_lock_acquire
 .text.__sfp_lock_release
                0x000000000201007c       0x14 c:/devkitpro/devkitarm/bin/../lib/gcc/arm-none-eabi/10.2.0/../../../../arm-none-eabi/lib/thumb\libg.a(lib_a-findfp.o)
                0x000000000201007c                __sfp_lock_release
 .text._fopen_r
                0x0000000002010090       0xb8 c:/devkitpro/devkitarm/bin/../lib/gcc/arm-none-eabi/10.2.0/../../../../arm-none-eabi/lib/thumb\libg.a(lib_a-fopen.o)
                0x0000000002010090                _fopen_r
 .text.fopen    0x0000000002010148       0x18 c:/devkitpro/devkitarm/bin/../lib/gcc/arm-none-eabi/10.2.0/../../../../arm-none-eabi/lib/thumb\libg.a(lib_a-fopen.o)
                0x0000000002010148                fopen
 .text._fread_r
                0x0000000002010160      0x1f0 c:/devkitpro/devkitarm/bin/../lib/gcc/arm-none-eabi/10.2.0/../../../../arm-none-eabi/lib/thumb\libg.a(lib_a-fread.o)
                0x0000000002010160                _fread_r
 .text.fread    0x0000000002010350       0x24 c:/devkitpro/devkitarm/bin/../lib/gcc/arm-none-eabi/10.2.0/../../../../arm-none-eabi/lib/thumb\libg.a(lib_a-fread.o)
                0x0000000002010350                fread
 .text._malloc_trim_r
                0x0000000002010374       0xa0 c:/devkitpro/devkitarm/bin/../lib/gcc/arm-none-eabi/10.2.0/../../../../arm-none-eabi/lib/thumb\libg.a(lib_a-freer.o)
                0x0000000002010374                _malloc_trim_r
 .text._free_r  0x0000000002010414      0x1e0 c:/devkitpro/devkitarm/bin/../lib/gcc/arm-none-eabi/10.2.0/../../../../arm-none-eabi/lib/thumb\libg.a(lib_a-freer.o)
                0x0000000002010414                _free_r
 .text._fseek_r
                0x00000000020105f4       0x18 c:/devkitpro/devkitarm/bin/../lib/gcc/arm-none-eabi/10.2.0/../../../../arm-none-eabi/lib/thumb\libg.a(lib_a-fseek.o)
                0x00000000020105f4                _fseek_r
 .text.fseek    0x000000000201060c       0x24 c:/devkitpro/devkitarm/bin/../lib/gcc/arm-none-eabi/10.2.0/../../../../arm-none-eabi/lib/thumb\libg.a(lib_a-fseek.o)
                0x000000000201060c                fseek
 .text._fseeko_r
                0x0000000002010630      0x39c c:/devkitpro/devkitarm/bin/../lib/gcc/arm-none-eabi/10.2.0/../../../../arm-none-eabi/lib/thumb\libg.a(lib_a-fseeko.o)
                0x0000000002010630                _fseeko_r
 .text._ftello_r
                0x00000000020109cc      0x118 c:/devkitpro/devkitarm/bin/../lib/gcc/arm-none-eabi/10.2.0/../../../../arm-none-eabi/lib/thumb\libg.a(lib_a-ftello.o)
                0x00000000020109cc                _ftello_r
 .text._fwalk   0x0000000002010ae4       0x48 c:/devkitpro/devkitarm/bin/../lib/gcc/arm-none-eabi/10.2.0/../../../../arm-none-eabi/lib/thumb\libg.a(lib_a-fwalk.o)
                0x0000000002010ae4                _fwalk
 .text._fwalk_reent
                0x0000000002010b2c       0x50 c:/devkitpro/devkitarm/bin/../lib/gcc/arm-none-eabi/10.2.0/../../../../arm-none-eabi/lib/thumb\libg.a(lib_a-fwalk.o)
                0x0000000002010b2c                _fwalk_reent
 .text.__libc_init_array
                0x0000000002010b7c       0x50 c:/devkitpro/devkitarm/bin/../lib/gcc/arm-none-eabi/10.2.0/../../../../arm-none-eabi/lib/thumb\libg.a(lib_a-init.o)
                0x0000000002010b7c                __libc_init_array
 .text.localtime_r
                0x0000000002010bcc      0x244 c:/devkitpro/devkitarm/bin/../lib/gcc/arm-none-eabi/10.2.0/../../../../arm-none-eabi/lib/thumb\libg.a(lib_a-lcltime_r.o)
                0x0000000002010bcc                localtime_r
 .text.__locale_mb_cur_max
                0x0000000002010e10       0x10 c:/devkitpro/devkitarm/bin/../lib/gcc/arm-none-eabi/10.2.0/../../../../arm-none-eabi/lib/thumb\libg.a(lib_a-locale.o)
                0x0000000002010e10                __locale_mb_cur_max
 .text.__smakebuf_r
                0x0000000002010e20       0xec c:/devkitpro/devkitarm/bin/../lib/gcc/arm-none-eabi/10.2.0/../../../../arm-none-eabi/lib/thumb\libg.a(lib_a-makebuf.o)
                0x0000000002010e20                __smakebuf_r
 .text.__swhatbuf_r
                0x0000000002010f0c       0x64 c:/devkitpro/devkitarm/bin/../lib/gcc/arm-none-eabi/10.2.0/../../../../arm-none-eabi/lib/thumb\libg.a(lib_a-makebuf.o)
                0x0000000002010f0c                __swhatbuf_r
 .text.malloc   0x0000000002010f70       0x14 c:/devkitpro/devkitarm/bin/../lib/gcc/arm-none-eabi/10.2.0/../../../../arm-none-eabi/lib/thumb\libg.a(lib_a-malloc.o)
                0x0000000002010f70                malloc
 .text.free     0x0000000002010f84       0x14 c:/devkitpro/devkitarm/bin/../lib/gcc/arm-none-eabi/10.2.0/../../../../arm-none-eabi/lib/thumb\libg.a(lib_a-malloc.o)
                0x0000000002010f84                free
 .text._malloc_r
                0x0000000002010f98      0x59c c:/devkitpro/devkitarm/bin/../lib/gcc/arm-none-eabi/10.2.0/../../../../arm-none-eabi/lib/thumb\libg.a(lib_a-mallocr.o)
                0x0000000002010f98                _malloc_r
 .text._mbrtowc_r
                0x0000000002011534       0x60 c:/devkitpro/devkitarm/bin/../lib/gcc/arm-none-eabi/10.2.0/../../../../arm-none-eabi/lib/thumb\libg.a(lib_a-mbrtowc.o)
                0x0000000002011534                _mbrtowc_r
 .text.mbrtowc  0x0000000002011594       0x80 c:/devkitpro/devkitarm/bin/../lib/gcc/arm-none-eabi/10.2.0/../../../../arm-none-eabi/lib/thumb\libg.a(lib_a-mbrtowc.o)
                0x0000000002011594                mbrtowc
 .text.mbsrtowcs
                0x0000000002011614       0x28 c:/devkitpro/devkitarm/bin/../lib/gcc/arm-none-eabi/10.2.0/../../../../arm-none-eabi/lib/thumb\libg.a(lib_a-mbsrtowcs.o)
                0x0000000002011614                mbsrtowcs
 .text.__utf8_mbtowc
                0x000000000201163c      0x280 c:/devkitpro/devkitarm/bin/../lib/gcc/arm-none-eabi/10.2.0/../../../../arm-none-eabi/lib/thumb\libg.a(lib_a-mbtowc_r.o)
                0x000000000201163c                __utf8_mbtowc
 .text.memcmp   0x00000000020118bc       0x4c c:/devkitpro/devkitarm/bin/../lib/gcc/arm-none-eabi/10.2.0/../../../../arm-none-eabi/lib/thumb\libg.a(lib_a-memcmp.o)
                0x00000000020118bc                memcmp
 .text.memcpy   0x0000000002011908       0xa8 c:/devkitpro/devkitarm/bin/../lib/gcc/arm-none-eabi/10.2.0/../../../../arm-none-eabi/lib/thumb\libg.a(lib_a-memcpy-stub.o)
                0x0000000002011908                memcpy
 .text.memmove  0x00000000020119b0       0xbc c:/devkitpro/devkitarm/bin/../lib/gcc/arm-none-eabi/10.2.0/../../../../arm-none-eabi/lib/thumb\libg.a(lib_a-memmove.o)
                0x00000000020119b0                memmove
 .text.memset   0x0000000002011a6c       0xb0 c:/devkitpro/devkitarm/bin/../lib/gcc/arm-none-eabi/10.2.0/../../../../arm-none-eabi/lib/thumb\libg.a(lib_a-memset.o)
                0x0000000002011a6c                memset
 .text.validate_structure
                0x0000000002011b1c      0x1e8 c:/devkitpro/devkitarm/bin/../lib/gcc/arm-none-eabi/10.2.0/../../../../arm-none-eabi/lib/thumb\libg.a(lib_a-mktime.o)
 .text.mktime   0x0000000002011d04      0x450 c:/devkitpro/devkitarm/bin/../lib/gcc/arm-none-eabi/10.2.0/../../../../arm-none-eabi/lib/thumb\libg.a(lib_a-mktime.o)
                0x0000000002011d04                mktime
 .text.__malloc_lock
                0x0000000002012154       0x14 c:/devkitpro/devkitarm/bin/../lib/gcc/arm-none-eabi/10.2.0/../../../../arm-none-eabi/lib/thumb\libg.a(lib_a-mlock.o)
                0x0000000002012154                __malloc_lock
 .text.__malloc_unlock
                0x0000000002012168       0x14 c:/devkitpro/devkitarm/bin/../lib/gcc/arm-none-eabi/10.2.0/../../../../arm-none-eabi/lib/thumb\libg.a(lib_a-mlock.o)
                0x0000000002012168                __malloc_unlock
 .text.printf   0x000000000201217c       0x24 c:/devkitpro/devkitarm/bin/../lib/gcc/arm-none-eabi/10.2.0/../../../../arm-none-eabi/lib/thumb\libg.a(lib_a-printf.o)
                0x000000000201217c                printf
 .text.realloc  0x00000000020121a0       0x18 c:/devkitpro/devkitarm/bin/../lib/gcc/arm-none-eabi/10.2.0/../../../../arm-none-eabi/lib/thumb\libg.a(lib_a-realloc.o)
                0x00000000020121a0                realloc
 .text._realloc_r
                0x00000000020121b8      0x38c c:/devkitpro/devkitarm/bin/../lib/gcc/arm-none-eabi/10.2.0/../../../../arm-none-eabi/lib/thumb\libg.a(lib_a-reallocr.o)
                0x00000000020121b8                _realloc_r
 .text.lflush   0x0000000002012544       0x20 c:/devkitpro/devkitarm/bin/../lib/gcc/arm-none-eabi/10.2.0/../../../../arm-none-eabi/lib/thumb\libg.a(lib_a-refill.o)
 .text.__srefill_r
                0x0000000002012564      0x118 c:/devkitpro/devkitarm/bin/../lib/gcc/arm-none-eabi/10.2.0/../../../../arm-none-eabi/lib/thumb\libg.a(lib_a-refill.o)
                0x0000000002012564                __srefill_r
 .text.setvbuf  0x000000000201267c      0x1ac c:/devkitpro/devkitarm/bin/../lib/gcc/arm-none-eabi/10.2.0/../../../../arm-none-eabi/lib/thumb\libg.a(lib_a-setvbuf.o)
                0x000000000201267c                setvbuf
 .text.siscanf  0x0000000002012828       0x4c c:/devkitpro/devkitarm/bin/../lib/gcc/arm-none-eabi/10.2.0/../../../../arm-none-eabi/lib/thumb\libg.a(lib_a-siscanf.o)
                0x0000000002012828                siscanf
 .text.sprintf  0x0000000002012874       0x40 c:/devkitpro/devkitarm/bin/../lib/gcc/arm-none-eabi/10.2.0/../../../../arm-none-eabi/lib/thumb\libg.a(lib_a-sprintf.o)
                0x0000000002012874                sprintf
 .text.__sread  0x00000000020128b4       0x34 c:/devkitpro/devkitarm/bin/../lib/gcc/arm-none-eabi/10.2.0/../../../../arm-none-eabi/lib/thumb\libg.a(lib_a-stdio.o)
                0x00000000020128b4                __sread
 .text.__seofread
                0x00000000020128e8        0x4 c:/devkitpro/devkitarm/bin/../lib/gcc/arm-none-eabi/10.2.0/../../../../arm-none-eabi/lib/thumb\libg.a(lib_a-stdio.o)
                0x00000000020128e8                __seofread
 .text.__swrite
                0x00000000020128ec       0x54 c:/devkitpro/devkitarm/bin/../lib/gcc/arm-none-eabi/10.2.0/../../../../arm-none-eabi/lib/thumb\libg.a(lib_a-stdio.o)
                0x00000000020128ec                __swrite
 .text.__sseek  0x0000000002012940       0x40 c:/devkitpro/devkitarm/bin/../lib/gcc/arm-none-eabi/10.2.0/../../../../arm-none-eabi/lib/thumb\libg.a(lib_a-stdio.o)
                0x0000000002012940                __sseek
 .text.__sclose
                0x0000000002012980       0x10 c:/devkitpro/devkitarm/bin/../lib/gcc/arm-none-eabi/10.2.0/../../../../arm-none-eabi/lib/thumb\libg.a(lib_a-stdio.o)
                0x0000000002012980                __sclose
 .text.stpcpy   0x0000000002012990       0x50 c:/devkitpro/devkitarm/bin/../lib/gcc/arm-none-eabi/10.2.0/../../../../arm-none-eabi/lib/thumb\libg.a(lib_a-stpcpy.o)
                0x0000000002012990                stpcpy
 .text.strchr   0x00000000020129e0       0xc8 c:/devkitpro/devkitarm/bin/../lib/gcc/arm-none-eabi/10.2.0/../../../../arm-none-eabi/lib/thumb\libg.a(lib_a-strchr.o)
                0x00000000020129e0                strchr
 .text.strcpy   0x0000000002012aa8       0x10 c:/devkitpro/devkitarm/bin/../lib/gcc/arm-none-eabi/10.2.0/../../../../arm-none-eabi/lib/thumb\libg.a(lib_a-strcpy.o)
                0x0000000002012aa8                strcpy
 .text.strlen   0x0000000002012ab8       0x60 c:/devkitpro/devkitarm/bin/../lib/gcc/arm-none-eabi/10.2.0/../../../../arm-none-eabi/lib/thumb\libg.a(lib_a-strlen-stub.o)
                0x0000000002012ab8                strlen
 .text.strncasecmp
                0x0000000002012b18       0x54 c:/devkitpro/devkitarm/bin/../lib/gcc/arm-none-eabi/10.2.0/../../../../arm-none-eabi/lib/thumb\libg.a(lib_a-strncasecmp.o)
                0x0000000002012b18                strncasecmp
 .text.strncmp  0x0000000002012b6c       0x78 c:/devkitpro/devkitarm/bin/../lib/gcc/arm-none-eabi/10.2.0/../../../../arm-none-eabi/lib/thumb\libg.a(lib_a-strncmp.o)
                0x0000000002012b6c                strncmp
 .text.strncpy  0x0000000002012be4       0x74 c:/devkitpro/devkitarm/bin/../lib/gcc/arm-none-eabi/10.2.0/../../../../arm-none-eabi/lib/thumb\libg.a(lib_a-strncpy.o)
                0x0000000002012be4                strncpy
 .text.strnlen  0x0000000002012c58       0x28 c:/devkitpro/devkitarm/bin/../lib/gcc/arm-none-eabi/10.2.0/../../../../arm-none-eabi/lib/thumb\libg.a(lib_a-strnlen.o)
                0x0000000002012c58                strnlen
 .text.strpbrk  0x0000000002012c80       0x40 c:/devkitpro/devkitarm/bin/../lib/gcc/arm-none-eabi/10.2.0/../../../../arm-none-eabi/lib/thumb\libg.a(lib_a-strpbrk.o)
                0x0000000002012c80                strpbrk
 .text.strrchr  0x0000000002012cc0       0x2c c:/devkitpro/devkitarm/bin/../lib/gcc/arm-none-eabi/10.2.0/../../../../arm-none-eabi/lib/thumb\libg.a(lib_a-strrchr.o)
                0x0000000002012cc0                strrchr
 .text._strtol_l.part.0
                0x0000000002012cec      0x150 c:/devkitpro/devkitarm/bin/../lib/gcc/arm-none-eabi/10.2.0/../../../../arm-none-eabi/lib/thumb\libg.a(lib_a-strtol.o)
 .text._strtol_r
                0x0000000002012e3c       0x20 c:/devkitpro/devkitarm/bin/../lib/gcc/arm-none-eabi/10.2.0/../../../../arm-none-eabi/lib/thumb\libg.a(lib_a-strtol.o)
                0x0000000002012e3c                _strtol_r
 .text.get_arg  0x0000000002012e5c       0x32 c:/devkitpro/devkitarm/bin/../lib/gcc/arm-none-eabi/10.2.0/../../../../arm-none-eabi/lib/thumb\libg.a(lib_a-svfiscanf.o)
 .text._sungetc_r
                0x0000000002012e8e       0x7e c:/devkitpro/devkitarm/bin/../lib/gcc/arm-none-eabi/10.2.0/../../../../arm-none-eabi/lib/thumb\libg.a(lib_a-svfiscanf.o)
                0x0000000002012e8e                _sungetc_r
 .text.__ssrefill_r
                0x0000000002012f0c       0x42 c:/devkitpro/devkitarm/bin/../lib/gcc/arm-none-eabi/10.2.0/../../../../arm-none-eabi/lib/thumb\libg.a(lib_a-svfiscanf.o)
                0x0000000002012f0c                __ssrefill_r
 .text._sfread_r
                0x0000000002012f4e       0x8a c:/devkitpro/devkitarm/bin/../lib/gcc/arm-none-eabi/10.2.0/../../../../arm-none-eabi/lib/thumb\libg.a(lib_a-svfiscanf.o)
                0x0000000002012f4e                _sfread_r
 .text.__ssvfiscanf_r
                0x0000000002012fd8     0x1b6c c:/devkitpro/devkitarm/bin/../lib/gcc/arm-none-eabi/10.2.0/../../../../arm-none-eabi/lib/thumb\libg.a(lib_a-svfiscanf.o)
                0x0000000002012fd8                __ssvfiscanf_r
 .text.get_arg  0x0000000002014b44      0x3f0 c:/devkitpro/devkitarm/bin/../lib/gcc/arm-none-eabi/10.2.0/../../../../arm-none-eabi/lib/thumb\libg.a(lib_a-svfprintf.o)
 .text._svfprintf_r
                0x0000000002014f34     0x2498 c:/devkitpro/devkitarm/bin/../lib/gcc/arm-none-eabi/10.2.0/../../../../arm-none-eabi/lib/thumb\libg.a(lib_a-svfprintf.o)
                0x0000000002014f34                _svfprintf_r
 .text.time     0x00000000020173cc       0x34 c:/devkitpro/devkitarm/bin/../lib/gcc/arm-none-eabi/10.2.0/../../../../arm-none-eabi/lib/thumb\libg.a(lib_a-time.o)
                0x00000000020173cc                time
 .text.towlower
                0x0000000002017400       0x10 c:/devkitpro/devkitarm/bin/../lib/gcc/arm-none-eabi/10.2.0/../../../../arm-none-eabi/lib/thumb\libg.a(lib_a-towlower.o)
                0x0000000002017400                towlower
 .text.towupper
                0x0000000002017410       0x10 c:/devkitpro/devkitarm/bin/../lib/gcc/arm-none-eabi/10.2.0/../../../../arm-none-eabi/lib/thumb\libg.a(lib_a-towupper.o)
                0x0000000002017410                towupper
 .text.__tzcalc_limits
                0x0000000002017420      0x1a8 c:/devkitpro/devkitarm/bin/../lib/gcc/arm-none-eabi/10.2.0/../../../../arm-none-eabi/lib/thumb\libg.a(lib_a-tzcalc_limits.o)
                0x0000000002017420                __tzcalc_limits
 .text.__tz_lock
                0x00000000020175c8       0x14 c:/devkitpro/devkitarm/bin/../lib/gcc/arm-none-eabi/10.2.0/../../../../arm-none-eabi/lib/thumb\libg.a(lib_a-tzlock.o)
                0x00000000020175c8                __tz_lock
 .text.__tz_unlock
                0x00000000020175dc       0x14 c:/devkitpro/devkitarm/bin/../lib/gcc/arm-none-eabi/10.2.0/../../../../arm-none-eabi/lib/thumb\libg.a(lib_a-tzlock.o)
                0x00000000020175dc                __tz_unlock
 .text._tzset_unlocked
                0x00000000020175f0       0x10 c:/devkitpro/devkitarm/bin/../lib/gcc/arm-none-eabi/10.2.0/../../../../arm-none-eabi/lib/thumb\libg.a(lib_a-tzset.o)
                0x00000000020175f0                _tzset_unlocked
 .text._tzset_unlocked_r
                0x0000000002017600      0x360 c:/devkitpro/devkitarm/bin/../lib/gcc/arm-none-eabi/10.2.0/../../../../arm-none-eabi/lib/thumb\libg.a(lib_a-tzset_r.o)
                0x0000000002017600                _tzset_unlocked_r
 .text.__submore
                0x0000000002017960       0x88 c:/devkitpro/devkitarm/bin/../lib/gcc/arm-none-eabi/10.2.0/../../../../arm-none-eabi/lib/thumb\libg.a(lib_a-ungetc.o)
                0x0000000002017960                __submore
 .text.get_arg  0x00000000020179e8      0x3f0 c:/devkitpro/devkitarm/bin/../lib/gcc/arm-none-eabi/10.2.0/../../../../arm-none-eabi/lib/thumb\libg.a(lib_a-vfiprintf.o)
 .text.__sprint_r
                0x0000000002017dd8       0x20 c:/devkitpro/devkitarm/bin/../lib/gcc/arm-none-eabi/10.2.0/../../../../arm-none-eabi/lib/thumb\libg.a(lib_a-vfiprintf.o)
                0x0000000002017dd8                __sprint_r
 .text._vfiprintf_r
                0x0000000002017df8     0x1800 c:/devkitpro/devkitarm/bin/../lib/gcc/arm-none-eabi/10.2.0/../../../../arm-none-eabi/lib/thumb\libg.a(lib_a-vfiprintf.o)
                0x0000000002017df8                _vfiprintf_r
 .text.__sbprintf
                0x00000000020195f8       0x8c c:/devkitpro/devkitarm/bin/../lib/gcc/arm-none-eabi/10.2.0/../../../../arm-none-eabi/lib/thumb\libg.a(lib_a-vfiprintf.o)
 .text.get_arg  0x0000000002019684      0x3f0 c:/devkitpro/devkitarm/bin/../lib/gcc/arm-none-eabi/10.2.0/../../../../arm-none-eabi/lib/thumb\libg.a(lib_a-vfprintf.o)
 .text._vfprintf_r
                0x0000000002019a74     0x2520 c:/devkitpro/devkitarm/bin/../lib/gcc/arm-none-eabi/10.2.0/../../../../arm-none-eabi/lib/thumb\libg.a(lib_a-vfprintf.o)
                0x0000000002019a74                _vfprintf_r
 .text.__sbprintf
                0x000000000201bf94       0x8c c:/devkitpro/devkitarm/bin/../lib/gcc/arm-none-eabi/10.2.0/../../../../arm-none-eabi/lib/thumb\libg.a(lib_a-vfprintf.o)
 .text._wcrtomb_r
                0x000000000201c020       0x5c c:/devkitpro/devkitarm/bin/../lib/gcc/arm-none-eabi/10.2.0/../../../../arm-none-eabi/lib/thumb\libg.a(lib_a-wcrtomb.o)
                0x000000000201c020                _wcrtomb_r
 .text.wcrtomb  0x000000000201c07c       0x74 c:/devkitpro/devkitarm/bin/../lib/gcc/arm-none-eabi/10.2.0/../../../../arm-none-eabi/lib/thumb\libg.a(lib_a-wcrtomb.o)
                0x000000000201c07c                wcrtomb
 .text._wcsrtombs_r
                0x000000000201c0f0       0x1c c:/devkitpro/devkitarm/bin/../lib/gcc/arm-none-eabi/10.2.0/../../../../arm-none-eabi/lib/thumb\libg.a(lib_a-wcsrtombs.o)
                0x000000000201c0f0                _wcsrtombs_r
 .text.wctob    0x000000000201c10c       0x48 c:/devkitpro/devkitarm/bin/../lib/gcc/arm-none-eabi/10.2.0/../../../../arm-none-eabi/lib/thumb\libg.a(lib_a-wctob.o)
                0x000000000201c10c                wctob
 .text.__utf8_wctomb
                0x000000000201c154       0xb4 c:/devkitpro/devkitarm/bin/../lib/gcc/arm-none-eabi/10.2.0/../../../../arm-none-eabi/lib/thumb\libg.a(lib_a-wctomb_r.o)
                0x000000000201c154                __utf8_wctomb
 .text.__swsetup_r
                0x000000000201c208       0xe4 c:/devkitpro/devkitarm/bin/../lib/gcc/arm-none-eabi/10.2.0/../../../../arm-none-eabi/lib/thumb\libg.a(lib_a-wsetup.o)
                0x000000000201c208                __swsetup_r
 .text.div      0x000000000201c2ec       0x34 c:/devkitpro/devkitarm/bin/../lib/gcc/arm-none-eabi/10.2.0/../../../../arm-none-eabi/lib/thumb\libg.a(lib_a-div.o)
                0x000000000201c2ec                div
 .text.quorem   0x000000000201c320      0x14c c:/devkitpro/devkitarm/bin/../lib/gcc/arm-none-eabi/10.2.0/../../../../arm-none-eabi/lib/thumb\libg.a(lib_a-dtoa.o)
 .text._dtoa_r  0x000000000201c46c      0xff0 c:/devkitpro/devkitarm/bin/../lib/gcc/arm-none-eabi/10.2.0/../../../../arm-none-eabi/lib/thumb\libg.a(lib_a-dtoa.o)
                0x000000000201c46c                _dtoa_r
 .text.__errno  0x000000000201d45c        0xc c:/devkitpro/devkitarm/bin/../lib/gcc/arm-none-eabi/10.2.0/../../../../arm-none-eabi/lib/thumb\libg.a(lib_a-errno.o)
                0x000000000201d45c                __errno
 .text.__sflags
                0x000000000201d468       0xa4 c:/devkitpro/devkitarm/bin/../lib/gcc/arm-none-eabi/10.2.0/../../../../arm-none-eabi/lib/thumb\libg.a(lib_a-flags.o)
                0x000000000201d468                __sflags
 .text.__sfvwrite_r
                0x000000000201d50c      0x324 c:/devkitpro/devkitarm/bin/../lib/gcc/arm-none-eabi/10.2.0/../../../../arm-none-eabi/lib/thumb\libg.a(lib_a-fvwrite.o)
                0x000000000201d50c                __sfvwrite_r
 .text._findenv_r
                0x000000000201d830       0x94 c:/devkitpro/devkitarm/bin/../lib/gcc/arm-none-eabi/10.2.0/../../../../arm-none-eabi/lib/thumb\libg.a(lib_a-getenv_r.o)
                0x000000000201d830                _findenv_r
 .text._getenv_r
                0x000000000201d8c4       0x10 c:/devkitpro/devkitarm/bin/../lib/gcc/arm-none-eabi/10.2.0/../../../../arm-none-eabi/lib/thumb\libg.a(lib_a-getenv_r.o)
                0x000000000201d8c4                _getenv_r
 .text.__gettzinfo
                0x000000000201d8d4        0x8 c:/devkitpro/devkitarm/bin/../lib/gcc/arm-none-eabi/10.2.0/../../../../arm-none-eabi/lib/thumb\libg.a(lib_a-gettzinfo.o)
                0x000000000201d8d4                __gettzinfo
 .text.gmtime_r
                0x000000000201d8dc      0x1d8 c:/devkitpro/devkitarm/bin/../lib/gcc/arm-none-eabi/10.2.0/../../../../arm-none-eabi/lib/thumb\libg.a(lib_a-gmtime_r.o)
                0x000000000201d8dc                gmtime_r
 .text.iswspace
                0x000000000201dab4       0x10 c:/devkitpro/devkitarm/bin/../lib/gcc/arm-none-eabi/10.2.0/../../../../arm-none-eabi/lib/thumb\libg.a(lib_a-iswspace.o)
                0x000000000201dab4                iswspace
 .text._localeconv_r
                0x000000000201dac4        0x8 c:/devkitpro/devkitarm/bin/../lib/gcc/arm-none-eabi/10.2.0/../../../../arm-none-eabi/lib/thumb\libg.a(lib_a-localeconv.o)
                0x000000000201dac4                _localeconv_r
 .text._mbsnrtowcs_r
                0x000000000201dacc       0xc0 c:/devkitpro/devkitarm/bin/../lib/gcc/arm-none-eabi/10.2.0/../../../../arm-none-eabi/lib/thumb\libg.a(lib_a-mbsnrtowcs.o)
                0x000000000201dacc                _mbsnrtowcs_r
 .text.memchr   0x000000000201db8c       0x78 c:/devkitpro/devkitarm/bin/../lib/gcc/arm-none-eabi/10.2.0/../../../../arm-none-eabi/lib/thumb\libg.a(lib_a-memchr-stub.o)
                0x000000000201db8c                memchr
 .text._Balloc  0x000000000201dc04       0x54 c:/devkitpro/devkitarm/bin/../lib/gcc/arm-none-eabi/10.2.0/../../../../arm-none-eabi/lib/thumb\libg.a(lib_a-mprec.o)
                0x000000000201dc04                _Balloc
 .text._Bfree   0x000000000201dc58       0x14 c:/devkitpro/devkitarm/bin/../lib/gcc/arm-none-eabi/10.2.0/../../../../arm-none-eabi/lib/thumb\libg.a(lib_a-mprec.o)
                0x000000000201dc58                _Bfree
 .text.__multadd
                0x000000000201dc6c       0xac c:/devkitpro/devkitarm/bin/../lib/gcc/arm-none-eabi/10.2.0/../../../../arm-none-eabi/lib/thumb\libg.a(lib_a-mprec.o)
                0x000000000201dc6c                __multadd
 .text.__hi0bits
                0x000000000201dd18       0x38 c:/devkitpro/devkitarm/bin/../lib/gcc/arm-none-eabi/10.2.0/../../../../arm-none-eabi/lib/thumb\libg.a(lib_a-mprec.o)
                0x000000000201dd18                __hi0bits
 .text.__lo0bits
                0x000000000201dd50       0x5c c:/devkitpro/devkitarm/bin/../lib/gcc/arm-none-eabi/10.2.0/../../../../arm-none-eabi/lib/thumb\libg.a(lib_a-mprec.o)
                0x000000000201dd50                __lo0bits
 .text.__i2b    0x000000000201ddac       0x64 c:/devkitpro/devkitarm/bin/../lib/gcc/arm-none-eabi/10.2.0/../../../../arm-none-eabi/lib/thumb\libg.a(lib_a-mprec.o)
                0x000000000201ddac                __i2b
 .text.__multiply
                0x000000000201de10      0x1a8 c:/devkitpro/devkitarm/bin/../lib/gcc/arm-none-eabi/10.2.0/../../../../arm-none-eabi/lib/thumb\libg.a(lib_a-mprec.o)
                0x000000000201de10                __multiply
 .text.__pow5mult
                0x000000000201dfb8       0xdc c:/devkitpro/devkitarm/bin/../lib/gcc/arm-none-eabi/10.2.0/../../../../arm-none-eabi/lib/thumb\libg.a(lib_a-mprec.o)
                0x000000000201dfb8                __pow5mult
 .text.__lshift
                0x000000000201e094      0x100 c:/devkitpro/devkitarm/bin/../lib/gcc/arm-none-eabi/10.2.0/../../../../arm-none-eabi/lib/thumb\libg.a(lib_a-mprec.o)
                0x000000000201e094                __lshift
 .text.__mcmp   0x000000000201e194       0x38 c:/devkitpro/devkitarm/bin/../lib/gcc/arm-none-eabi/10.2.0/../../../../arm-none-eabi/lib/thumb\libg.a(lib_a-mprec.o)
                0x000000000201e194                __mcmp
 .text.__mdiff  0x000000000201e1cc      0x190 c:/devkitpro/devkitarm/bin/../lib/gcc/arm-none-eabi/10.2.0/../../../../arm-none-eabi/lib/thumb\libg.a(lib_a-mprec.o)
                0x000000000201e1cc                __mdiff
 .text.__d2b    0x000000000201e35c       0xdc c:/devkitpro/devkitarm/bin/../lib/gcc/arm-none-eabi/10.2.0/../../../../arm-none-eabi/lib/thumb\libg.a(lib_a-mprec.o)
                0x000000000201e35c                __d2b
 .text.__sccl   0x000000000201e438       0x90 c:/devkitpro/devkitarm/bin/../lib/gcc/arm-none-eabi/10.2.0/../../../../arm-none-eabi/lib/thumb\libg.a(lib_a-sccl.o)
                0x000000000201e438                __sccl
 .text.frexp    0x000000000201e4c8       0x68 c:/devkitpro/devkitarm/bin/../lib/gcc/arm-none-eabi/10.2.0/../../../../arm-none-eabi/lib/thumb\libg.a(lib_a-s_frexp.o)
                0x000000000201e4c8                frexp
 .text._strtoll_l.constprop.0
                0x000000000201e530      0x1ac c:/devkitpro/devkitarm/bin/../lib/gcc/arm-none-eabi/10.2.0/../../../../arm-none-eabi/lib/thumb\libg.a(lib_a-strtoll.o)
 .text._strtoll_r
                0x000000000201e6dc        0xc c:/devkitpro/devkitarm/bin/../lib/gcc/arm-none-eabi/10.2.0/../../../../arm-none-eabi/lib/thumb\libg.a(lib_a-strtoll.o)
                0x000000000201e6dc                _strtoll_r
 .text._strtoull_l.constprop.0
                0x000000000201e6e8      0x1c8 c:/devkitpro/devkitarm/bin/../lib/gcc/arm-none-eabi/10.2.0/../../../../arm-none-eabi/lib/thumb\libg.a(lib_a-strtoull.o)
 .text._strtoull_r
                0x000000000201e8b0        0xc c:/devkitpro/devkitarm/bin/../lib/gcc/arm-none-eabi/10.2.0/../../../../arm-none-eabi/lib/thumb\libg.a(lib_a-strtoull.o)
                0x000000000201e8b0                _strtoull_r
 .text._strtoul_l.constprop.0
                0x000000000201e8bc      0x148 c:/devkitpro/devkitarm/bin/../lib/gcc/arm-none-eabi/10.2.0/../../../../arm-none-eabi/lib/thumb\libg.a(lib_a-strtoul.o)
 .text._strtoul_r
                0x000000000201ea04        0xc c:/devkitpro/devkitarm/bin/../lib/gcc/arm-none-eabi/10.2.0/../../../../arm-none-eabi/lib/thumb\libg.a(lib_a-strtoul.o)
                0x000000000201ea04                _strtoul_r
 .text.strtoul  0x000000000201ea10       0x1c c:/devkitpro/devkitarm/bin/../lib/gcc/arm-none-eabi/10.2.0/../../../../arm-none-eabi/lib/thumb\libg.a(lib_a-strtoul.o)
                0x000000000201ea10                strtoul
 .text.__ssprint_r
                0x000000000201ea2c      0x124 c:/devkitpro/devkitarm/bin/../lib/gcc/arm-none-eabi/10.2.0/../../../../arm-none-eabi/lib/thumb\libg.a(lib_a-svfiprintf.o)
                0x000000000201ea2c                __ssprint_r
 .text.towctrans
                0x000000000201eb50       0x28 c:/devkitpro/devkitarm/bin/../lib/gcc/arm-none-eabi/10.2.0/../../../../arm-none-eabi/lib/thumb\libg.a(lib_a-towctrans.o)
                0x000000000201eb50                towctrans
 .text._wcsnrtombs_l
                0x000000000201eb78      0x138 c:/devkitpro/devkitarm/bin/../lib/gcc/arm-none-eabi/10.2.0/../../../../arm-none-eabi/lib/thumb\libg.a(lib_a-wcsnrtombs.o)
                0x000000000201eb78                _wcsnrtombs_l
 .text._wcsnrtombs_r
                0x000000000201ecb0       0x30 c:/devkitpro/devkitarm/bin/../lib/gcc/arm-none-eabi/10.2.0/../../../../arm-none-eabi/lib/thumb\libg.a(lib_a-wcsnrtombs.o)
                0x000000000201ecb0                _wcsnrtombs_r
 .text.__assert_func
                0x000000000201ece0       0x40 c:/devkitpro/devkitarm/bin/../lib/gcc/arm-none-eabi/10.2.0/../../../../arm-none-eabi/lib/thumb\libg.a(lib_a-assert.o)
                0x000000000201ece0                __assert_func
 .text.__env_lock
                0x000000000201ed20       0x14 c:/devkitpro/devkitarm/bin/../lib/gcc/arm-none-eabi/10.2.0/../../../../arm-none-eabi/lib/thumb\libg.a(lib_a-envlock.o)
                0x000000000201ed20                __env_lock
 .text.__env_unlock
                0x000000000201ed34       0x14 c:/devkitpro/devkitarm/bin/../lib/gcc/arm-none-eabi/10.2.0/../../../../arm-none-eabi/lib/thumb\libg.a(lib_a-envlock.o)
                0x000000000201ed34                __env_unlock
 .text.fiprintf
                0x000000000201ed48       0x28 c:/devkitpro/devkitarm/bin/../lib/gcc/arm-none-eabi/10.2.0/../../../../arm-none-eabi/lib/thumb\libg.a(lib_a-fiprintf.o)
                0x000000000201ed48                fiprintf
 .text.iswspace_l
                0x000000000201ed70       0x2c c:/devkitpro/devkitarm/bin/../lib/gcc/arm-none-eabi/10.2.0/../../../../arm-none-eabi/lib/thumb\libg.a(lib_a-iswspace_l.o)
                0x000000000201ed70                iswspace_l
 .text.__jp2uc  0x000000000201ed9c      0x164 c:/devkitpro/devkitarm/bin/../lib/gcc/arm-none-eabi/10.2.0/../../../../arm-none-eabi/lib/thumb\libg.a(lib_a-jp2uc.o)
 .text._jp2uc_l
                0x000000000201ef00       0x6c c:/devkitpro/devkitarm/bin/../lib/gcc/arm-none-eabi/10.2.0/../../../../arm-none-eabi/lib/thumb\libg.a(lib_a-jp2uc.o)
                0x000000000201ef00                _jp2uc_l
 .text._uc2jp_l
                0x000000000201ef6c       0x4c c:/devkitpro/devkitarm/bin/../lib/gcc/arm-none-eabi/10.2.0/../../../../arm-none-eabi/lib/thumb\libg.a(lib_a-jp2uc.o)
                0x000000000201ef6c                _uc2jp_l
 .text.towctrans_l
                0x000000000201efb8      0x1b4 c:/devkitpro/devkitarm/bin/../lib/gcc/arm-none-eabi/10.2.0/../../../../arm-none-eabi/lib/thumb\libg.a(lib_a-towctrans_l.o)
                0x000000000201efb8                towctrans_l
 .text.abort    0x000000000201f16c       0x10 c:/devkitpro/devkitarm/bin/../lib/gcc/arm-none-eabi/10.2.0/../../../../arm-none-eabi/lib/thumb\libg.a(lib_a-abort.o)
                0x000000000201f16c                abort
 .text.category
                0x000000000201f17c       0x54 c:/devkitpro/devkitarm/bin/../lib/gcc/arm-none-eabi/10.2.0/../../../../arm-none-eabi/lib/thumb\libg.a(lib_a-categories.o)
                0x000000000201f17c                category
 .text._raise_r
                0x000000000201f1d0       0x64 c:/devkitpro/devkitarm/bin/../lib/gcc/arm-none-eabi/10.2.0/../../../../arm-none-eabi/lib/thumb\libg.a(lib_a-signal.o)
                0x000000000201f1d0                _raise_r
 .text.raise    0x000000000201f234       0x14 c:/devkitpro/devkitarm/bin/../lib/gcc/arm-none-eabi/10.2.0/../../../../arm-none-eabi/lib/thumb\libg.a(lib_a-signal.o)
                0x000000000201f234                raise
 .text.null_write
                0x000000000201f248        0x4 c:/devkitpro/devkitarm/bin/../lib/gcc/arm-none-eabi/10.2.0/../../../../arm-none-eabi/lib/thumb\libsysbase.a(iosupport.o)
 .text.setDefaultDevice
                0x000000000201f24c       0x10 c:/devkitpro/devkitarm/bin/../lib/gcc/arm-none-eabi/10.2.0/../../../../arm-none-eabi/lib/thumb\libsysbase.a(iosupport.o)
                0x000000000201f24c                setDefaultDevice
 .text.FindDevice
                0x000000000201f25c       0x98 c:/devkitpro/devkitarm/bin/../lib/gcc/arm-none-eabi/10.2.0/../../../../arm-none-eabi/lib/thumb\libsysbase.a(iosupport.o)
                0x000000000201f25c                FindDevice
 .text.AddDevice
                0x000000000201f2f4       0x78 c:/devkitpro/devkitarm/bin/../lib/gcc/arm-none-eabi/10.2.0/../../../../arm-none-eabi/lib/thumb\libsysbase.a(iosupport.o)
                0x000000000201f2f4                AddDevice
 .text.GetDeviceOpTab
                0x000000000201f36c       0x20 c:/devkitpro/devkitarm/bin/../lib/gcc/arm-none-eabi/10.2.0/../../../../arm-none-eabi/lib/thumb\libsysbase.a(iosupport.o)
                0x000000000201f36c                GetDeviceOpTab
 .text._fstat_r
                0x000000000201f38c       0x4c c:/devkitpro/devkitarm/bin/../lib/gcc/arm-none-eabi/10.2.0/../../../../arm-none-eabi/lib/thumb\libsysbase.a(fstat.o)
                0x000000000201f38c                _fstat_r
 .text._getpid_r
                0x000000000201f3d8        0xc c:/devkitpro/devkitarm/bin/../lib/gcc/arm-none-eabi/10.2.0/../../../../arm-none-eabi/lib/thumb\libsysbase.a(getpid.o)
                0x000000000201f3d8                _getpid_r
 .text._gettimeofday_r
                0x000000000201f3e4       0x28 c:/devkitpro/devkitarm/bin/../lib/gcc/arm-none-eabi/10.2.0/../../../../arm-none-eabi/lib/thumb\libsysbase.a(gettod.o)
                0x000000000201f3e4                _gettimeofday_r
 .text._isatty_r
                0x000000000201f40c        0x4 c:/devkitpro/devkitarm/bin/../lib/gcc/arm-none-eabi/10.2.0/../../../../arm-none-eabi/lib/thumb\libsysbase.a(isatty.o)
                0x000000000201f40c                _isatty_r
 .text._kill_r  0x000000000201f410        0xc c:/devkitpro/devkitarm/bin/../lib/gcc/arm-none-eabi/10.2.0/../../../../arm-none-eabi/lib/thumb\libsysbase.a(kill.o)
                0x000000000201f410                _kill_r
 .text._lseek_r
                0x000000000201f41c       0x5c c:/devkitpro/devkitarm/bin/../lib/gcc/arm-none-eabi/10.2.0/../../../../arm-none-eabi/lib/thumb\libsysbase.a(lseek.o)
                0x000000000201f41c                _lseek_r
 .text._open_r  0x000000000201f478       0x9c c:/devkitpro/devkitarm/bin/../lib/gcc/arm-none-eabi/10.2.0/../../../../arm-none-eabi/lib/thumb\libsysbase.a(open.o)
                0x000000000201f478                _open_r
 .text._read_r  0x000000000201f514       0x50 c:/devkitpro/devkitarm/bin/../lib/gcc/arm-none-eabi/10.2.0/../../../../arm-none-eabi/lib/thumb\libsysbase.a(read.o)
                0x000000000201f514                _read_r
 .text._sbrk_r  0x000000000201f564       0x54 c:/devkitpro/devkitarm/bin/../lib/gcc/arm-none-eabi/10.2.0/../../../../arm-none-eabi/lib/thumb\libsysbase.a(sbrk.o)
                0x000000000201f564                _sbrk_r
 .text._write_r
                0x000000000201f5b8       0x50 c:/devkitpro/devkitarm/bin/../lib/gcc/arm-none-eabi/10.2.0/../../../../arm-none-eabi/lib/thumb\libsysbase.a(write.o)
                0x000000000201f5b8                _write_r
 .text._exit    0x000000000201f608       0x18 c:/devkitpro/devkitarm/bin/../lib/gcc/arm-none-eabi/10.2.0/../../../../arm-none-eabi/lib/thumb\libsysbase.a(_exit.o)
                0x000000000201f608                _exit
 .text._concatenate_path
                0x000000000201f620      0x128 c:/devkitpro/devkitarm/bin/../lib/gcc/arm-none-eabi/10.2.0/../../../../arm-none-eabi/lib/thumb\libsysbase.a(chdir.o)
                0x000000000201f620                _concatenate_path
 .text.chdir    0x000000000201f748       0xec c:/devkitpro/devkitarm/bin/../lib/gcc/arm-none-eabi/10.2.0/../../../../arm-none-eabi/lib/thumb\libsysbase.a(chdir.o)
                0x000000000201f748                chdir
 .text.build_argv
                0x000000000201f834       0x4c c:/devkitpro/devkitarm/bin/../lib/gcc/arm-none-eabi/10.2.0/../../../../arm-none-eabi/lib/thumb\libsysbase.a(build_argv.o)
                0x000000000201f834                build_argv
 .text.__flockfile
                0x000000000201f880       0x10 c:/devkitpro/devkitarm/bin/../lib/gcc/arm-none-eabi/10.2.0/../../../../arm-none-eabi/lib/thumb\libsysbase.a(flock.o)
                0x000000000201f880                __flockfile
 .text.__funlockfile
                0x000000000201f890       0x10 c:/devkitpro/devkitarm/bin/../lib/gcc/arm-none-eabi/10.2.0/../../../../arm-none-eabi/lib/thumb\libsysbase.a(flock.o)
                0x000000000201f890                __funlockfile
 .text.__libc_lock_acquire
                0x000000000201f8a0       0x1c c:/devkitpro/devkitarm/bin/../lib/gcc/arm-none-eabi/10.2.0/../../../../arm-none-eabi/lib/thumb\libsysbase.a(syscall_support.o)
                0x000000000201f8a0                __libc_lock_acquire
 .text.__libc_lock_release
                0x000000000201f8bc       0x1c c:/devkitpro/devkitarm/bin/../lib/gcc/arm-none-eabi/10.2.0/../../../../arm-none-eabi/lib/thumb\libsysbase.a(syscall_support.o)
                0x000000000201f8bc                __libc_lock_release
 .text.__libc_lock_init_recursive
                0x000000000201f8d8       0x1c c:/devkitpro/devkitarm/bin/../lib/gcc/arm-none-eabi/10.2.0/../../../../arm-none-eabi/lib/thumb\libsysbase.a(syscall_support.o)
                0x000000000201f8d8                __libc_lock_init_recursive
 .text.__libc_lock_acquire_recursive
                0x000000000201f8f4       0x1c c:/devkitpro/devkitarm/bin/../lib/gcc/arm-none-eabi/10.2.0/../../../../arm-none-eabi/lib/thumb\libsysbase.a(syscall_support.o)
                0x000000000201f8f4                __libc_lock_acquire_recursive
 .text.__libc_lock_release_recursive
                0x000000000201f910       0x1c c:/devkitpro/devkitarm/bin/../lib/gcc/arm-none-eabi/10.2.0/../../../../arm-none-eabi/lib/thumb\libsysbase.a(syscall_support.o)
                0x000000000201f910                __libc_lock_release_recursive
 .text.__libc_lock_close_recursive
                0x000000000201f92c       0x1c c:/devkitpro/devkitarm/bin/../lib/gcc/arm-none-eabi/10.2.0/../../../../arm-none-eabi/lib/thumb\libsysbase.a(syscall_support.o)
                0x000000000201f92c                __libc_lock_close_recursive
 .text.__release_handle
                0x000000000201f948       0x68 c:/devkitpro/devkitarm/bin/../lib/gcc/arm-none-eabi/10.2.0/../../../../arm-none-eabi/lib/thumb\libsysbase.a(handle_manager.o)
                0x000000000201f948                __release_handle
 .text.__alloc_handle
                0x000000000201f9b0       0x80 c:/devkitpro/devkitarm/bin/../lib/gcc/arm-none-eabi/10.2.0/../../../../arm-none-eabi/lib/thumb\libsysbase.a(handle_manager.o)
                0x000000000201f9b0                __alloc_handle
 .text.__get_handle
                0x000000000201fa30       0x34 c:/devkitpro/devkitarm/bin/../lib/gcc/arm-none-eabi/10.2.0/../../../../arm-none-eabi/lib/thumb\libsysbase.a(handle_manager.o)
                0x000000000201fa30                __get_handle
 .text._close_r
                0x000000000201fa64       0xb8 c:/devkitpro/devkitarm/bin/../lib/gcc/arm-none-eabi/10.2.0/../../../../arm-none-eabi/lib/thumb\libsysbase.a(handle_manager.o)
                0x000000000201fa64                _close_r
 .text.__getreent
                0x000000000201fb1c       0x28 c:/devkitpro/devkitarm/bin/../lib/gcc/arm-none-eabi/10.2.0/../../../../arm-none-eabi/lib/thumb\libsysbase.a(getreent.o)
                0x000000000201fb1c                __getreent
 *fill*         0x000000000201fb44        0x4 ff
 .text.__getreent.__stub
                0x000000000201fb48      0x150 linker stubs
 *(EXCLUDE_FILE(*.twl*) .gnu.warning)
 *(EXCLUDE_FILE(*.twl*) .gnu.linkonce.t*)
 *(.glue_7)
 .glue_7        0x000000000201fca8        0x0 linker stubs
 *(.glue_7t)
 .glue_7t       0x000000000201fca8        0x0 linker stubs
                0x000000000201fca8                . = ALIGN (0x4)

.vfp11_veneer   0x000000000201fca8        0x0
 .vfp11_veneer  0x000000000201fca8        0x0 linker stubs

.v4_bx          0x000000000201fca8        0x0
 .v4_bx         0x000000000201fca8        0x0 linker stubs

.iplt           0x000000000201fca8        0x0
 .iplt          0x000000000201fca8        0x0 c:/devkitpro/devkitarm/bin/../lib/gcc/arm-none-eabi/10.2.0/../../../../arm-none-eabi/lib/thumb/ds_arm9_crt0.o

.fini           0x000000000201fca8        0xc
 *(.fini)
 .fini          0x000000000201fca8        0x4 c:/devkitpro/devkitarm/bin/../lib/gcc/arm-none-eabi/10.2.0/thumb/crti.o
                0x000000000201fca8                _fini
 .fini          0x000000000201fcac        0x8 c:/devkitpro/devkitarm/bin/../lib/gcc/arm-none-eabi/10.2.0/thumb/crtn.o
                0x000000000201fcb4                __text_end = .

.rodata         0x000000000201fcc0   0x1513f8
 *(EXCLUDE_FILE(*.twl*) .rodata)
 *all.rodata*(*)
 *(EXCLUDE_FILE(*.twl*) .roda)
 *(EXCLUDE_FILE(*.twl*) .rodata.*)
 .rodata.soundbank_bin
                0x000000000201fcc0   0x147d40 soundbank.bin.o
                0x000000000201fcc0                soundbank_bin
                0x0000000002167a00                soundbank_bin_end
 .rodata.str1.4
                0x0000000002167a00       0xc5 main.o
 *fill*         0x0000000002167ac5        0x3 ff
 .rodata.str1.4
                0x0000000002167ac8       0x4e nitrofs.o
 *fill*         0x0000000002167b16        0x2 ff
 .rodata.fatMount.part.0.str1.4
                0x0000000002167b18        0x2 C:/devkitPro/libnds/lib\libfat.a(libfat.o)
 *fill*         0x0000000002167b1a        0x2 ff
 .rodata.fatInit.str1.4
                0x0000000002167b1c        0x3 C:/devkitPro/libnds/lib\libfat.a(libfat.o)
 *fill*         0x0000000002167b1f        0x1 ff
 .rodata.str1.4
                0x0000000002167b20        0x4 C:/devkitPro/libnds/lib\libfat.a(libfat.o)
 .rodata.dotab_fat
                0x0000000002167b24       0x70 C:/devkitPro/libnds/lib\libfat.a(libfat.o)
 .rodata.str1.4
                0x0000000002167b94        0x3 C:/devkitPro/libnds/lib\libfat.a(disc.o)
                                          0x8 (size before relaxing)
 *fill*         0x0000000002167b97        0x1 ff
 .rodata._FAT_disc_interfaces
                0x0000000002167b98       0x18 C:/devkitPro/libnds/lib\libfat.a(disc.o)
                0x0000000002167b98                _FAT_disc_interfaces
 .rodata._FAT_directory_entryFromPath.str1.4
                0x0000000002167bb0        0x7 C:/devkitPro/libnds/lib\libfat.a(directory.o)
 .rodata.ILLEGAL_ALIAS_CHARACTERS
                0x0000000002167bb0       0x12 C:/devkitPro/libnds/lib\libfat.a(directory.o)
 *fill*         0x0000000002167bc2        0x2 ff
 .rodata.ILLEGAL_LFN_CHARACTERS
                0x0000000002167bc4        0xa C:/devkitPro/libnds/lib\libfat.a(directory.o)
 *fill*         0x0000000002167bce        0x2 ff
 .rodata.LFN_offset_table
                0x0000000002167bd0       0x34 C:/devkitPro/libnds/lib\libfat.a(directory.o)
 .rodata.FAT_SIG
                0x0000000002167c04        0x3 C:/devkitPro/libnds/lib\libfat.a(partition.o)
 *fill*         0x0000000002167c07        0x1 ff
 .rodata.FS_TWL_SIG
                0x0000000002167c08        0x8 C:/devkitPro/libnds/lib\libfat.a(partition.o)
 .rodata.con_write.str1.4
                0x0000000002167c10       0x30 C:/devkitPro/libnds/lib\libnds9.a(console.o)
 .rodata.con_write
                0x0000000002167c40       0xd4 C:/devkitPro/libnds/lib\libnds9.a(console.o)
 .rodata.str1.4
                0x0000000002167d14       0x14 C:/devkitPro/libnds/lib\libnds9.a(console.o)
 .rodata.dotab_stdout
                0x0000000002167d28       0x70 C:/devkitPro/libnds/lib\libnds9.a(console.o)
 .rodata.SIN_LUT
                0x0000000002167d98      0x102 C:/devkitPro/libnds/lib\libnds9.a(trig.o)
                0x0000000002167d98                SIN_LUT
 *fill*         0x0000000002167e9a        0x2 ff
 .rodata.TAN_LUT
                0x0000000002167e9c      0x204 C:/devkitPro/libnds/lib\libnds9.a(trig.o)
                0x0000000002167e9c                TAN_LUT
 .rodata.default_font_bin
                0x00000000021680a0     0x2000 C:/devkitPro/libnds/lib\libnds9.a(default_font.bin.o)
                0x00000000021680a0                default_font_bin
                0x000000000216a0a0                default_font_bin_end
 .rodata.npio2_hw
                0x000000000216a0a0       0x80 c:/devkitpro/devkitarm/bin/../lib/gcc/arm-none-eabi/10.2.0/../../../../arm-none-eabi/lib/thumb\libm.a(lib_a-e_rem_pio2.o)
 .rodata.two_over_pi
                0x000000000216a120      0x108 c:/devkitpro/devkitarm/bin/../lib/gcc/arm-none-eabi/10.2.0/../../../../arm-none-eabi/lib/thumb\libm.a(lib_a-e_rem_pio2.o)
 .rodata.PIo2   0x000000000216a228       0x40 c:/devkitpro/devkitarm/bin/../lib/gcc/arm-none-eabi/10.2.0/../../../../arm-none-eabi/lib/thumb\libm.a(lib_a-k_rem_pio2.o)
 .rodata.init_jk
                0x000000000216a268       0x10 c:/devkitpro/devkitarm/bin/../lib/gcc/arm-none-eabi/10.2.0/../../../../arm-none-eabi/lib/thumb\libm.a(lib_a-k_rem_pio2.o)
 .rodata._ctype_
                0x000000000216a278      0x101 c:/devkitpro/devkitarm/bin/../lib/gcc/arm-none-eabi/10.2.0/../../../../arm-none-eabi/lib/thumb\libg.a(lib_a-ctype_.o)
                0x000000000216a278                _ctype_
 *fill*         0x000000000216a379        0x3 ff
 .rodata._global_impure_ptr
                0x000000000216a37c        0x4 c:/devkitpro/devkitarm/bin/../lib/gcc/arm-none-eabi/10.2.0/../../../../arm-none-eabi/lib/thumb\libg.a(lib_a-impure.o)
                0x000000000216a37c                _global_impure_ptr
 .rodata.str1.4
                0x000000000216a380       0x44 c:/devkitpro/devkitarm/bin/../lib/gcc/arm-none-eabi/10.2.0/../../../../arm-none-eabi/lib/thumb\libg.a(lib_a-locale.o)
                                         0x4c (size before relaxing)
 .rodata._mbrtowc_r.str1.4
                0x000000000216a3c4        0x1 c:/devkitpro/devkitarm/bin/../lib/gcc/arm-none-eabi/10.2.0/../../../../arm-none-eabi/lib/thumb\libg.a(lib_a-mbrtowc.o)
 .rodata.DAYS_IN_MONTH
                0x000000000216a3c4       0x30 c:/devkitpro/devkitarm/bin/../lib/gcc/arm-none-eabi/10.2.0/../../../../arm-none-eabi/lib/thumb\libg.a(lib_a-mktime.o)
 .rodata._DAYS_BEFORE_MONTH
                0x000000000216a3f4       0x30 c:/devkitpro/devkitarm/bin/../lib/gcc/arm-none-eabi/10.2.0/../../../../arm-none-eabi/lib/thumb\libg.a(lib_a-mktime.o)
 .rodata.__month_lengths
                0x000000000216a424       0x60 c:/devkitpro/devkitarm/bin/../lib/gcc/arm-none-eabi/10.2.0/../../../../arm-none-eabi/lib/thumb\libg.a(lib_a-month_lengths.o)
                0x000000000216a424                __month_lengths
 .rodata.basefix.0
                0x000000000216a484       0x22 c:/devkitpro/devkitarm/bin/../lib/gcc/arm-none-eabi/10.2.0/../../../../arm-none-eabi/lib/thumb\libg.a(lib_a-svfiscanf.o)
 .rodata._svfprintf_r.str1.1
                0x000000000216a4a6       0x3b c:/devkitpro/devkitarm/bin/../lib/gcc/arm-none-eabi/10.2.0/../../../../arm-none-eabi/lib/thumb\libg.a(lib_a-svfprintf.o)
 *fill*         0x000000000216a4e1        0x3 ff
 .rodata.blanks.1
                0x000000000216a4e4       0x10 c:/devkitpro/devkitarm/bin/../lib/gcc/arm-none-eabi/10.2.0/../../../../arm-none-eabi/lib/thumb\libg.a(lib_a-svfprintf.o)
 .rodata.zeroes.0
                0x000000000216a4f4       0x10 c:/devkitpro/devkitarm/bin/../lib/gcc/arm-none-eabi/10.2.0/../../../../arm-none-eabi/lib/thumb\libg.a(lib_a-svfprintf.o)
 .rodata._tzset_unlocked_r.str1.4
                0x000000000216a504       0x53 c:/devkitpro/devkitarm/bin/../lib/gcc/arm-none-eabi/10.2.0/../../../../arm-none-eabi/lib/thumb\libg.a(lib_a-tzset_r.o)
 .rodata.str1.4
                0x000000000216a557        0x4 c:/devkitpro/devkitarm/bin/../lib/gcc/arm-none-eabi/10.2.0/../../../../arm-none-eabi/lib/thumb\libg.a(lib_a-tzvars.o)
 .rodata._vfiprintf_r.str1.1
                0x000000000216a557       0x29 c:/devkitpro/devkitarm/bin/../lib/gcc/arm-none-eabi/10.2.0/../../../../arm-none-eabi/lib/thumb\libg.a(lib_a-vfiprintf.o)
 *fill*         0x000000000216a557        0x1 ff
 .rodata.blanks.1
                0x000000000216a558       0x10 c:/devkitpro/devkitarm/bin/../lib/gcc/arm-none-eabi/10.2.0/../../../../arm-none-eabi/lib/thumb\libg.a(lib_a-vfiprintf.o)
 .rodata.zeroes.0
                0x000000000216a568       0x10 c:/devkitpro/devkitarm/bin/../lib/gcc/arm-none-eabi/10.2.0/../../../../arm-none-eabi/lib/thumb\libg.a(lib_a-vfiprintf.o)
 .rodata._vfprintf_r.str1.1
                0x000000000216a578       0x3b c:/devkitpro/devkitarm/bin/../lib/gcc/arm-none-eabi/10.2.0/../../../../arm-none-eabi/lib/thumb\libg.a(lib_a-vfprintf.o)
 .rodata.blanks.1
                0x000000000216a578       0x10 c:/devkitpro/devkitarm/bin/../lib/gcc/arm-none-eabi/10.2.0/../../../../arm-none-eabi/lib/thumb\libg.a(lib_a-vfprintf.o)
 .rodata.zeroes.0
                0x000000000216a588       0x10 c:/devkitpro/devkitarm/bin/../lib/gcc/arm-none-eabi/10.2.0/../../../../arm-none-eabi/lib/thumb\libg.a(lib_a-vfprintf.o)
 .rodata._dtoa_r.str1.4
                0x000000000216a598       0x64 c:/devkitpro/devkitarm/bin/../lib/gcc/arm-none-eabi/10.2.0/../../../../arm-none-eabi/lib/thumb\libg.a(lib_a-dtoa.o)
 .rodata.__multadd.str1.4
                0x000000000216a5fc       0x3d c:/devkitpro/devkitarm/bin/../lib/gcc/arm-none-eabi/10.2.0/../../../../arm-none-eabi/lib/thumb\libg.a(lib_a-mprec.o)
                                         0x51 (size before relaxing)
 *fill*         0x000000000216a639        0x7 ff
 .rodata.__mprec_bigtens
                0x000000000216a640       0x28 c:/devkitpro/devkitarm/bin/../lib/gcc/arm-none-eabi/10.2.0/../../../../arm-none-eabi/lib/thumb\libg.a(lib_a-mprec.o)
                0x000000000216a640                __mprec_bigtens
 .rodata.__mprec_tens
                0x000000000216a668       0xc8 c:/devkitpro/devkitarm/bin/../lib/gcc/arm-none-eabi/10.2.0/../../../../arm-none-eabi/lib/thumb\libg.a(lib_a-mprec.o)
                0x000000000216a668                __mprec_tens
 .rodata.p05.0  0x000000000216a730        0xc c:/devkitpro/devkitarm/bin/../lib/gcc/arm-none-eabi/10.2.0/../../../../arm-none-eabi/lib/thumb\libg.a(lib_a-mprec.o)
 .rodata.__action_table
                0x000000000216a73c       0x6c c:/devkitpro/devkitarm/bin/../lib/gcc/arm-none-eabi/10.2.0/../../../../arm-none-eabi/lib/thumb\libg.a(lib_a-svfiprintf.o)
                0x000000000216a73c                __action_table
 .rodata.__chclass
                0x000000000216a7a8      0x100 c:/devkitpro/devkitarm/bin/../lib/gcc/arm-none-eabi/10.2.0/../../../../arm-none-eabi/lib/thumb\libg.a(lib_a-svfiprintf.o)
                0x000000000216a7a8                __chclass
 .rodata.__state_table
                0x000000000216a8a8       0x6c c:/devkitpro/devkitarm/bin/../lib/gcc/arm-none-eabi/10.2.0/../../../../arm-none-eabi/lib/thumb\libg.a(lib_a-svfiprintf.o)
                0x000000000216a8a8                __state_table
 .rodata.__assert_func.str1.4
                0x000000000216a914       0x3f c:/devkitpro/devkitarm/bin/../lib/gcc/arm-none-eabi/10.2.0/../../../../arm-none-eabi/lib/thumb\libg.a(lib_a-assert.o)
                                         0x43 (size before relaxing)
 *fill*         0x000000000216a953        0x1 ff
 .rodata.__jp2uc