Archive member included to satisfy reference by file (symbol)

C:/devkitPro/libnds/lib\libmm9.a(mm_comms.o)
                              main.o (mmEffectEx)
C:/devkitPro/libnds/lib\libmm9.a(mm_memory.o)
                              main.o (mmLoad)
C:/devkitPro/libnds/lib\libmm9.a(mm_main9.o)
                              C:/devkitPro/libnds/lib\libmm9.a(mm_memory.o) (mmcbMemory)
C:/devkitPro/libnds/lib\libmm9.a(mm_soundbank.o)
                              C:/devkitPro/libnds/lib\libmm9.a(mm_main9.o) (mmSoundBankInMemory)
C:/devkitPro/libnds/lib\libmm9.a(mm_flusher.o)
                              C:/devkitPro/libnds/lib\libmm9.a(mm_memory.o) (mmFlushBank)
C:/Users/TheMiningBoy/Documents/Roblox_DS/Game/nflib/lib\libnflib.a(nf_basic.o)
                              main.o (NF_GetLanguage)
C:/devkitPro/libnds/lib\libfat.a(libfat.o)
                              main.o (fatInitDefault)
C:/devkitPro/libnds/lib\libfat.a(disc.o)
                              C:/devkitPro/libnds/lib\libfat.a(libfat.o) (_FAT_disc_interfaces)
C:/devkitPro/libnds/lib\libfat.a(fatfile.o)
                              C:/devkitPro/libnds/lib\libfat.a(libfat.o) (_FAT_open_r)
C:/devkitPro/libnds/lib\libfat.a(cache.o)
                              C:/devkitPro/libnds/lib\libfat.a(fatfile.o) (_FAT_cache_readSectors)
C:/devkitPro/libnds/lib\libfat.a(fatdir.o)
                              C:/devkitPro/libnds/lib\libfat.a(libfat.o) (_FAT_stat_r)
C:/devkitPro/libnds/lib\libfat.a(directory.o)
                              C:/devkitPro/libnds/lib\libfat.a(fatfile.o) (_FAT_directory_entryGetCluster)
C:/devkitPro/libnds/lib\libfat.a(partition.o)
                              C:/devkitPro/libnds/lib\libfat.a(libfat.o) (_FAT_partition_destructor)
C:/devkitPro/libnds/lib\libfat.a(lock.o)
                              C:/devkitPro/libnds/lib\libfat.a(partition.o) (_FAT_lock_init)
C:/devkitPro/libnds/lib\libfat.a(filetime.o)
                              C:/devkitPro/libnds/lib\libfat.a(fatfile.o) (_FAT_filetime_getTimeFromRTC)
C:/devkitPro/libnds/lib\libfat.a(file_allocation_table.o)
                              C:/devkitPro/libnds/lib\libfat.a(fatfile.o) (_FAT_fat_nextCluster)
C:/devkitPro/libnds/lib\libnds9.a(video.o)
                              C:/Users/TheMiningBoy/Documents/Roblox_DS/Game/nflib/lib\libnflib.a(nf_basic.o) (setBrightness)
C:/devkitPro/libnds/lib\libnds9.a(touch.o)
                              main.o (touchRead)
C:/devkitPro/libnds/lib\libnds9.a(boxtest.o)
                              main.o (BoxTest)
C:/devkitPro/libnds/lib\libnds9.a(console.o)
                              main.o (consoleDemoInit)
C:/devkitPro/libnds/lib\libnds9.a(trig.o)
                              main.o (sinLerp)
C:/devkitPro/libnds/lib\libnds9.a(videoGL.o)
                              main.o (glInit_C)
C:/devkitPro/libnds/lib\libnds9.a(keys.o)
                              main.o (scanKeys)
C:/devkitPro/libnds/lib\libnds9.a(dldi.o)
                              C:/devkitPro/libnds/lib\libfat.a(disc.o) (dldiGetInternal)
C:/devkitPro/libnds/lib\libnds9.a(initSystem.o)
                              c:/devkitpro/devkitarm/bin/../lib/gcc/arm-none-eabi/10.2.0/../../../../arm-none-eabi/lib/thumb/ds_arm9_crt0.o (initSystem)
C:/devkitPro/libnds/lib\libnds9.a(timeSupport.o)
                              C:/devkitPro/libnds/lib\libnds9.a(initSystem.o) (__libnds_gtod)
C:/devkitPro/libnds/lib\libnds9.a(securearea.o)
                              c:/devkitpro/devkitarm/bin/../lib/gcc/arm-none-eabi/10.2.0/../../../../arm-none-eabi/lib/thumb/ds_arm9_crt0.o (__secure_area__)
C:/devkitPro/libnds/lib\libnds9.a(interrupts.o)
                              C:/devkitPro/libnds/lib\libnds9.a(initSystem.o) (irqInit)
C:/devkitPro/libnds/lib\libnds9.a(libnds_exit.arm.o)
                              c:/devkitpro/devkitarm/bin/../lib/gcc/arm-none-eabi/10.2.0/../../../../arm-none-eabi/lib/thumb/ds_arm9_crt0.o (__libnds_exit)
C:/devkitPro/libnds/lib\libnds9.a(fifosystem.o)
                              C:/devkitPro/libnds/lib\libmm9.a(mm_comms.o) (fifoSetValue32Handler)
C:/devkitPro/libnds/lib\libnds9.a(dcache.o)
                              C:/Users/TheMiningBoy/Documents/Roblox_DS/Game/nflib/lib\libnflib.a(nf_basic.o) (DC_FlushRange)
C:/devkitPro/libnds/lib\libnds9.a(dldi_stub.o)
                              C:/devkitPro/libnds/lib\libnds9.a(dldi.o) (_io_dldi_stub)
C:/devkitPro/libnds/lib\libnds9.a(mpu_setup.o)
                              c:/devkitpro/devkitarm/bin/../lib/gcc/arm-none-eabi/10.2.0/../../../../arm-none-eabi/lib/thumb/ds_arm9_crt0.o (__libnds_mpu_setup)
C:/devkitPro/libnds/lib\libnds9.a(IntrWait.o)
                              main.o (swiWaitForVBlank)
C:/devkitPro/libnds/lib\libnds9.a(cpu_clock.o)
                              C:/devkitPro/libnds/lib\libnds9.a(initSystem.o) (setCpuClock)
C:/devkitPro/libnds/lib\libnds9.a(interruptDispatcher.o)
                              C:/devkitPro/libnds/lib\libnds9.a(interrupts.o) (IntrMain)
[...]
Memory Configuration

Name             Origin             Length             Attributes
ewram            0x0000000002000000 0x0000000000380000
dtcm             0x0000000002ff0000 0x0000000000004000
vectors          0x0000000001000000 0x0000000000000100
itcm             0x0000000001000100 0x0000000000007f00
*default*        0x0000000000000000 0xffffffffffffffff

Linker script and memory map

                0x0000000002380000                __ewram_end = (ORIGIN (ewram) + LENGTH (ewram))
                0x0000000002380000                __eheap_end = (ORIGIN (ewram) + LENGTH (ewram))
                0x0000000002ff4000                __dtcm_top = (ORIGIN (dtcm) + LENGTH (dtcm))
                0x0000000002ff3ff8                __irq_flags = (__dtcm_top - 0x8)
                0x0000000002ff3ffc                __irq_vector = (__dtcm_top - 0x4)
                0x0000000002ff3f00                __sp_svc = (__dtcm_top - 0x100)
                0x0000000002ff3e00                __sp_irq = (__sp_svc - 0x100)
                0x0000000002ff3d00                __sp_usr = (__sp_irq - 0x100)

.secure         0x0000000002000000      0x800
 *(.secure)
 .secure        0x0000000002000000      0x800 C:/devkitPro/libnds/lib\libnds9.a(securearea.o)
                0x0000000002000000                __secure_area__

.crt0           0x0000000002000800      0x300
                0x0000000002000800                __text_start = .
 *(.crt0)
 .crt0          0x0000000002000800      0x300 c:/devkitpro/devkitarm/bin/../lib/gcc/arm-none-eabi/10.2.0/../../../../arm-none-eabi/lib/thumb/ds_arm9_crt0.o
                0x0000000002000800                _start
                0x0000000002000b00                . = ALIGN (0x4)

.plt
 *(.plt)

.init           0x0000000002000b00        0xc
 *(SORT_NONE(.init))
 .init          0x0000000002000b00        0x4 c:/devkitpro/devkitarm/bin/../lib/gcc/arm-none-eabi/10.2.0/thumb/crti.o
                0x0000000002000b00                _init
 .init          0x0000000002000b04        0x8 c:/devkitpro/devkitarm/bin/../lib/gcc/arm-none-eabi/10.2.0/thumb/crtn.o

.text           0x0000000002000b40    0x1f6f8
 *(EXCLUDE_FILE(*.twl* *.vectors* *.itcm*) .text)
 .text          0x0000000002000b40      0x5cc main.o
                0x0000000002000b40                lengthdir_x(float, float)
                0x0000000002000b7c                lengthdir_y(float, float)
                0x0000000002000bb8                startTimer(int)
                0x0000000002000bd8                DrawSkyBox(float, float, float, float, float, float, float, float, float)
                0x0000000002000d7c                DrawBox(float, float, float, float, float, float, float, float, float)
 .text          0x000000000200110c      0x764 nitrofs.o
                0x000000000200110c                nitroFSDirClose
                0x0000000002001110                nitroFSFstat
                0x0000000002001128                nitroFSSeek
                0x00000000020011c4                nitroFSClose
                0x00000000020011c8                nitroDirReset
                0x0000000002001260                nitroFSRead
                0x000000000200130c                nitroFSDirNext
                0x00000000020015ec                nitroFSDirOpen
                0x00000000020016b8                nitroFSChdir
                0x00000000020016ec                nitroFSOpen
                0x0000000002001810                nitroFSstat
 .text          0x0000000002001870      0x24c C:/devkitPro/libnds/lib\libmm9.a(mm_comms.o)
                0x0000000002001870                mmSetupComms
                0x00000000020018c2                mmSendBank
                0x00000000020018cc                mmLockChannels
                0x00000000020018d2                mmUnlockChannels
                0x00000000020018d8                mmStart
                0x00000000020018e2                mmPause
                0x00000000020018e6                mmResume
                0x00000000020018ea                mmStop
                0x00000000020018ee                mmPosition
                0x00000000020018f2                mmJingle
                0x00000000020018f6                mmSetModuleVolume
                0x00000000020018fa                mmSetJingleVolume
                0x00000000020018fe                mmSetModuleTempo
                0x0000000002001902                mmSetModulePitch
                0x0000000002001906                mmSetEffectsVolume
                0x000000000200190a                mmSelectMode
                0x000000000200190e                mmStreamBegin
                0x0000000002001922                mmStreamEnd
                0x0000000002001978                mmEffect
                0x000000000200199c                mmEffectVolume
                0x00000000020019a0                mmEffectPanning
                0x00000000020019a4                mmEffectRate
                0x00000000020019ae                mmEffectScaleRate
                0x00000000020019b8                mmEffectRelease
                0x00000000020019be                mmEffectCancel
                0x00000000020019c4                mmEffectEx
                0x0000000002001a02                mmEffectCancelAll
                0x0000000002001a06                mmReverbEnable
                0x0000000002001a0a                mmReverbDisable
                0x0000000002001a0e                mmReverbConfigure
                0x0000000002001a6a                mmReverbStart
                0x0000000002001a6e                mmReverbStop
 .text          0x0000000002001abc      0x120 C:/devkitPro/libnds/lib\libmm9.a(mm_memory.o)
                0x0000000002001abc                mmLoad
                0x0000000002001b0c                mmUnload
                0x0000000002001b64                mmLoadEffect
                0x0000000002001b9c                mmUnloadEffect
 .text          0x0000000002001bdc      0x108 C:/devkitPro/libnds/lib\libmm9.a(mm_main9.o)
                0x0000000002001bdc                mmActive
                0x0000000002001be2                mmSetEventHandler
                0x0000000002001be8                mmInit
                0x0000000002001c12                mmInitDefault
                0x0000000002001c5c                mmInitDefaultMem
                0x0000000002001c7e                mmSuspendIRQ_t
                0x0000000002001c9c                mmRestoreIRQ_t
 .text          0x0000000002001ce4      0x100 C:/devkitPro/libnds/lib\libmm9.a(mm_soundbank.o)
                0x0000000002001ce4                mmSoundBankInMemory
                0x0000000002001cec                mmSoundBankInFiles
                0x0000000002001cfe                mmSetCustomSoundBankHandler
                0x0000000002001d2a                mmsHandleFileOp
 .text          0x0000000002001de4       0x3c C:/devkitPro/libnds/lib\libmm9.a(mm_flusher.o)
                0x0000000002001de4                mmFlushBank
 .text          0x0000000002001e20      0x4a0 C:/Users/TheMiningBoy/Documents/Roblox_DS/Game/nflib/lib\libnflib.a(nf_basic.o)
                0x0000000002001e20                NF_Error
                0x00000000020020cc                NF_SetRootFolder
                0x0000000002002224                NF_DmaMemCopy
                0x00000000020022b0                NF_GetLanguage
 .text          0x00000000020022c0     0x4000 C:/devkitPro/libnds/lib\libnds9.a(dldi_stub.o)
                0x00000000020022c0                _io_dldi_stub
 .text          0x00000000020062c0      0x198 c:/devkitpro/devkitarm/bin/../lib/gcc/arm-none-eabi/10.2.0/thumb\libgcc.a(_arm_mulsf3.o)
                0x00000000020062c0                __aeabi_fmul
                0x00000000020062c0                __mulsf3
 .text          0x0000000002006458      0x11c c:/devkitpro/devkitarm/bin/../lib/gcc/arm-none-eabi/10.2.0/thumb\libgcc.a(_udivsi3.o)
                0x0000000002006458                __aeabi_uidiv
                0x0000000002006458                __udivsi3
                0x0000000002006554                __aeabi_uidivmod
 .text          0x0000000002006574      0x150 c:/devkitpro/devkitarm/bin/../lib/gcc/arm-none-eabi/10.2.0/thumb\libgcc.a(_divsi3.o)
                0x0000000002006574                __divsi3
                0x0000000002006574                __aeabi_idiv
                0x00000000020066a4                __aeabi_idivmod
 .text          0x00000000020066c4        0x4 c:/devkitpro/devkitarm/bin/../lib/gcc/arm-none-eabi/10.2.0/thumb\libgcc.a(_dvmd_tls.o)
                0x00000000020066c4                __aeabi_idiv0
                0x00000000020066c4                __aeabi_ldiv0
 .text          0x00000000020066c8      0x424 c:/devkitpro/devkitarm/bin/../lib/gcc/arm-none-eabi/10.2.0/thumb\libgcc.a(_arm_addsubdf3.o)
                0x00000000020066c8                __aeabi_drsub
                0x00000000020066d0                __aeabi_dsub
                0x00000000020066d0                __subdf3
                0x00000000020066d4                __aeabi_dadd
                0x00000000020066d4                __adddf3
                0x00000000020069e4                __floatunsidf
                0x00000000020069e4                __aeabi_ui2d
                0x0000000002006a08                __floatsidf
                0x0000000002006a08                __aeabi_i2d
                0x0000000002006a30                __aeabi_f2d
                0x0000000002006a30                __extendsfdf2
                0x0000000002006a78                __floatundidf
                0x0000000002006a78                __aeabi_ul2d
                0x0000000002006a8c                __floatdidf
                0x0000000002006a8c                __aeabi_l2d
 .text          0x0000000002006aec      0x144 c:/devkitpro/devkitarm/bin/../lib/gcc/arm-none-eabi/10.2.0/thumb\libgcc.a(_arm_cmpdf2.o)
                0x0000000002006aec                __gtdf2
                0x0000000002006aec                __gedf2
                0x0000000002006af4                __ltdf2
                0x0000000002006af4                __ledf2
                0x0000000002006afc                __nedf2
                0x0000000002006afc                __eqdf2
                0x0000000002006afc                __cmpdf2
                0x0000000002006b84                __aeabi_cdrcmple
                0x0000000002006ba0                __aeabi_cdcmpeq
                0x0000000002006ba0                __aeabi_cdcmple
                0x0000000002006bb8                __aeabi_dcmpeq
                0x0000000002006bd0                __aeabi_dcmplt
                0x0000000002006be8                __aeabi_dcmple
                0x0000000002006c00                __aeabi_dcmpge
                0x0000000002006c18                __aeabi_dcmpgt
 .text          0x0000000002006c30       0x5c c:/devkitpro/devkitarm/bin/../lib/gcc/arm-none-eabi/10.2.0/thumb\libgcc.a(_arm_fixdfsi.o)
                0x0000000002006c30                __aeabi_d2iz
                0x0000000002006c30                __fixdfsi
 .text          0x0000000002006c8c       0xa0 c:/devkitpro/devkitarm/bin/../lib/gcc/arm-none-eabi/10.2.0/thumb\libgcc.a(_arm_truncdfsf2.o)
                0x0000000002006c8c                __truncdfsf2
                0x0000000002006c8c                __aeabi_d2f
 .text          0x0000000002006d2c      0x2ac c:/devkitpro/devkitarm/bin/../lib/gcc/arm-none-eabi/10.2.0/thumb\libgcc.a(_arm_addsubsf3.o)
                0x0000000002006d2c                __aeabi_frsub
                0x0000000002006d34                __subsf3
                0x0000000002006d34                __aeabi_fsub
                0x0000000002006d38                __aeabi_fadd
                0x0000000002006d38                __addsf3
                0x0000000002006ef4                __aeabi_ui2f
                0x0000000002006ef4                __floatunsisf
                0x0000000002006efc                __aeabi_i2f
                0x0000000002006efc                __floatsisf
                0x0000000002006f1c                __aeabi_ul2f
                0x0000000002006f1c                __floatundisf
                0x0000000002006f2c                __aeabi_l2f
                0x0000000002006f2c                __floatdisf
 .text          0x0000000002006fd8       0x5c c:/devkitpro/devkitarm/bin/../lib/gcc/arm-none-eabi/10.2.0/thumb\libgcc.a(_arm_fixsfsi.o)
                0x0000000002006fd8                __aeabi_f2iz
                0x0000000002006fd8                __fixsfsi
 .text          0x0000000002007034       0x54 c:/devkitpro/devkitarm/bin/../lib/gcc/arm-none-eabi/10.2.0/thumb\libgcc.a(_arm_fixunssfsi.o)
                0x0000000002007034                __fixunssfsi
                0x0000000002007034                __aeabi_f2uiz
 .text          0x0000000002007088       0xd4 c:/devkitpro/devkitarm/bin/../lib/gcc/arm-none-eabi/10.2.0/thumb\libgcc.a(_aeabi_ldivmod.o)
                0x0000000002007088                __aeabi_ldivmod
 .text          0x000000000200715c       0x28 c:/devkitpro/devkitarm/bin/../lib/gcc/arm-none-eabi/10.2.0/thumb\libgcc.a(_clzdi2.o)
                0x000000000200715c                __clzdi2
 .text          0x0000000002007184       0x48 c:/devkitpro/devkitarm/bin/../lib/gcc/arm-none-eabi/10.2.0/thumb\libgcc.a(_clzsi2.o)
                0x0000000002007184                __clzsi2
 .text          0x00000000020071cc      0x224 c:/devkitpro/devkitarm/bin/../lib/gcc/arm-none-eabi/10.2.0/../../../../arm-none-eabi/lib/thumb\libg.a(lib_a-strcmp.o)
                0x00000000020071cc                strcmp
 .text          0x00000000020073f0       0x14 c:/devkitpro/devkitarm/bin/../lib/gcc/arm-none-eabi/10.2.0/thumb\libgcc.a(_thumb1_case_uqi.o)
                0x00000000020073f0                __gnu_thumb1_case_uqi
 .text          0x0000000002007404       0x14 c:/devkitpro/devkitarm/bin/../lib/gcc/arm-none-eabi/10.2.0/thumb\libgcc.a(_thumb1_case_uhi.o)
                0x0000000002007404                __gnu_thumb1_case_uhi
 .text          0x0000000002007418      0x49c c:/devkitpro/devkitarm/bin/../lib/gcc/arm-none-eabi/10.2.0/thumb\libgcc.a(_arm_muldivdf3.o)
                0x0000000002007418                __aeabi_dmul
                0x0000000002007418                __muldf3
                0x00000000020076a8                __divdf3
                0x00000000020076a8                __aeabi_ddiv
 .text          0x00000000020078b4       0x38 c:/devkitpro/devkitarm/bin/../lib/gcc/arm-none-eabi/10.2.0/thumb\libgcc.a(_arm_unorddf2.o)
                0x00000000020078b4                __unorddf2
                0x00000000020078b4                __aeabi_dcmpun
 .text          0x00000000020078ec       0x3c c:/devkitpro/devkitarm/bin/../lib/gcc/arm-none-eabi/10.2.0/thumb\libgcc.a(_aeabi_uldivmod.o)
                0x00000000020078ec                __aeabi_uldivmod
 *(EXCLUDE_FILE(*.twl* *.vectors* *.itcm*) .stub)
 *(EXCLUDE_FILE(*.twl* *.vectors* *.itcm*) .text.*)
 .text.__do_global_dtors_aux
                0x0000000002007928       0x2c c:/devkitpro/devkitarm/bin/../lib/gcc/arm-none-eabi/10.2.0/thumb/crtbegin.o
 .text.frame_dummy
                0x0000000002007954       0x24 c:/devkitpro/devkitarm/bin/../lib/gcc/arm-none-eabi/10.2.0/thumb/crtbegin.o
 .text.startup  0x0000000002007978      0x9e0 main.o
                0x0000000002007978                main
 .text.fatMount.part.0
                0x0000000002008358       0xa0 C:/devkitPro/libnds/lib\libfat.a(libfat.o)
 .text.fatMount
                0x00000000020083f8       0x3c C:/devkitPro/libnds/lib\libfat.a(libfat.o)
                0x00000000020083f8                fatMount
 .text.fatInit  0x0000000002008434      0x130 C:/devkitPro/libnds/lib\libfat.a(libfat.o)
                0x0000000002008434                fatInit
 .text.fatInitDefault
                0x0000000002008564        0xc C:/devkitPro/libnds/lib\libfat.a(libfat.o)
                0x0000000002008564                fatInitDefault
 .text._FAT_check_position_for_next_cluster.part.0
                0x0000000002008570       0x68 C:/devkitPro/libnds/lib\libfat.a(fatfile.o)
 .text._FAT_syncToDisc.part.0
                0x00000000020085d8       0xd4 C:/devkitPro/libnds/lib\libfat.a(fatfile.o)
 .text._FAT_file_extend_r
                0x00000000020086ac      0x208 C:/devkitPro/libnds/lib\libfat.a(fatfile.o)
 .text._FAT_open_r
                0x00000000020088b4      0x2d4 C:/devkitPro/libnds/lib\libfat.a(fatfile.o)
                0x00000000020088b4                _FAT_open_r
 .text._FAT_close_r
                0x0000000002008b88       0x74 C:/devkitPro/libnds/lib\libfat.a(fatfile.o)
                0x0000000002008b88                _FAT_close_r
 .text._FAT_read_r
                0x0000000002008bfc      0x398 C:/devkitPro/libnds/lib\libfat.a(fatfile.o)
                0x0000000002008bfc                _FAT_read_r
 .text._FAT_write_r
                0x0000000002008f94      0x53c C:/devkitPro/libnds/lib\libfat.a(fatfile.o)
                0x0000000002008f94                _FAT_write_r
 .text._FAT_seek_r
                0x00000000020094d0      0x194 C:/devkitPro/libnds/lib\libfat.a(fatfile.o)
                0x00000000020094d0                _FAT_seek_r
 .text._FAT_fstat_r
                0x0000000002009664       0x8c C:/devkitPro/libnds/lib\libfat.a(fatfile.o)
                0x0000000002009664                _FAT_fstat_r
 .text._FAT_ftruncate_r
                0x00000000020096f0      0x16c C:/devkitPro/libnds/lib\libfat.a(fatfile.o)
                0x00000000020096f0                _FAT_ftruncate_r
 .text._FAT_fsync_r
                0x000000000200985c       0x44 C:/devkitPro/libnds/lib\libfat.a(fatfile.o)
                0x000000000200985c                _FAT_fsync_r
 .text._FAT_cache_getPage
                0x00000000020098a0       0xf0 C:/devkitPro/libnds/lib\libfat.a(cache.o)
 .text._FAT_cache_constructor
                0x0000000002009990       0x90 C:/devkitPro/libnds/lib\libfat.a(cache.o)
                0x0000000002009990                _FAT_cache_constructor
 .text._FAT_cache_readSectors
                0x0000000002009a20       0x60 C:/devkitPro/libnds/lib\libfat.a(cache.o)
                0x0000000002009a20                _FAT_cache_readSectors
 .text._FAT_cache_readPartialSector
                0x0000000002009a80       0x3c C:/devkitPro/libnds/lib\libfat.a(cache.o)
                0x0000000002009a80                _FAT_cache_readPartialSector
 .text._FAT_cache_readLittleEndianValue
                0x0000000002009abc       0x70 C:/devkitPro/libnds/lib\libfat.a(cache.o)
                0x0000000002009abc                _FAT_cache_readLittleEndianValue
 .text._FAT_cache_writePartialSector
                0x0000000002009b2c       0x4c C:/devkitPro/libnds/lib\libfat.a(cache.o)
                0x0000000002009b2c                _FAT_cache_writePartialSector
 .text._FAT_cache_writeLittleEndianValue
                0x0000000002009b78       0x8c C:/devkitPro/libnds/lib\libfat.a(cache.o)
                0x0000000002009b78                _FAT_cache_writeLittleEndianValue
 .text._FAT_cache_eraseWritePartialSector
                0x0000000002009c04       0x60 C:/devkitPro/libnds/lib\libfat.a(cache.o)
                0x0000000002009c04                _FAT_cache_eraseWritePartialSector
 .text._FAT_cache_writeSectors
                0x0000000002009c64       0x80 C:/devkitPro/libnds/lib\libfat.a(cache.o)
                0x0000000002009c64                _FAT_cache_writeSectors
 .text._FAT_cache_flush
                0x0000000002009ce4       0x40 C:/devkitPro/libnds/lib\libfat.a(cache.o)
                0x0000000002009ce4                _FAT_cache_flush
 .text._FAT_stat_r
                0x0000000002009d24       0x90 C:/devkitPro/libnds/lib\libfat.a(fatdir.o)
                0x0000000002009d24                _FAT_stat_r
 .text._FAT_link_r
                0x0000000002009db4        0xc C:/devkitPro/libnds/lib\libfat.a(fatdir.o)
                0x0000000002009db4                _FAT_link_r
 .text._FAT_unlink_r
                0x0000000002009dc0      0x184 C:/devkitPro/libnds/lib\libfat.a(fatdir.o)
                0x0000000002009dc0                _FAT_unlink_r
 .text._FAT_chdir_r
                0x0000000002009f44       0x70 C:/devkitPro/libnds/lib\libfat.a(fatdir.o)
                0x0000000002009f44                _FAT_chdir_r
 .text._FAT_rename_r
                0x0000000002009fb4      0x1c4 C:/devkitPro/libnds/lib\libfat.a(fatdir.o)
                0x0000000002009fb4                _FAT_rename_r
 .text._FAT_mkdir_r
                0x000000000200a178      0x244 C:/devkitPro/libnds/lib\libfat.a(fatdir.o)
                0x000000000200a178                _FAT_mkdir_r
 .text._FAT_statvfs_r
                0x000000000200a3bc       0x78 C:/devkitPro/libnds/lib\libfat.a(fatdir.o)
                0x000000000200a3bc                _FAT_statvfs_r
 .text._FAT_diropen_r
                0x000000000200a434       0xb0 C:/devkitPro/libnds/lib\libfat.a(fatdir.o)
                0x000000000200a434                _FAT_diropen_r
 .text._FAT_dirreset_r
                0x000000000200a4e4       0x4c C:/devkitPro/libnds/lib\libfat.a(fatdir.o)
                0x000000000200a4e4                _FAT_dirreset_r
 .text._FAT_dirnext_r
                0x000000000200a530       0x7c C:/devkitPro/libnds/lib\libfat.a(fatdir.o)
                0x000000000200a530                _FAT_dirnext_r
 .text._FAT_dirclose_r
                0x000000000200a5ac       0x20 C:/devkitPro/libnds/lib\libfat.a(fatdir.o)
                0x000000000200a5ac                _FAT_dirclose_r
 .text._FAT_directory_entryGetAlias
                0x000000000200a5cc       0xc8 C:/devkitPro/libnds/lib\libfat.a(directory.o)
 .text._FAT_directory_incrementDirEntryPosition
                0x000000000200a694       0x80 C:/devkitPro/libnds/lib\libfat.a(directory.o)
 .text._FAT_directory_mbsncasecmp
                0x000000000200a714       0xa8 C:/devkitPro/libnds/lib\libfat.a(directory.o)
 .text._FAT_directory_ucs2tombs.constprop.0
                0x000000000200a7bc       0x90 C:/devkitPro/libnds/lib\libfat.a(directory.o)
 .text._FAT_directory_entryGetCluster
                0x000000000200a84c       0x20 C:/devkitPro/libnds/lib\libfat.a(directory.o)
                0x000000000200a84c                _FAT_directory_entryGetCluster
 .text._FAT_directory_getNextEntry
                0x000000000200a86c      0x23c C:/devkitPro/libnds/lib\libfat.a(directory.o)
                0x000000000200a86c                _FAT_directory_getNextEntry
 .text._FAT_directory_entryExists
                0x000000000200aaa8       0x80 C:/devkitPro/libnds/lib\libfat.a(directory.o)
 .text._FAT_directory_getFirstEntry
                0x000000000200ab28       0x20 C:/devkitPro/libnds/lib\libfat.a(directory.o)
                0x000000000200ab28                _FAT_directory_getFirstEntry
 .text._FAT_directory_getRootEntry
                0x000000000200ab48       0x60 C:/devkitPro/libnds/lib\libfat.a(directory.o)
                0x000000000200ab48                _FAT_directory_getRootEntry
 .text._FAT_directory_entryFromPosition
                0x000000000200aba8      0x150 C:/devkitPro/libnds/lib\libfat.a(directory.o)
                0x000000000200aba8                _FAT_directory_entryFromPosition
 .text._FAT_directory_entryFromPath
                0x000000000200acf8      0x248 C:/devkitPro/libnds/lib\libfat.a(directory.o)
                0x000000000200acf8                _FAT_directory_entryFromPath
 .text._FAT_directory_removeEntry
                0x000000000200af40       0xd8 C:/devkitPro/libnds/lib\libfat.a(directory.o)
                0x000000000200af40                _FAT_directory_removeEntry
 .text._FAT_directory_addEntry
                0x000000000200b018      0x808 C:/devkitPro/libnds/lib\libfat.a(directory.o)
                0x000000000200b018                _FAT_directory_addEntry
 .text._FAT_directory_chdir
                0x000000000200b820       0x3c C:/devkitPro/libnds/lib\libfat.a(directory.o)
                0x000000000200b820                _FAT_directory_chdir
 .text._FAT_directory_entryStat
                0x000000000200b85c       0xe4 C:/devkitPro/libnds/lib\libfat.a(directory.o)
                0x000000000200b85c                _FAT_directory_entryStat
 .text.isValidMBR
                0x000000000200b940       0x5c C:/devkitPro/libnds/lib\libfat.a(partition.o)
 .text._FAT_updateFS_INFO
                0x000000000200b99c       0x54 C:/devkitPro/libnds/lib\libfat.a(partition.o)
 .text.FindFirstValidPartition_buf.part.0
                0x000000000200b9f0      0x11c C:/devkitPro/libnds/lib\libfat.a(partition.o)
 .text._FAT_partition_getPartitionFromPath
                0x000000000200bb0c       0x10 C:/devkitPro/libnds/lib\libfat.a(partition.o)
                0x000000000200bb0c                _FAT_partition_getPartitionFromPath
 .text._FAT_partition_createFSinfo
                0x000000000200bb1c       0x50 C:/devkitPro/libnds/lib\libfat.a(partition.o)
                0x000000000200bb1c                _FAT_partition_createFSinfo
 .text._FAT_partition_readFSinfo.part.0
                0x000000000200bb6c       0x74 C:/devkitPro/libnds/lib\libfat.a(partition.o)
 .text._FAT_partition_constructor_buf
                0x000000000200bbe0      0x2e8 C:/devkitPro/libnds/lib\libfat.a(partition.o)
                0x000000000200bbe0                _FAT_partition_constructor_buf
 .text._FAT_partition_constructor
                0x000000000200bec8       0x40 C:/devkitPro/libnds/lib\libfat.a(partition.o)
                0x000000000200bec8                _FAT_partition_constructor
 .text._FAT_partition_readFSinfo
                0x000000000200bf08       0x10 C:/devkitPro/libnds/lib\libfat.a(partition.o)
                0x000000000200bf08                _FAT_partition_readFSinfo
 .text._FAT_lock_init
                0x000000000200bf18        0x4 C:/devkitPro/libnds/lib\libfat.a(lock.o)
                0x000000000200bf18                _FAT_lock_init
 .text._FAT_lock
                0x000000000200bf1c        0x4 C:/devkitPro/libnds/lib\libfat.a(lock.o)
                0x000000000200bf1c                _FAT_lock
 .text._FAT_unlock
                0x000000000200bf20        0x4 C:/devkitPro/libnds/lib\libfat.a(lock.o)
                0x000000000200bf20                _FAT_unlock
 .text._FAT_filetime_getTimeFromRTC
                0x000000000200bf24       0x44 C:/devkitPro/libnds/lib\libfat.a(filetime.o)
                0x000000000200bf24                _FAT_filetime_getTimeFromRTC
 .text._FAT_filetime_getDateFromRTC
                0x000000000200bf68       0x44 C:/devkitPro/libnds/lib\libfat.a(filetime.o)
                0x000000000200bf68                _FAT_filetime_getDateFromRTC
 .text._FAT_filetime_to_time_t
                0x000000000200bfac       0x38 C:/devkitPro/libnds/lib\libfat.a(filetime.o)
                0x000000000200bfac                _FAT_filetime_to_time_t
 .text._FAT_fat_writeFatEntry.part.0.isra.0
                0x000000000200bfe4      0x12c C:/devkitPro/libnds/lib\libfat.a(file_allocation_table.o)
 .text._FAT_fat_nextCluster
                0x000000000200c110      0x108 C:/devkitPro/libnds/lib\libfat.a(file_allocation_table.o)
                0x000000000200c110                _FAT_fat_nextCluster
 .text._FAT_fat_linkFreeCluster
                0x000000000200c218       0xac C:/devkitPro/libnds/lib\libfat.a(file_allocation_table.o)
                0x000000000200c218                _FAT_fat_linkFreeCluster
 .text._FAT_fat_linkFreeClusterCleared
                0x000000000200c2c4       0x68 C:/devkitPro/libnds/lib\libfat.a(file_allocation_table.o)
                0x000000000200c2c4                _FAT_fat_linkFreeClusterCleared
 .text._FAT_fat_clearLinks
                0x000000000200c32c       0x7c C:/devkitPro/libnds/lib\libfat.a(file_allocation_table.o)
                0x000000000200c32c                _FAT_fat_clearLinks
 .text._FAT_fat_trimChain
                0x000000000200c3a8       0x80 C:/devkitPro/libnds/lib\libfat.a(file_allocation_table.o)
                0x000000000200c3a8                _FAT_fat_trimChain
 .text._FAT_fat_lastCluster
                0x000000000200c428       0x34 C:/devkitPro/libnds/lib\libfat.a(file_allocation_table.o)
                0x000000000200c428                _FAT_fat_lastCluster
 .text._FAT_fat_freeClusterCount
                0x000000000200c45c       0x2c C:/devkitPro/libnds/lib\libfat.a(file_allocation_table.o)
                0x000000000200c45c                _FAT_fat_freeClusterCount
 .text.setBrightness
                0x000000000200c488       0x40 C:/devkitPro/libnds/lib\libnds9.a(video.o)
                0x000000000200c488                setBrightness
 .text.vramDefault
                0x000000000200c4c8       0xd0 C:/devkitPro/libnds/lib\libnds9.a(video.o)
                0x000000000200c4c8                vramDefault
 .text.touchRead
                0x000000000200c598       0x24 C:/devkitPro/libnds/lib\libnds9.a(touch.o)
                0x000000000200c598                touchRead
 .text.BoxTest  0x000000000200c5bc       0x68 C:/devkitPro/libnds/lib\libnds9.a(boxtest.o)
                0x000000000200c5bc                BoxTest
 .text.BoxTestf
                0x000000000200c624       0xb4 C:/devkitPro/libnds/lib\libnds9.a(boxtest.o)
                0x000000000200c624                BoxTestf
 .text.newRow   0x000000000200c6d8       0xb0 C:/devkitPro/libnds/lib\libnds9.a(console.o)
 .text.consolePrintChar
                0x000000000200c788       0xec C:/devkitPro/libnds/lib\libnds9.a(console.o)
                0x000000000200c788                consolePrintChar
 .text.con_write
                0x000000000200c874      0x374 C:/devkitPro/libnds/lib\libnds9.a(console.o)
                0x000000000200c874                con_write
 .text.consoleLoadFont
                0x000000000200cbe8      0x2a8 C:/devkitPro/libnds/lib\libnds9.a(console.o)
                0x000000000200cbe8                consoleLoadFont
 .text.consoleInit
                0x000000000200ce90      0x194 C:/devkitPro/libnds/lib\libnds9.a(console.o)
                0x000000000200ce90                consoleInit
 .text.consoleDemoInit
                0x000000000200d024       0x40 C:/devkitPro/libnds/lib\libnds9.a(console.o)
                0x000000000200d024                consoleDemoInit
 .text.consoleClear
                0x000000000200d064       0x10 C:/devkitPro/libnds/lib\libnds9.a(console.o)
                0x000000000200d064                consoleClear
 .text.sinLutLookup
                0x000000000200d074       0x38 C:/devkitPro/libnds/lib\libnds9.a(trig.o)
                0x000000000200d074                sinLutLookup
 .text.sinLerp  0x000000000200d0ac       0x40 C:/devkitPro/libnds/lib\libnds9.a(trig.o)
                0x000000000200d0ac                sinLerp
 .text.cosLerp  0x000000000200d0ec       0x4c C:/devkitPro/libnds/lib\libnds9.a(trig.o)
                0x000000000200d0ec                cosLerp
 .text.tanLerp  0x000000000200d138       0xa4 C:/devkitPro/libnds/lib\libnds9.a(trig.o)
                0x000000000200d138                tanLerp
 .text.vramBlock_init
                0x000000000200d1dc       0x5c C:/devkitPro/libnds/lib\libnds9.a(videoGL.o)
                0x000000000200d1dc                vramBlock_init
 .text.glInit_C
                0x000000000200d238      0x1cc C:/devkitPro/libnds/lib\libnds9.a(videoGL.o)
                0x000000000200d238                glInit_C
 .text.scanKeys
                0x000000000200d404       0x8c C:/devkitPro/libnds/lib\libnds9.a(keys.o)
                0x000000000200d404                scanKeys
 .text.keysHeld
                0x000000000200d490        0xc C:/devkitPro/libnds/lib\libnds9.a(keys.o)
                0x000000000200d490                keysHeld
 .text.keysDown
                0x000000000200d49c       0x14 C:/devkitPro/libnds/lib\libnds9.a(keys.o)
                0x000000000200d49c                keysDown
 .text.dldiGetInternal
                0x000000000200d4b0       0x34 C:/devkitPro/libnds/lib\libnds9.a(dldi.o)
                0x000000000200d4b0                dldiGetInternal
 .text.get_io_dsisd
                0x000000000200d4e4       0x24 C:/devkitPro/libnds/lib\libnds9.a(dldi.o)
                0x000000000200d4e4                get_io_dsisd
 .text.initSystem
                0x000000000200d508      0x198 C:/devkitPro/libnds/lib\libnds9.a(initSystem.o)
                0x000000000200d508                initSystem
 .text.__libnds_gtod
                0x000000000200d6a0       0x28 C:/devkitPro/libnds/lib\libnds9.a(timeSupport.o)
                0x000000000200d6a0                __libnds_gtod
 .text.irqDummy
                0x000000000200d6c8        0x4 C:/devkitPro/libnds/lib\libnds9.a(interrupts.o)
                0x000000000200d6c8                irqDummy
 .text.irqSet   0x000000000200d6cc       0x6c C:/devkitPro/libnds/lib\libnds9.a(interrupts.o)
                0x000000000200d6cc                irqSet
 .text.irqInit  0x000000000200d738       0x50 C:/devkitPro/libnds/lib\libnds9.a(interrupts.o)
                0x000000000200d738                irqInit
 .text.irqEnable
                0x000000000200d788       0x64 C:/devkitPro/libnds/lib\libnds9.a(interrupts.o)
                0x000000000200d788                irqEnable
 .text.systemErrorExit
                0x000000000200d7ec        0x4 C:/devkitPro/libnds/lib\libnds9.a(libnds_exit.arm.o)
                0x000000000200d7ec                systemErrorExit
 .text.__libnds_exit
                0x000000000200d7f0       0x5c C:/devkitPro/libnds/lib\libnds9.a(libnds_exit.arm.o)
                0x000000000200d7f0                __libnds_exit
 .text.fifo_queueBlock
                0x000000000200d84c       0x44 C:/devkitPro/libnds/lib\libnds9.a(fifosystem.o)
 .text.fifo_waitBlock
                0x000000000200d890       0x80 C:/devkitPro/libnds/lib\libnds9.a(fifosystem.o)
 .text.fifoInternalSend.part.0
                0x000000000200d910       0xd4 C:/devkitPro/libnds/lib\libnds9.a(fifosystem.o)
 .text.fifoInternalSendInterrupt
                0x000000000200d9e4       0xa8 C:/devkitPro/libnds/lib\libnds9.a(fifosystem.o)
 .text.fifoSetValue32Handler
                0x000000000200da8c       0xd8 C:/devkitPro/libnds/lib\libnds9.a(fifosystem.o)
                0x000000000200da8c                fifoSetValue32Handler
 .text.fifoSendValue32
                0x000000000200db64       0x4c C:/devkitPro/libnds/lib\libnds9.a(fifosystem.o)
                0x000000000200db64                fifoSendValue32
 .text.fifoSendDatamsg
                0x000000000200dbb0       0x90 C:/devkitPro/libnds/lib\libnds9.a(fifosystem.o)
                0x000000000200dbb0                fifoSendDatamsg
 .text.fifoGetValue32
                0x000000000200dc40       0x70 C:/devkitPro/libnds/lib\libnds9.a(fifosystem.o)
                0x000000000200dc40                fifoGetValue32
 .text.fifoGetDatamsg
                0x000000000200dcb0       0xf4 C:/devkitPro/libnds/lib\libnds9.a(fifosystem.o)
                0x000000000200dcb0                fifoGetDatamsg
 .text.fifoInternalRecvInterrupt
                0x000000000200dda4      0x380 C:/devkitPro/libnds/lib\libnds9.a(fifosystem.o)
 .text.fifoSetDatamsgHandler
                0x000000000200e124       0x9c C:/devkitPro/libnds/lib\libnds9.a(fifosystem.o)
                0x000000000200e124                fifoSetDatamsgHandler
 .text.fifoCheckValue32
                0x000000000200e1c0       0x24 C:/devkitPro/libnds/lib\libnds9.a(fifosystem.o)
                0x000000000200e1c0                fifoCheckValue32
 .text.fifoInit
                0x000000000200e1e4       0xf8 C:/devkitPro/libnds/lib\libnds9.a(fifosystem.o)
                0x000000000200e1e4                fifoInit
 .text.DC_FlushRange
                0x000000000200e2dc       0x24 C:/devkitPro/libnds/lib\libnds9.a(dcache.o)
                0x000000000200e2dc                DC_FlushRange
 .text.DC_InvalidateRange
                0x000000000200e300       0x2c C:/devkitPro/libnds/lib\libnds9.a(dcache.o)
                0x000000000200e300                DC_InvalidateRange
 .text.__libnds_mpu_setup
                0x000000000200e32c      0x174 C:/devkitPro/libnds/lib\libnds9.a(mpu_setup.o)
                0x000000000200e32c                __libnds_mpu_setup
 .text.memUncached
                0x000000000200e4a0       0x20 C:/devkitPro/libnds/lib\libnds9.a(mpu_setup.o)
                0x000000000200e4a0                memUncached
 .text.swiWaitForVBlank
                0x000000000200e4c0        0x8 C:/devkitPro/libnds/lib\libnds9.a(IntrWait.o)
                0x000000000200e4c0                swiWaitForVBlank
 .text.swiIntrWait
                0x000000000200e4c8       0x70 C:/devkitPro/libnds/lib\libnds9.a(IntrWait.o)
                0x000000000200e4c8                swiIntrWait
 .text.setCpuClock
                0x000000000200e538       0x50 C:/devkitPro/libnds/lib\libnds9.a(cpu_clock.o)
                0x000000000200e538                setCpuClock
 .text.swiSoftReset
                0x000000000200e588       0x2c C:/devkitPro/libnds/lib\libnds9.a(swiSoftReset.o)
                0x000000000200e588                swiSoftReset
 .text.swiDelay
                0x000000000200e5b4        0x4 C:/devkitPro/libnds/lib\libnds9.a(biosCalls.o)
                0x000000000200e5b4                swiDelay
 .text.checkIfText
                0x000000000200e5b8       0x5c C:/devkitPro/libnds/lib\libnds9.a(background.o)
                0x000000000200e5b8                checkIfText
 .text.bgUpdate
                0x000000000200e614       0xf4 C:/devkitPro/libnds/lib\libnds9.a(background.o)
                0x000000000200e614                bgUpdate
 .text.bgInit_call
                0x000000000200e708       0xc4 C:/devkitPro/libnds/lib\libnds9.a(background.o)
                0x000000000200e708                bgInit_call
 .text.bgInitSub_call
                0x000000000200e7cc       0xcc C:/devkitPro/libnds/lib\libnds9.a(background.o)
                0x000000000200e7cc                bgInitSub_call
 .text.DynamicArrayInit
                0x000000000200e898       0x18 C:/devkitPro/libnds/lib\libnds9.a(dynamicArray.o)
                0x000000000200e898                DynamicArrayInit
 .text.DynamicArraySet
                0x000000000200e8b0       0x48 C:/devkitPro/libnds/lib\libnds9.a(dynamicArray.o)
                0x000000000200e8b0                DynamicArraySet
 .text.systemValueHandler
                0x000000000200e8f8       0x48 C:/devkitPro/libnds/lib\libnds9.a(system.o)
                0x000000000200e8f8                systemValueHandler
 .text.systemMsgHandler
                0x000000000200e940       0x60 C:/devkitPro/libnds/lib\libnds9.a(system.o)
                0x000000000200e940                systemMsgHandler
 .text.powerOn  0x000000000200e9a0       0x2c C:/devkitPro/libnds/lib\libnds9.a(system.o)
                0x000000000200e9a0                powerOn
 .text.cos      0x000000000200e9cc       0xa4 c:/devkitpro/devkitarm/bin/../lib/gcc/arm-none-eabi/10.2.0/../../../../arm-none-eabi/lib/thumb\libm.a(lib_a-s_cos.o)
                0x000000000200e9cc                cos
 .text.sin      0x000000000200ea70       0xa8 c:/devkitpro/devkitarm/bin/../lib/gcc/arm-none-eabi/10.2.0/../../../../arm-none-eabi/lib/thumb\libm.a(lib_a-s_sin.o)
                0x000000000200ea70                sin
 .text.__ieee754_rem_pio2
                0x000000000200eb18      0x420 c:/devkitpro/devkitarm/bin/../lib/gcc/arm-none-eabi/10.2.0/../../../../arm-none-eabi/lib/thumb\libm.a(lib_a-e_rem_pio2.o)
                0x000000000200eb18                __ieee754_rem_pio2
 .text.__kernel_cos
                0x000000000200ef38      0x234 c:/devkitpro/devkitarm/bin/../lib/gcc/arm-none-eabi/10.2.0/../../../../arm-none-eabi/lib/thumb\libm.a(lib_a-k_cos.o)
                0x000000000200ef38                __kernel_cos
 .text.__kernel_rem_pio2
                0x000000000200f16c      0x8d8 c:/devkitpro/devkitarm/bin/../lib/gcc/arm-none-eabi/10.2.0/../../../../arm-none-eabi/lib/thumb\libm.a(lib_a-k_rem_pio2.o)
                0x000000000200f16c                __kernel_rem_pio2
 .text.__kernel_sin
                0x000000000200fa44      0x170 c:/devkitpro/devkitarm/bin/../lib/gcc/arm-none-eabi/10.2.0/../../../../arm-none-eabi/lib/thumb\libm.a(lib_a-k_sin.o)
                0x000000000200fa44                __kernel_sin
 .text.fabs     0x000000000200fbb4        0x8 c:/devkitpro/devkitarm/bin/../lib/gcc/arm-none-eabi/10.2.0/../../../../arm-none-eabi/lib/thumb\libm.a(lib_a-s_fabs.o)
                0x000000000200fbb4                fabs
 .text.floor    0x000000000200fbbc      0x13c c:/devkitpro/devkitarm/bin/../lib/gcc/arm-none-eabi/10.2.0/../../../../arm-none-eabi/lib/thumb\libm.a(lib_a-s_floor.o)
                0x000000000200fbbc                floor
 .text.scalbn   0x000000000200fcf8       0xfc c:/devkitpro/devkitarm/bin/../lib/gcc/arm-none-eabi/10.2.0/../../../../arm-none-eabi/lib/thumb\libm.a(lib_a-s_scalbn.o)
                0x000000000200fcf8                scalbn
 .text.__muldi3
                0x000000000200fdf4       0x54 c:/devkitpro/devkitarm/bin/../lib/gcc/arm-none-eabi/10.2.0/thumb\libgcc.a(_muldi3.o)
                0x000000000200fdf4                __muldi3
                0x000000000200fdf4                __aeabi_lmul
 .text.__udivmoddi4
                0x000000000200fe48      0x19c c:/devkitpro/devkitarm/bin/../lib/gcc/arm-none-eabi/10.2.0/thumb\libgcc.a(_udivmoddi4.o)
                0x000000000200fe48                __udivmoddi4
 .text.calloc   0x000000000200ffe4       0x18 c:/devkitpro/devkitarm/bin/../lib/gcc/arm-none-eabi/10.2.0/../../../../arm-none-eabi/lib/thumb\libg.a(lib_a-calloc.o)
                0x000000000200ffe4                calloc
 .text._calloc_r
                0x000000000200fffc       0x60 c:/devkitpro/devkitarm/bin/../lib/gcc/arm-none-eabi/10.2.0/../../../../arm-none-eabi/lib/thumb\libg.a(lib_a-callocr.o)
                0x000000000200fffc                _calloc_r
 .text._fclose_r
                0x000000000201005c       0xe8 c:/devkitpro/devkitarm/bin/../lib/gcc/arm-none-eabi/10.2.0/../../../../arm-none-eabi/lib/thumb\libg.a(lib_a-fclose.o)
                0x000000000201005c                _fclose_r
 .text.fclose   0x0000000002010144       0x14 c:/devkitpro/devkitarm/bin/../lib/gcc/arm-none-eabi/10.2.0/../../../../arm-none-eabi/lib/thumb\libg.a(lib_a-fclose.o)
                0x0000000002010144                fclose
 .text.__sflush_r
                0x0000000002010158      0x1c0 c:/devkitpro/devkitarm/bin/../lib/gcc/arm-none-eabi/10.2.0/../../../../arm-none-eabi/lib/thumb\libg.a(lib_a-fflush.o)
                0x0000000002010158                __sflush_r
 .text._fflush_r
                0x0000000002010318       0x70 c:/devkitpro/devkitarm/bin/../lib/gcc/arm-none-eabi/10.2.0/../../../../arm-none-eabi/lib/thumb\libg.a(lib_a-fflush.o)
                0x0000000002010318                _fflush_r
 .text.fflush   0x0000000002010388       0x2c c:/devkitpro/devkitarm/bin/../lib/gcc/arm-none-eabi/10.2.0/../../../../arm-none-eabi/lib/thumb\libg.a(lib_a-fflush.o)
                0x0000000002010388                fflush
 .text._cleanup_r
                0x00000000020103b4       0x14 c:/devkitpro/devkitarm/bin/../lib/gcc/arm-none-eabi/10.2.0/../../../../arm-none-eabi/lib/thumb\libg.a(lib_a-findfp.o)
                0x00000000020103b4                _cleanup_r
 .text.__sinit  0x00000000020103c8      0x124 c:/devkitpro/devkitarm/bin/../lib/gcc/arm-none-eabi/10.2.0/../../../../arm-none-eabi/lib/thumb\libg.a(lib_a-findfp.o)
                0x00000000020103c8                __sinit
 .text.__sfp    0x00000000020104ec       0xdc c:/devkitpro/devkitarm/bin/../lib/gcc/arm-none-eabi/10.2.0/../../../../arm-none-eabi/lib/thumb\libg.a(lib_a-findfp.o)
                0x00000000020104ec                __sfp
 .text.__sfp_lock_acquire
                0x00000000020105c8       0x14 c:/devkitpro/devkitarm/bin/../lib/gcc/arm-none-eabi/10.2.0/../../../../arm-none-eabi/lib/thumb\libg.a(lib_a-findfp.o)
                0x00000000020105c8                __sfp_lock_acquire
 .text.__sfp_lock_release
                0x00000000020105dc       0x14 c:/devkitpro/devkitarm/bin/../lib/gcc/arm-none-eabi/10.2.0/../../../../arm-none-eabi/lib/thumb\libg.a(lib_a-findfp.o)
                0x00000000020105dc                __sfp_lock_release
 .text._fopen_r
                0x00000000020105f0       0xb8 c:/devkitpro/devkitarm/bin/../lib/gcc/arm-none-eabi/10.2.0/../../../../arm-none-eabi/lib/thumb\libg.a(lib_a-fopen.o)
                0x00000000020105f0                _fopen_r
 .text.fopen    0x00000000020106a8       0x18 c:/devkitpro/devkitarm/bin/../lib/gcc/arm-none-eabi/10.2.0/../../../../arm-none-eabi/lib/thumb\libg.a(lib_a-fopen.o)
                0x00000000020106a8                fopen
 .text._fread_r
                0x00000000020106c0      0x1f0 c:/devkitpro/devkitarm/bin/../lib/gcc/arm-none-eabi/10.2.0/../../../../arm-none-eabi/lib/thumb\libg.a(lib_a-fread.o)
                0x00000000020106c0                _fread_r
 .text.fread    0x00000000020108b0       0x24 c:/devkitpro/devkitarm/bin/../lib/gcc/arm-none-eabi/10.2.0/../../../../arm-none-eabi/lib/thumb\libg.a(lib_a-fread.o)
                0x00000000020108b0                fread
 .text._malloc_trim_r
                0x00000000020108d4       0xa0 c:/devkitpro/devkitarm/bin/../lib/gcc/arm-none-eabi/10.2.0/../../../../arm-none-eabi/lib/thumb\libg.a(lib_a-freer.o)
                0x00000000020108d4                _malloc_trim_r
 .text._free_r  0x0000000002010974      0x1e0 c:/devkitpro/devkitarm/bin/../lib/gcc/arm-none-eabi/10.2.0/../../../../arm-none-eabi/lib/thumb\libg.a(lib_a-freer.o)
                0x0000000002010974                _free_r
 .text._fseek_r
                0x0000000002010b54       0x18 c:/devkitpro/devkitarm/bin/../lib/gcc/arm-none-eabi/10.2.0/../../../../arm-none-eabi/lib/thumb\libg.a(lib_a-fseek.o)
                0x0000000002010b54                _fseek_r
 .text.fseek    0x0000000002010b6c       0x24 c:/devkitpro/devkitarm/bin/../lib/gcc/arm-none-eabi/10.2.0/../../../../arm-none-eabi/lib/thumb\libg.a(lib_a-fseek.o)
                0x0000000002010b6c                fseek
 .text._fseeko_r
                0x0000000002010b90      0x39c c:/devkitpro/devkitarm/bin/../lib/gcc/arm-none-eabi/10.2.0/../../../../arm-none-eabi/lib/thumb\libg.a(lib_a-fseeko.o)
                0x0000000002010b90                _fseeko_r
 .text._ftello_r
                0x0000000002010f2c      0x118 c:/devkitpro/devkitarm/bin/../lib/gcc/arm-none-eabi/10.2.0/../../../../arm-none-eabi/lib/thumb\libg.a(lib_a-ftello.o)
                0x0000000002010f2c                _ftello_r
 .text._fwalk   0x0000000002011044       0x48 c:/devkitpro/devkitarm/bin/../lib/gcc/arm-none-eabi/10.2.0/../../../../arm-none-eabi/lib/thumb\libg.a(lib_a-fwalk.o)
                0x0000000002011044                _fwalk
 .text._fwalk_reent
                0x000000000201108c       0x50 c:/devkitpro/devkitarm/bin/../lib/gcc/arm-none-eabi/10.2.0/../../../../arm-none-eabi/lib/thumb\libg.a(lib_a-fwalk.o)
                0x000000000201108c                _fwalk_reent
 .text.__libc_init_array
                0x00000000020110dc       0x50 c:/devkitpro/devkitarm/bin/../lib/gcc/arm-none-eabi/10.2.0/../../../../arm-none-eabi/lib/thumb\libg.a(lib_a-init.o)
                0x00000000020110dc                __libc_init_array
 .text.iprintf  0x000000000201112c       0x24 c:/devkitpro/devkitarm/bin/../lib/gcc/arm-none-eabi/10.2.0/../../../../arm-none-eabi/lib/thumb\libg.a(lib_a-iprintf.o)
                0x000000000201112c                iprintf
 .text.localtime_r
                0x0000000002011150      0x244 c:/devkitpro/devkitarm/bin/../lib/gcc/arm-none-eabi/10.2.0/../../../../arm-none-eabi/lib/thumb\libg.a(lib_a-lcltime_r.o)
                0x0000000002011150                localtime_r
 .text.__locale_mb_cur_max
                0x0000000002011394       0x10 c:/devkitpro/devkitarm/bin/../lib/gcc/arm-none-eabi/10.2.0/../../../../arm-none-eabi/lib/thumb\libg.a(lib_a-locale.o)
                0x0000000002011394                __locale_mb_cur_max
 .text.__smakebuf_r
                0x00000000020113a4       0xec c:/devkitpro/devkitarm/bin/../lib/gcc/arm-none-eabi/10.2.0/../../../../arm-none-eabi/lib/thumb\libg.a(lib_a-makebuf.o)
                0x00000000020113a4                __smakebuf_r
 .text.__swhatbuf_r
                0x0000000002011490       0x64 c:/devkitpro/devkitarm/bin/../lib/gcc/arm-none-eabi/10.2.0/../../../../arm-none-eabi/lib/thumb\libg.a(lib_a-makebuf.o)
                0x0000000002011490                __swhatbuf_r
 .text.malloc   0x00000000020114f4       0x14 c:/devkitpro/devkitarm/bin/../lib/gcc/arm-none-eabi/10.2.0/../../../../arm-none-eabi/lib/thumb\libg.a(lib_a-malloc.o)
                0x00000000020114f4                malloc
 .text.free     0x0000000002011508       0x14 c:/devkitpro/devkitarm/bin/../lib/gcc/arm-none-eabi/10.2.0/../../../../arm-none-eabi/lib/thumb\libg.a(lib_a-malloc.o)
                0x0000000002011508                free
 .text._malloc_r
                0x000000000201151c      0x59c c:/devkitpro/devkitarm/bin/../lib/gcc/arm-none-eabi/10.2.0/../../../../arm-none-eabi/lib/thumb\libg.a(lib_a-mallocr.o)
                0x000000000201151c                _malloc_r
 .text._mbrtowc_r
                0x0000000002011ab8       0x60 c:/devkitpro/devkitarm/bin/../lib/gcc/arm-none-eabi/10.2.0/../../../../arm-none-eabi/lib/thumb\libg.a(lib_a-mbrtowc.o)
                0x0000000002011ab8                _mbrtowc_r
 .text.mbrtowc  0x0000000002011b18       0x80 c:/devkitpro/devkitarm/bin/../lib/gcc/arm-none-eabi/10.2.0/../../../../arm-none-eabi/lib/thumb\libg.a(lib_a-mbrtowc.o)
                0x0000000002011b18                mbrtowc
 .text.mbsrtowcs
                0x0000000002011b98       0x28 c:/devkitpro/devkitarm/bin/../lib/gcc/arm-none-eabi/10.2.0/../../../../arm-none-eabi/lib/thumb\libg.a(lib_a-mbsrtowcs.o)
                0x0000000002011b98                mbsrtowcs
 .text.__utf8_mbtowc
                0x0000000002011bc0      0x280 c:/devkitpro/devkitarm/bin/../lib/gcc/arm-none-eabi/10.2.0/../../../../arm-none-eabi/lib/thumb\libg.a(lib_a-mbtowc_r.o)
                0x0000000002011bc0                __utf8_mbtowc
 .text.memcmp   0x0000000002011e40       0x4c c:/devkitpro/devkitarm/bin/../lib/gcc/arm-none-eabi/10.2.0/../../../../arm-none-eabi/lib/thumb\libg.a(lib_a-memcmp.o)
                0x0000000002011e40                memcmp
 .text.memcpy   0x0000000002011e8c       0xa8 c:/devkitpro/devkitarm/bin/../lib/gcc/arm-none-eabi/10.2.0/../../../../arm-none-eabi/lib/thumb\libg.a(lib_a-memcpy-stub.o)
                0x0000000002011e8c                memcpy
 .text.memmove  0x0000000002011f34       0xbc c:/devkitpro/devkitarm/bin/../lib/gcc/arm-none-eabi/10.2.0/../../../../arm-none-eabi/lib/thumb\libg.a(lib_a-memmove.o)
                0x0000000002011f34                memmove
 .text.memset   0x0000000002011ff0       0xb0 c:/devkitpro/devkitarm/bin/../lib/gcc/arm-none-eabi/10.2.0/../../../../arm-none-eabi/lib/thumb\libg.a(lib_a-memset.o)
                0x0000000002011ff0                memset
 .text.validate_structure
                0x00000000020120a0      0x1e8 c:/devkitpro/devkitarm/bin/../lib/gcc/arm-none-eabi/10.2.0/../../../../arm-none-eabi/lib/thumb\libg.a(lib_a-mktime.o)
 .text.mktime   0x0000000002012288      0x450 c:/devkitpro/devkitarm/bin/../lib/gcc/arm-none-eabi/10.2.0/../../../../arm-none-eabi/lib/thumb\libg.a(lib_a-mktime.o)
                0x0000000002012288                mktime
 .text.__malloc_lock
                0x00000000020126d8       0x14 c:/devkitpro/devkitarm/bin/../lib/gcc/arm-none-eabi/10.2.0/../../../../arm-none-eabi/lib/thumb\libg.a(lib_a-mlock.o)
                0x00000000020126d8                __malloc_lock
 .text.__malloc_unlock
                0x00000000020126ec       0x14 c:/devkitpro/devkitarm/bin/../lib/gcc/arm-none-eabi/10.2.0/../../../../arm-none-eabi/lib/thumb\libg.a(lib_a-mlock.o)
                0x00000000020126ec                __malloc_unlock
 .text.printf   0x0000000002012700       0x24 c:/devkitpro/devkitarm/bin/../lib/gcc/arm-none-eabi/10.2.0/../../../../arm-none-eabi/lib/thumb\libg.a(lib_a-printf.o)
                0x0000000002012700                printf
 .text.realloc  0x0000000002012724       0x18 c:/devkitpro/devkitarm/bin/../lib/gcc/arm-none-eabi/10.2.0/../../../../arm-none-eabi/lib/thumb\libg.a(lib_a-realloc.o)
                0x0000000002012724                realloc
 .text._realloc_r
                0x000000000201273c      0x38c c:/devkitpro/devkitarm/bin/../lib/gcc/arm-none-eabi/10.2.0/../../../../arm-none-eabi/lib/thumb\libg.a(lib_a-reallocr.o)
                0x000000000201273c                _realloc_r
 .text.lflush   0x0000000002012ac8       0x20 c:/devkitpro/devkitarm/bin/../lib/gcc/arm-none-eabi/10.2.0/../../../../arm-none-eabi/lib/thumb\libg.a(lib_a-refill.o)
 .text.__srefill_r
                0x0000000002012ae8      0x118 c:/devkitpro/devkitarm/bin/../lib/gcc/arm-none-eabi/10.2.0/../../../../arm-none-eabi/lib/thumb\libg.a(lib_a-refill.o)
                0x0000000002012ae8                __srefill_r
 .text.setvbuf  0x0000000002012c00      0x1ac c:/devkitpro/devkitarm/bin/../lib/gcc/arm-none-eabi/10.2.0/../../../../arm-none-eabi/lib/thumb\libg.a(lib_a-setvbuf.o)
                0x0000000002012c00                setvbuf
 .text.siscanf  0x0000000002012dac       0x4c c:/devkitpro/devkitarm/bin/../lib/gcc/arm-none-eabi/10.2.0/../../../../arm-none-eabi/lib/thumb\libg.a(lib_a-siscanf.o)
                0x0000000002012dac                siscanf
 .text.sprintf  0x0000000002012df8       0x40 c:/devkitpro/devkitarm/bin/../lib/gcc/arm-none-eabi/10.2.0/../../../../arm-none-eabi/lib/thumb\libg.a(lib_a-sprintf.o)
                0x0000000002012df8                sprintf
 .text.__sread  0x0000000002012e38       0x34 c:/devkitpro/devkitarm/bin/../lib/gcc/arm-none-eabi/10.2.0/../../../../arm-none-eabi/lib/thumb\libg.a(lib_a-stdio.o)
                0x0000000002012e38                __sread
 .text.__seofread
                0x0000000002012e6c        0x4 c:/devkitpro/devkitarm/bin/../lib/gcc/arm-none-eabi/10.2.0/../../../../arm-none-eabi/lib/thumb\libg.a(lib_a-stdio.o)
                0x0000000002012e6c                __seofread
 .text.__swrite
                0x0000000002012e70       0x54 c:/devkitpro/devkitarm/bin/../lib/gcc/arm-none-eabi/10.2.0/../../../../arm-none-eabi/lib/thumb\libg.a(lib_a-stdio.o)
                0x0000000002012e70                __swrite
 .text.__sseek  0x0000000002012ec4       0x40 c:/devkitpro/devkitarm/bin/../lib/gcc/arm-none-eabi/10.2.0/../../../../arm-none-eabi/lib/thumb\libg.a(lib_a-stdio.o)
                0x0000000002012ec4                __sseek
 .text.__sclose
                0x0000000002012f04       0x10 c:/devkitpro/devkitarm/bin/../lib/gcc/arm-none-eabi/10.2.0/../../../../arm-none-eabi/lib/thumb\libg.a(lib_a-stdio.o)
                0x0000000002012f04                __sclose
 .text.stpcpy   0x0000000002012f14       0x50 c:/devkitpro/devkitarm/bin/../lib/gcc/arm-none-eabi/10.2.0/../../../../arm-none-eabi/lib/thumb\libg.a(lib_a-stpcpy.o)
                0x0000000002012f14                stpcpy
 .text.strchr   0x0000000002012f64       0xc8 c:/devkitpro/devkitarm/bin/../lib/gcc/arm-none-eabi/10.2.0/../../../../arm-none-eabi/lib/thumb\libg.a(lib_a-strchr.o)
                0x0000000002012f64                strchr
 .text.strcpy   0x000000000201302c       0x10 c:/devkitpro/devkitarm/bin/../lib/gcc/arm-none-eabi/10.2.0/../../../../arm-none-eabi/lib/thumb\libg.a(lib_a-strcpy.o)
                0x000000000201302c                strcpy
 .text.strlen   0x000000000201303c       0x60 c:/devkitpro/devkitarm/bin/../lib/gcc/arm-none-eabi/10.2.0/../../../../arm-none-eabi/lib/thumb\libg.a(lib_a-strlen-stub.o)
                0x000000000201303c                strlen
 .text.strncasecmp
                0x000000000201309c       0x54 c:/devkitpro/devkitarm/bin/../lib/gcc/arm-none-eabi/10.2.0/../../../../arm-none-eabi/lib/thumb\libg.a(lib_a-strncasecmp.o)
                0x000000000201309c                strncasecmp
 .text.strncmp  0x00000000020130f0       0x78 c:/devkitpro/devkitarm/bin/../lib/gcc/arm-none-eabi/10.2.0/../../../../arm-none-eabi/lib/thumb\libg.a(lib_a-strncmp.o)
                0x00000000020130f0                strncmp
 .text.strncpy  0x0000000002013168       0x74 c:/devkitpro/devkitarm/bin/../lib/gcc/arm-none-eabi/10.2.0/../../../../arm-none-eabi/lib/thumb\libg.a(lib_a-strncpy.o)
                0x0000000002013168                strncpy
 .text.strnlen  0x00000000020131dc       0x28 c:/devkitpro/devkitarm/bin/../lib/gcc/arm-none-eabi/10.2.0/../../../../arm-none-eabi/lib/thumb\libg.a(lib_a-strnlen.o)
                0x00000000020131dc                strnlen
 .text.strpbrk  0x0000000002013204       0x40 c:/devkitpro/devkitarm/bin/../lib/gcc/arm-none-eabi/10.2.0/../../../../arm-none-eabi/lib/thumb\libg.a(lib_a-strpbrk.o)
                0x0000000002013204                strpbrk
 .text.strrchr  0x0000000002013244       0x2c c:/devkitpro/devkitarm/bin/../lib/gcc/arm-none-eabi/10.2.0/../../../../arm-none-eabi/lib/thumb\libg.a(lib_a-strrchr.o)
                0x0000000002013244                strrchr
 .text._strtol_l.part.0
                0x0000000002013270      0x150 c:/devkitpro/devkitarm/bin/../lib/gcc/arm-none-eabi/10.2.0/../../../../arm-none-eabi/lib/thumb\libg.a(lib_a-strtol.o)
 .text._strtol_r
                0x00000000020133c0       0x20 c:/devkitpro/devkitarm/bin/../lib/gcc/arm-none-eabi/10.2.0/../../../../arm-none-eabi/lib/thumb\libg.a(lib_a-strtol.o)
                0x00000000020133c0                _strtol_r
 .text.get_arg  0x00000000020133e0       0x32 c:/devkitpro/devkitarm/bin/../lib/gcc/arm-none-eabi/10.2.0/../../../../arm-none-eabi/lib/thumb\libg.a(lib_a-svfiscanf.o)
 .text._sungetc_r
                0x0000000002013412       0x7e c:/devkitpro/devkitarm/bin/../lib/gcc/arm-none-eabi/10.2.0/../../../../arm-none-eabi/lib/thumb\libg.a(lib_a-svfiscanf.o)
                0x0000000002013412                _sungetc_r
 .text.__ssrefill_r
                0x0000000002013490       0x42 c:/devkitpro/devkitarm/bin/../lib/gcc/arm-none-eabi/10.2.0/../../../../arm-none-eabi/lib/thumb\libg.a(lib_a-svfiscanf.o)
                0x0000000002013490                __ssrefill_r
 .text._sfread_r
                0x00000000020134d2       0x8a c:/devkitpro/devkitarm/bin/../lib/gcc/arm-none-eabi/10.2.0/../../../../arm-none-eabi/lib/thumb\libg.a(lib_a-svfiscanf.o)
                0x00000000020134d2                _sfread_r
 .text.__ssvfiscanf_r
                0x000000000201355c     0x1b6c c:/devkitpro/devkitarm/bin/../lib/gcc/arm-none-eabi/10.2.0/../../../../arm-none-eabi/lib/thumb\libg.a(lib_a-svfiscanf.o)
                0x000000000201355c                __ssvfiscanf_r
 .text.get_arg  0x00000000020150c8      0x3f0 c:/devkitpro/devkitarm/bin/../lib/gcc/arm-none-eabi/10.2.0/../../../../arm-none-eabi/lib/thumb\libg.a(lib_a-svfprintf.o)
 .text._svfprintf_r
                0x00000000020154b8     0x2498 c:/devkitpro/devkitarm/bin/../lib/gcc/arm-none-eabi/10.2.0/../../../../arm-none-eabi/lib/thumb\libg.a(lib_a-svfprintf.o)
                0x00000000020154b8                _svfprintf_r
 .text.time     0x0000000002017950       0x34 c:/devkitpro/devkitarm/bin/../lib/gcc/arm-none-eabi/10.2.0/../../../../arm-none-eabi/lib/thumb\libg.a(lib_a-time.o)
                0x0000000002017950                time
 .text.towlower
                0x0000000002017984       0x10 c:/devkitpro/devkitarm/bin/../lib/gcc/arm-none-eabi/10.2.0/../../../../arm-none-eabi/lib/thumb\libg.a(lib_a-towlower.o)
                0x0000000002017984                towlower
 .text.towupper
                0x0000000002017994       0x10 c:/devkitpro/devkitarm/bin/../lib/gcc/arm-none-eabi/10.2.0/../../../../arm-none-eabi/lib/thumb\libg.a(lib_a-towupper.o)
                0x0000000002017994                towupper
 .text.__tzcalc_limits
                0x00000000020179a4      0x1a8 c:/devkitpro/devkitarm/bin/../lib/gcc/arm-none-eabi/10.2.0/../../../../arm-none-eabi/lib/thumb\libg.a(lib_a-tzcalc_limits.o)
                0x00000000020179a4                __tzcalc_limits
 .text.__tz_lock
                0x0000000002017b4c       0x14 c:/devkitpro/devkitarm/bin/../lib/gcc/arm-none-eabi/10.2.0/../../../../arm-none-eabi/lib/thumb\libg.a(lib_a-tzlock.o)
                0x0000000002017b4c                __tz_lock
 .text.__tz_unlock
                0x0000000002017b60       0x14 c:/devkitpro/devkitarm/bin/../lib/gcc/arm-none-eabi/10.2.0/../../../../arm-none-eabi/lib/thumb\libg.a(lib_a-tzlock.o)
                0x0000000002017b60                __tz_unlock
 .text._tzset_unlocked
                0x0000000002017b74       0x10 c:/devkitpro/devkitarm/bin/../lib/gcc/arm-none-eabi/10.2.0/../../../../arm-none-eabi/lib/thumb\libg.a(lib_a-tzset.o)
                0x0000000002017b74                _tzset_unlocked
 .text._tzset_unlocked_r
                0x0000000002017b84      0x360 c:/devkitpro/devkitarm/bin/../lib/gcc/arm-none-eabi/10.2.0/../../../../arm-none-eabi/lib/thumb\libg.a(lib_a-tzset_r.o)
                0x0000000002017b84                _tzset_unlocked_r
 .text.__submore
                0x0000000002017ee4       0x88 c:/devkitpro/devkitarm/bin/../lib/gcc/arm-none-eabi/10.2.0/../../../../arm-none-eabi/lib/thumb\libg.a(lib_a-ungetc.o)
                0x0000000002017ee4                __submore
 .text.get_arg  0x0000000002017f6c      0x3f0 c:/devkitpro/devkitarm/bin/../lib/gcc/arm-none-eabi/10.2.0/../../../../arm-none-eabi/lib/thumb\libg.a(lib_a-vfiprintf.o)
 .text.__sprint_r
                0x000000000201835c       0x20 c:/devkitpro/devkitarm/bin/../lib/gcc/arm-none-eabi/10.2.0/../../../../arm-none-eabi/lib/thumb\libg.a(lib_a-vfiprintf.o)
                0x000000000201835c                __sprint_r
 .text._vfiprintf_r
                0x000000000201837c     0x1800 c:/devkitpro/devkitarm/bin/../lib/gcc/arm-none-eabi/10.2.0/../../../../arm-none-eabi/lib/thumb\libg.a(lib_a-vfiprintf.o)
                0x000000000201837c                _vfiprintf_r
 .text.__sbprintf
                0x0000000002019b7c       0x8c c:/devkitpro/devkitarm/bin/../lib/gcc/arm-none-eabi/10.2.0/../../../../arm-none-eabi/lib/thumb\libg.a(lib_a-vfiprintf.o)
 .text.get_arg  0x0000000002019c08      0x3f0 c:/devkitpro/devkitarm/bin/../lib/gcc/arm-none-eabi/10.2.0/../../../../arm-none-eabi/lib/thumb\libg.a(lib_a-vfprintf.o)
 .text._vfprintf_r
                0x0000000002019ff8     0x2520 c:/devkitpro/devkitarm/bin/../lib/gcc/arm-none-eabi/10.2.0/../../../../arm-none-eabi/lib/thumb\libg.a(lib_a-vfprintf.o)
                0x0000000002019ff8                _vfprintf_r
 .text.__sbprintf
                0x000000000201c518       0x8c c:/devkitpro/devkitarm/bin/../lib/gcc/arm-none-eabi/10.2.0/../../../../arm-none-eabi/lib/thumb\libg.a(lib_a-vfprintf.o)
 .text._wcrtomb_r
                0x000000000201c5a4       0x5c c:/devkitpro/devkitarm/bin/../lib/gcc/arm-none-eabi/10.2.0/../../../../arm-none-eabi/lib/thumb\libg.a(lib_a-wcrtomb.o)
                0x000000000201c5a4                _wcrtomb_r
 .text.wcrtomb  0x000000000201c600       0x74 c:/devkitpro/devkitarm/bin/../lib/gcc/arm-none-eabi/10.2.0/../../../../arm-none-eabi/lib/thumb\libg.a(lib_a-wcrtomb.o)
                0x000000000201c600                wcrtomb
 .text._wcsrtombs_r
                0x000000000201c674       0x1c c:/devkitpro/devkitarm/bin/../lib/gcc/arm-none-eabi/10.2.0/../../../../arm-none-eabi/lib/thumb\libg.a(lib_a-wcsrtombs.o)
                0x000000000201c674                _wcsrtombs_r
 .text.wctob    0x000000000201c690       0x48 c:/devkitpro/devkitarm/bin/../lib/gcc/arm-none-eabi/10.2.0/../../../../arm-none-eabi/lib/thumb\libg.a(lib_a-wctob.o)
                0x000000000201c690                wctob
 .text.__utf8_wctomb
                0x000000000201c6d8       0xb4 c:/devkitpro/devkitarm/bin/../lib/gcc/arm-none-eabi/10.2.0/../../../../arm-none-eabi/lib/thumb\libg.a(lib_a-wctomb_r.o)
                0x000000000201c6d8                __utf8_wctomb
 .text.__swsetup_r
                0x000000000201c78c       0xe4 c:/devkitpro/devkitarm/bin/../lib/gcc/arm-none-eabi/10.2.0/../../../../arm-none-eabi/lib/thumb\libg.a(lib_a-wsetup.o)
                0x000000000201c78c                __swsetup_r
 .text.div      0x000000000201c870       0x34 c:/devkitpro/devkitarm/bin/../lib/gcc/arm-none-eabi/10.2.0/../../../../arm-none-eabi/lib/thumb\libg.a(lib_a-div.o)
                0x000000000201c870                div
 .text.quorem   0x000000000201c8a4      0x14c c:/devkitpro/devkitarm/bin/../lib/gcc/arm-none-eabi/10.2.0/../../../../arm-none-eabi/lib/thumb\libg.a(lib_a-dtoa.o)
 .text._dtoa_r  0x000000000201c9f0      0xff0 c:/devkitpro/devkitarm/bin/../lib/gcc/arm-none-eabi/10.2.0/../../../../arm-none-eabi/lib/thumb\libg.a(lib_a-dtoa.o)
                0x000000000201c9f0                _dtoa_r
 .text.__errno  0x000000000201d9e0        0xc c:/devkitpro/devkitarm/bin/../lib/gcc/arm-none-eabi/10.2.0/../../../../arm-none-eabi/lib/thumb\libg.a(lib_a-errno.o)
                0x000000000201d9e0                __errno
 .text.__sflags
                0x000000000201d9ec       0xa4 c:/devkitpro/devkitarm/bin/../lib/gcc/arm-none-eabi/10.2.0/../../../../arm-none-eabi/lib/thumb\libg.a(lib_a-flags.o)
                0x000000000201d9ec                __sflags
 .text.__sfvwrite_r
                0x000000000201da90      0x324 c:/devkitpro/devkitarm/bin/../lib/gcc/arm-none-eabi/10.2.0/../../../../arm-none-eabi/lib/thumb\libg.a(lib_a-fvwrite.o)
                0x000000000201da90                __sfvwrite_r
 .text._findenv_r
                0x000000000201ddb4       0x94 c:/devkitpro/devkitarm/bin/../lib/gcc/arm-none-eabi/10.2.0/../../../../arm-none-eabi/lib/thumb\libg.a(lib_a-getenv_r.o)
                0x000000000201ddb4                _findenv_r
 .text._getenv_r
                0x000000000201de48       0x10 c:/devkitpro/devkitarm/bin/../lib/gcc/arm-none-eabi/10.2.0/../../../../arm-none-eabi/lib/thumb\libg.a(lib_a-getenv_r.o)
                0x000000000201de48                _getenv_r
 .text.__gettzinfo
                0x000000000201de58        0x8 c:/devkitpro/devkitarm/bin/../lib/gcc/arm-none-eabi/10.2.0/../../../../arm-none-eabi/lib/thumb\libg.a(lib_a-gettzinfo.o)
                0x000000000201de58                __gettzinfo
 .text.gmtime_r
                0x000000000201de60      0x1d8 c:/devkitpro/devkitarm/bin/../lib/gcc/arm-none-eabi/10.2.0/../../../../arm-none-eabi/lib/thumb\libg.a(lib_a-gmtime_r.o)
                0x000000000201de60                gmtime_r
 .text.iswspace
                0x000000000201e038       0x10 c:/devkitpro/devkitarm/bin/../lib/gcc/arm-none-eabi/10.2.0/../../../../arm-none-eabi/lib/thumb\libg.a(lib_a-iswspace.o)
                0x000000000201e038                iswspace
 .text._localeconv_r
                0x000000000201e048        0x8 c:/devkitpro/devkitarm/bin/../lib/gcc/arm-none-eabi/10.2.0/../../../../arm-none-eabi/lib/thumb\libg.a(lib_a-localeconv.o)
                0x000000000201e048                _localeconv_r
 .text._mbsnrtowcs_r
                0x000000000201e050       0xc0 c:/devkitpro/devkitarm/bin/../lib/gcc/arm-none-eabi/10.2.0/../../../../arm-none-eabi/lib/thumb\libg.a(lib_a-mbsnrtowcs.o)
                0x000000000201e050                _mbsnrtowcs_r
 .text.memchr   0x000000000201e110       0x78 c:/devkitpro/devkitarm/bin/../lib/gcc/arm-none-eabi/10.2.0/../../../../arm-none-eabi/lib/thumb\libg.a(lib_a-memchr-stub.o)
                0x000000000201e110                memchr
 .text._Balloc  0x000000000201e188       0x54 c:/devkitpro/devkitarm/bin/../lib/gcc/arm-none-eabi/10.2.0/../../../../arm-none-eabi/lib/thumb\libg.a(lib_a-mprec.o)
                0x000000000201e188                _Balloc
 .text._Bfree   0x000000000201e1dc       0x14 c:/devkitpro/devkitarm/bin/../lib/gcc/arm-none-eabi/10.2.0/../../../../arm-none-eabi/lib/thumb\libg.a(lib_a-mprec.o)
                0x000000000201e1dc                _Bfree
 .text.__multadd
                0x000000000201e1f0       0xac c:/devkitpro/devkitarm/bin/../lib/gcc/arm-none-eabi/10.2.0/../../../../arm-none-eabi/lib/thumb\libg.a(lib_a-mprec.o)
                0x000000000201e1f0                __multadd
 .text.__hi0bits
                0x000000000201e29c       0x38 c:/devkitpro/devkitarm/bin/../lib/gcc/arm-none-eabi/10.2.0/../../../../arm-none-eabi/lib/thumb\libg.a(lib_a-mprec.o)
                0x000000000201e29c                __hi0bits
 .text.__lo0bits
                0x000000000201e2d4       0x5c c:/devkitpro/devkitarm/bin/../lib/gcc/arm-none-eabi/10.2.0/../../../../arm-none-eabi/lib/thumb\libg.a(lib_a-mprec.o)
                0x000000000201e2d4                __lo0bits
 .text.__i2b    0x000000000201e330       0x64 c:/devkitpro/devkitarm/bin/../lib/gcc/arm-none-eabi/10.2.0/../../../../arm-none-eabi/lib/thumb\libg.a(lib_a-mprec.o)
                0x000000000201e330                __i2b
 .text.__multiply
                0x000000000201e394      0x1a8 c:/devkitpro/devkitarm/bin/../lib/gcc/arm-none-eabi/10.2.0/../../../../arm-none-eabi/lib/thumb\libg.a(lib_a-mprec.o)
                0x000000000201e394                __multiply
 .text.__pow5mult
                0x000000000201e53c       0xdc c:/devkitpro/devkitarm/bin/../lib/gcc/arm-none-eabi/10.2.0/../../../../arm-none-eabi/lib/thumb\libg.a(lib_a-mprec.o)
                0x000000000201e53c                __pow5mult
 .text.__lshift
                0x000000000201e618      0x100 c:/devkitpro/devkitarm/bin/../lib/gcc/arm-none-eabi/10.2.0/../../../../arm-none-eabi/lib/thumb\libg.a(lib_a-mprec.o)
                0x000000000201e618                __lshift
 .text.__mcmp   0x000000000201e718       0x38 c:/devkitpro/devkitarm/bin/../lib/gcc/arm-none-eabi/10.2.0/../../../../arm-none-eabi/lib/thumb\libg.a(lib_a-mprec.o)
                0x000000000201e718                __mcmp
 .text.__mdiff  0x000000000201e750      0x190 c:/devkitpro/devkitarm/bin/../lib/gcc/arm-none-eabi/10.2.0/../../../../arm-none-eabi/lib/thumb\libg.a(lib_a-mprec.o)
                0x000000000201e750                __mdiff
 .text.__d2b    0x000000000201e8e0       0xdc c:/devkitpro/devkitarm/bin/../lib/gcc/arm-none-eabi/10.2.0/../../../../arm-none-eabi/lib/thumb\libg.a(lib_a-mprec.o)
                0x000000000201e8e0                __d2b
 .text.__sccl   0x000000000201e9bc       0x90 c:/devkitpro/devkitarm/bin/../lib/gcc/arm-none-eabi/10.2.0/../../../../arm-none-eabi/lib/thumb\libg.a(lib_a-sccl.o)
                0x000000000201e9bc                __sccl
 .text.frexp    0x000000000201ea4c       0x68 c:/devkitpro/devkitarm/bin/../lib/gcc/arm-none-eabi/10.2.0/../../../../arm-none-eabi/lib/thumb\libg.a(lib_a-s_frexp.o)
                0x000000000201ea4c                frexp
 .text._strtoll_l.constprop.0
                0x000000000201eab4      0x1ac c:/devkitpro/devkitarm/bin/../lib/gcc/arm-none-eabi/10.2.0/../../../../arm-none-eabi/lib/thumb\libg.a(lib_a-strtoll.o)
 .text._strtoll_r
                0x000000000201ec60        0xc c:/devkitpro/devkitarm/bin/../lib/gcc/arm-none-eabi/10.2.0/../../../../arm-none-eabi/lib/thumb\libg.a(lib_a-strtoll.o)
                0x000000000201ec60                _strtoll_r
 .text._strtoull_l.constprop.0
                0x000000000201ec6c      0x1c8 c:/devkitpro/devkitarm/bin/../lib/gcc/arm-none-eabi/10.2.0/../../../../arm-none-eabi/lib/thumb\libg.a(lib_a-strtoull.o)
 .text._strtoull_r
                0x000000000201ee34        0xc c:/devkitpro/devkitarm/bin/../lib/gcc/arm-none-eabi/10.2.0/../../../../arm-none-eabi/lib/thumb\libg.a(lib_a-strtoull.o)
                0x000000000201ee34                _strtoull_r
 .text._strtoul_l.constprop.0
                0x000000000201ee40      0x148 c:/devkitpro/devkitarm/bin/../lib/gcc/arm-none-eabi/10.2.0/../../../../arm-none-eabi/lib/thumb\libg.a(lib_a-strtoul.o)
 .text._strtoul_r
                0x000000000201ef88        0xc c:/devkitpro/devkitarm/bin/../lib/gcc/arm-none-eabi/10.2.0/../../../../arm-none-eabi/lib/thumb\libg.a(lib_a-strtoul.o)
                0x000000000201ef88                _strtoul_r
 .text.strtoul  0x000000000201ef94       0x1c c:/devkitpro/devkitarm/bin/../lib/gcc/arm-none-eabi/10.2.0/../../../../arm-none-eabi/lib/thumb\libg.a(lib_a-strtoul.o)
                0x000000000201ef94                strtoul
 .text.__ssprint_r
                0x000000000201efb0      0x124 c:/devkitpro/devkitarm/bin/../lib/gcc/arm-none-eabi/10.2.0/../../../../arm-none-eabi/lib/thumb\libg.a(lib_a-svfiprintf.o)
                0x000000000201efb0                __ssprint_r
 .text.towctrans
                0x000000000201f0d4       0x28 c:/devkitpro/devkitarm/bin/../lib/gcc/arm-none-eabi/10.2.0/../../../../arm-none-eabi/lib/thumb\libg.a(lib_a-towctrans.o)
                0x000000000201f0d4                towctrans
 .text._wcsnrtombs_l
                0x000000000201f0fc      0x138 c:/devkitpro/devkitarm/bin/../lib/gcc/arm-none-eabi/10.2.0/../../../../arm-none-eabi/lib/thumb\libg.a(lib_a-wcsnrtombs.o)
                0x000000000201f0fc                _wcsnrtombs_l
 .text._wcsnrtombs_r
                0x000000000201f234       0x30 c:/devkitpro/devkitarm/bin/../lib/gcc/arm-none-eabi/10.2.0/../../../../arm-none-eabi/lib/thumb\libg.a(lib_a-wcsnrtombs.o)
                0x000000000201f234                _wcsnrtombs_r
 .text.__assert_func
                0x000000000201f264       0x40 c:/devkitpro/devkitarm/bin/../lib/gcc/arm-none-eabi/10.2.0/../../../../arm-none-eabi/lib/thumb\libg.a(lib_a-assert.o)
                0x000000000201f264                __assert_func
 .text.__env_lock
                0x000000000201f2a4       0x14 c:/devkitpro/devkitarm/bin/../lib/gcc/arm-none-eabi/10.2.0/../../../../arm-none-eabi/lib/thumb\libg.a(lib_a-envlock.o)
                0x000000000201f2a4                __env_lock
 .text.__env_unlock
                0x000000000201f2b8       0x14 c:/devkitpro/devkitarm/bin/../lib/gcc/arm-none-eabi/10.2.0/../../../../arm-none-eabi/lib/thumb\libg.a(lib_a-envlock.o)
                0x000000000201f2b8                __env_unlock
 .text.fiprintf
                0x000000000201f2cc       0x28 c:/devkitpro/devkitarm/bin/../lib/gcc/arm-none-eabi/10.2.0/../../../../arm-none-eabi/lib/thumb\libg.a(lib_a-fiprintf.o)
                0x000000000201f2cc                fiprintf
 .text.iswspace_l
                0x000000000201f2f4       0x2c c:/devkitpro/devkitarm/bin/../lib/gcc/arm-none-eabi/10.2.0/../../../../arm-none-eabi/lib/thumb\libg.a(lib_a-iswspace_l.o)
                0x000000000201f2f4                iswspace_l
 .text.__jp2uc  0x000000000201f320      0x164 c:/devkitpro/devkitarm/bin/../lib/gcc/arm-none-eabi/10.2.0/../../../../arm-none-eabi/lib/thumb\libg.a(lib_a-jp2uc.o)
 .text._jp2uc_l
                0x000000000201f484       0x6c c:/devkitpro/devkitarm/bin/../lib/gcc/arm-none-eabi/10.2.0/../../../../arm-none-eabi/lib/thumb\libg.a(lib_a-jp2uc.o)
                0x000000000201f484                _jp2uc_l
 .text._uc2jp_l
                0x000000000201f4f0       0x4c c:/devkitpro/devkitarm/bin/../lib/gcc/arm-none-eabi/10.2.0/../../../../arm-none-eabi/lib/thumb\libg.a(lib_a-jp2uc.o)
                0x000000000201f4f0                _uc2jp_l
 .text.towctrans_l
                0x000000000201f53c      0x1b4 c:/devkitpro/devkitarm/bin/../lib/gcc/arm-none-eabi/10.2.0/../../../../arm-none-eabi/lib/thumb\libg.a(lib_a-towctrans_l.o)
                0x000000000201f53c                towctrans_l
 .text.abort    0x000000000201f6f0       0x10 c:/devkitpro/devkitarm/bin/../lib/gcc/arm-none-eabi/10.2.0/../../../../arm-none-eabi/lib/thumb\libg.a(lib_a-abort.o)
                0x000000000201f6f0                abort
 .text.category
                0x000000000201f700       0x54 c:/devkitpro/devkitarm/bin/../lib/gcc/arm-none-eabi/10.2.0/../../../../arm-none-eabi/lib/thumb\libg.a(lib_a-categories.o)
                0x000000000201f700                category
 .text._raise_r
                0x000000000201f754       0x64 c:/devkitpro/devkitarm/bin/../lib/gcc/arm-none-eabi/10.2.0/../../../../arm-none-eabi/lib/thumb\libg.a(lib_a-signal.o)
                0x000000000201f754                _raise_r
 .text.raise    0x000000000201f7b8       0x14 c:/devkitpro/devkitarm/bin/../lib/gcc/arm-none-eabi/10.2.0/../../../../arm-none-eabi/lib/thumb\libg.a(lib_a-signal.o)
                0x000000000201f7b8                raise
 .text.null_write
                0x000000000201f7cc        0x4 c:/devkitpro/devkitarm/bin/../lib/gcc/arm-none-eabi/10.2.0/../../../../arm-none-eabi/lib/thumb\libsysbase.a(iosupport.o)
 .text.setDefaultDevice
                0x000000000201f7d0       0x10 c:/devkitpro/devkitarm/bin/../lib/gcc/arm-none-eabi/10.2.0/../../../../arm-none-eabi/lib/thumb\libsysbase.a(iosupport.o)
                0x000000000201f7d0                setDefaultDevice
 .text.FindDevice
                0x000000000201f7e0       0x98 c:/devkitpro/devkitarm/bin/../lib/gcc/arm-none-eabi/10.2.0/../../../../arm-none-eabi/lib/thumb\libsysbase.a(iosupport.o)
                0x000000000201f7e0                FindDevice
 .text.AddDevice
                0x000000000201f878       0x78 c:/devkitpro/devkitarm/bin/../lib/gcc/arm-none-eabi/10.2.0/../../../../arm-none-eabi/lib/thumb\libsysbase.a(iosupport.o)
                0x000000000201f878                AddDevice
 .text.GetDeviceOpTab
                0x000000000201f8f0       0x20 c:/devkitpro/devkitarm/bin/../lib/gcc/arm-none-eabi/10.2.0/../../../../arm-none-eabi/lib/thumb\libsysbase.a(iosupport.o)
                0x000000000201f8f0                GetDeviceOpTab
 .text._fstat_r
                0x000000000201f910       0x4c c:/devkitpro/devkitarm/bin/../lib/gcc/arm-none-eabi/10.2.0/../../../../arm-none-eabi/lib/thumb\libsysbase.a(fstat.o)
                0x000000000201f910                _fstat_r
 .text._getpid_r
                0x000000000201f95c        0xc c:/devkitpro/devkitarm/bin/../lib/gcc/arm-none-eabi/10.2.0/../../../../arm-none-eabi/lib/thumb\libsysbase.a(getpid.o)
                0x000000000201f95c                _getpid_r
 .text._gettimeofday_r
                0x000000000201f968       0x28 c:/devkitpro/devkitarm/bin/../lib/gcc/arm-none-eabi/10.2.0/../../../../arm-none-eabi/lib/thumb\libsysbase.a(gettod.o)
                0x000000000201f968                _gettimeofday_r
 .text._isatty_r
                0x000000000201f990        0x4 c:/devkitpro/devkitarm/bin/../lib/gcc/arm-none-eabi/10.2.0/../../../../arm-none-eabi/lib/thumb\libsysbase.a(isatty.o)
                0x000000000201f990                _isatty_r
 .text._kill_r  0x000000000201f994        0xc c:/devkitpro/devkitarm/bin/../lib/gcc/arm-none-eabi/10.2.0/../../../../arm-none-eabi/lib/thumb\libsysbase.a(kill.o)
                0x000000000201f994                _kill_r
 .text._lseek_r
                0x000000000201f9a0       0x5c c:/devkitpro/devkitarm/bin/../lib/gcc/arm-none-eabi/10.2.0/../../../../arm-none-eabi/lib/thumb\libsysbase.a(lseek.o)
                0x000000000201f9a0                _lseek_r
 .text._open_r  0x000000000201f9fc       0x9c c:/devkitpro/devkitarm/bin/../lib/gcc/arm-none-eabi/10.2.0/../../../../arm-none-eabi/lib/thumb\libsysbase.a(open.o)
                0x000000000201f9fc                _open_r
 .text._read_r  0x000000000201fa98       0x50 c:/devkitpro/devkitarm/bin/../lib/gcc/arm-none-eabi/10.2.0/../../../../arm-none-eabi/lib/thumb\libsysbase.a(read.o)
                0x000000000201fa98                _read_r
 .text._sbrk_r  0x000000000201fae8       0x54 c:/devkitpro/devkitarm/bin/../lib/gcc/arm-none-eabi/10.2.0/../../../../arm-none-eabi/lib/thumb\libsysbase.a(sbrk.o)
                0x000000000201fae8                _sbrk_r
 .text._write_r
                0x000000000201fb3c       0x50 c:/devkitpro/devkitarm/bin/../lib/gcc/arm-none-eabi/10.2.0/../../../../arm-none-eabi/lib/thumb\libsysbase.a(write.o)
                0x000000000201fb3c                _write_r
 .text._exit    0x000000000201fb8c       0x18 c:/devkitpro/devkitarm/bin/../lib/gcc/arm-none-eabi/10.2.0/../../../../arm-none-eabi/lib/thumb\libsysbase.a(_exit.o)
                0x000000000201fb8c                _exit
 .text._concatenate_path
                0x000000000201fba4      0x128 c:/devkitpro/devkitarm/bin/../lib/gcc/arm-none-eabi/10.2.0/../../../../arm-none-eabi/lib/thumb\libsysbase.a(chdir.o)
                0x000000000201fba4                _concatenate_path
 .text.chdir    0x000000000201fccc       0xec c:/devkitpro/devkitarm/bin/../lib/gcc/arm-none-eabi/10.2.0/../../../../arm-none-eabi/lib/thumb\libsysbase.a(chdir.o)
                0x000000000201fccc                chdir
 .text.build_argv
                0x000000000201fdb8       0x4c c:/devkitpro/devkitarm/bin/../lib/gcc/arm-none-eabi/10.2.0/../../../../arm-none-eabi/lib/thumb\libsysbase.a(build_argv.o)
                0x000000000201fdb8                build_argv
 .text.__flockfile
                0x000000000201fe04       0x10 c:/devkitpro/devkitarm/bin/../lib/gcc/arm-none-eabi/10.2.0/../../../../arm-none-eabi/lib/thumb\libsysbase.a(flock.o)
                0x000000000201fe04                __flockfile
 .text.__funlockfile
                0x000000000201fe14       0x10 c:/devkitpro/devkitarm/bin/../lib/gcc/arm-none-eabi/10.2.0/../../../../arm-none-eabi/lib/thumb\libsysbase.a(flock.o)
                0x000000000201fe14                __funlockfile
 .text.__libc_lock_acquire
                0x000000000201fe24       0x1c c:/devkitpro/devkitarm/bin/../lib/gcc/arm-none-eabi/10.2.0/../../../../arm-none-eabi/lib/thumb\libsysbase.a(syscall_support.o)
                0x000000000201fe24                __libc_lock_acquire
 .text.__libc_lock_release
                0x000000000201fe40       0x1c c:/devkitpro/devkitarm/bin/../lib/gcc/arm-none-eabi/10.2.0/../../../../arm-none-eabi/lib/thumb\libsysbase.a(syscall_support.o)
                0x000000000201fe40                __libc_lock_release
 .text.__libc_lock_init_recursive
                0x000000000201fe5c       0x1c c:/devkitpro/devkitarm/bin/../lib/gcc/arm-none-eabi/10.2.0/../../../../arm-none-eabi/lib/thumb\libsysbase.a(syscall_support.o)
                0x000000000201fe5c                __libc_lock_init_recursive
 .text.__libc_lock_acquire_recursive
                0x000000000201fe78       0x1c c:/devkitpro/devkitarm/bin/../lib/gcc/arm-none-eabi/10.2.0/../../../../arm-none-eabi/lib/thumb\libsysbase.a(syscall_support.o)
                0x000000000201fe78                __libc_lock_acquire_recursive
 .text.__libc_lock_release_recursive
                0x000000000201fe94       0x1c c:/devkitpro/devkitarm/bin/../lib/gcc/arm-none-eabi/10.2.0/../../../../arm-none-eabi/lib/thumb\libsysbase.a(syscall_support.o)
                0x000000000201fe94                __libc_lock_release_recursive
 .text.__libc_lock_close_recursive
                0x000000000201feb0       0x1c c:/devkitpro/devkitarm/bin/../lib/gcc/arm-none-eabi/10.2.0/../../../../arm-none-eabi/lib/thumb\libsysbase.a(syscall_support.o)
                0x000000000201feb0                __libc_lock_close_recursive
 .text.__release_handle
                0x000000000201fecc       0x68 c:/devkitpro/devkitarm/bin/../lib/gcc/arm-none-eabi/10.2.0/../../../../arm-none-eabi/lib/thumb\libsysbase.a(handle_manager.o)
                0x000000000201fecc                __release_handle
 .text.__alloc_handle
                0x000000000201ff34       0x80 c:/devkitpro/devkitarm/bin/../lib/gcc/arm-none-eabi/10.2.0/../../../../arm-none-eabi/lib/thumb\libsysbase.a(handle_manager.o)
                0x000000000201ff34                __alloc_handle
 .text.__get_handle
                0x000000000201ffb4       0x34 c:/devkitpro/devkitarm/bin/../lib/gcc/arm-none-eabi/10.2.0/../../../../arm-none-eabi/lib/thumb\libsysbase.a(handle_manager.o)
                0x000000000201ffb4                __get_handle
 .text._close_r
                0x000000000201ffe8       0xb8 c:/devkitpro/devkitarm/bin/../lib/gcc/arm-none-eabi/10.2.0/../../../../arm-none-eabi/lib/thumb\libsysbase.a(handle_manager.o)
                0x000000000201ffe8                _close_r
 .text.__getreent
                0x00000000020200a0       0x28 c:/devkitpro/devkitarm/bin/../lib/gcc/arm-none-eabi/10.2.0/../../../../arm-none-eabi/lib/thumb\libsysbase.a(getreent.o)
                0x00000000020200a0                __getreent
 .text.__getreent.__stub
                0x00000000020200c8      0x160 linker stubs
 *(EXCLUDE_FILE(*.twl*) .gnu.warning)
 *(EXCLUDE_FILE(*.twl*) .gnu.linkonce.t*)
 *(.glue_7)
 .glue_7        0x0000000002020238        0x0 linker stubs
 *(.glue_7t)
 .glue_7t       0x0000000002020238        0x0 linker stubs
                0x0000000002020238                . = ALIGN (0x4)

.vfp11_veneer   0x0000000002020238        0x0
 .vfp11_veneer  0x0000000002020238        0x0 linker stubs

.v4_bx          0x0000000002020238        0x0
 .v4_bx         0x0000000002020238        0x0 linker stubs

.iplt           0x0000000002020238        0x0
 .iplt          0x0000000002020238        0x0 c:/devkitpro/devkitarm/bin/../lib/gcc/arm-none-eabi/10.2.0/../../../../arm-none-eabi/lib/thumb/ds_arm9_crt0.o

.fini           0x0000000002020238        0xc
 *(.fini)
 .fini          0x0000000002020238        0x4 c:/devkitpro/devkitarm/bin/../lib/gcc/arm-none-eabi/10.2.0/thumb/crti.o
                0x0000000002020238                _fini
 .fini          0x000000000202023c        0x8 c:/devkitpro/devkitarm/bin/../lib/gcc/arm-none-eabi/10.2.0/thumb/crtn.o
                0x0000000002020244                __text_end = .

.rodata         0x0000000002020260   0x151a98
 *(EXCLUDE_FILE(*.twl*) .rodata)
 .rodata        0x0000000002020260       0x1c main.o
 .rodata        0x000000000202027c       0x50 C:/Users/TheMiningBoy/Documents/Roblox_DS/Game/nflib/lib\libnflib.a(nf_basic.o)
 *all.rodata*(*)
 *(EXCLUDE_FILE(*.twl*) .roda)
 *(EXCLUDE_FILE(*.twl*) .rodata.*)
 .rodata.soundbank_bin
                0x00000000020202cc   0x147d40 soundbank.bin.o
                0x00000000020202cc                soundbank_bin
                0x000000000216800c                soundbank_bin_end
 .rodata.str1.4
                0x000000000216800c       0xc5 main.o
 *fill*         0x00000000021680d1        0x3 ff
 .rodata.str1.4
                0x00000000021680d4       0x4e nitrofs.o
 *fill*         0x0000000002168122        0x2 ff
 .rodata.str1.4
                0x0000000002168124      0x61b C:/Users/TheMiningBoy/Documents/Roblox_DS/Game/nflib/lib\libnflib.a(nf_basic.o)
                                        0x628 (size before relaxing)
 *fill*         0x000000000216873f        0x1 ff
 .rodata.fatMount.part.0.str1.4
                0x0000000002168740        0x2 C:/devkitPro/libnds/lib\libfat.a(libfat.o)
 *fill*         0x0000000002168742        0x2 ff
 .rodata.fatInit.str1.4
                0x0000000002168744        0x3 C:/devkitPro/libnds/lib\libfat.a(libfat.o)
 *fill*         0x0000000002168747        0x1 ff
 .rodata.str1.4
                0x0000000002168748        0x4 C:/devkitPro/libnds/lib\libfat.a(libfat.o)
 .rodata.dotab_fat
                0x000000000216874c       0x70 C:/devkitPro/libnds/lib\libfat.a(libfat.o)
 .rodata.str1.4
                0x00000000021687bc        0x3 C:/devkitPro/libnds/lib\libfat.a(disc.o)
                                          0x8 (size before relaxing)
 *fill*         0x00000000021687bf        0x1 ff
 .rodata._FAT_disc_interfaces
                0x00000000021687c0       0x18 C:/devkitPro/libnds/lib\libfat.a(disc.o)
                0x00000000021687c0                _FAT_disc_interfaces
 .rodata._FAT_directory_entryFromPath.str1.4
                0x00000000021687d8        0x7 C:/devkitPro/libnds/lib\libfat.a(directory.o)
 .rodata.ILLEGAL_ALIAS_CHARACTERS
                0x00000000021687d8       0x12 C:/devkitPro/libnds/lib\libfat.a(directory.o)
 *fill*         0x00000000021687ea        0x2 ff
 .rodata.ILLEGAL_LFN_CHARACTERS
                0x00000000021687ec        0xa C:/devkitPro/libnds/lib\libfat.a(directory.o)
 *fill*         0x00000000021687f6        0x2 ff
 .rodata.LFN_offset_table
                0x00000000021687f8       0x34 C:/devkitPro/libnds/lib\libfat.a(directory.o)
 .rodata.FAT_SIG
                0x000000000216882c        0x3 C:/devkitPro/libnds/lib\libfat.a(partition.o)
 *fill*         0x000000000216882f        0x1 ff
 .rodata.FS_TWL_SIG
                0x0000000002168830        0x8 C:/devkitPro/libnds/lib\libfat.a(partition.o)
 .rodata.con_write.str1.4
                0x0000000002168838       0x30 C:/devkitPro/libnds/lib\libnds9.a(console.o)
 .rodata.con_write
                0x0000000002168868       0xd4 C:/devkitPro/libnds/lib\libnds9.a(console.o)
 .rodata.consoleClear.str1.4
                0x000000000216893c        0x5 C:/devkitPro/libnds/lib\libnds9.a(console.o)
 *fill*         0x0000000002168941        0x3 ff
 .rodata.str1.4
                0x0000000002168944       0x14 C:/devkitPro/libnds/lib\libnds9.a(console.o)
 .rodata.dotab_stdout
                0x0000000002168958       0x70 C:/devkitPro/libnds/lib\libnds9.a(console.o)
 .rodata.SIN_LUT
                0x00000000021689c8      0x102 C:/devkitPro/libnds/lib\libnds9.a(trig.o)
                0x00000000021689c8                SIN_LUT
 *fill*         0x0000000002168aca        0x2 ff
 .rodata.TAN_LUT
                0x0000000002168acc      0x204 C:/devkitPro/libnds/lib\libnds9.a(trig.o)
                0x0000000002168acc                TAN_LUT
 *fill*         0x0000000002168cd0       0x10 ff
 .rodata.default_font_bin
                0x0000000002168ce0     0x2000 C:/devkitPro/libnds/lib\libnds9.a(default_font.bin.o)
                0x0000000002168ce0                default_font_bin
                0x000000000216ace0                default_font_bin_end
 .rodata.npio2_hw
                0x000000000216ace0       0x80 c:/devkitpro/devkitarm/bin/../lib/gcc/arm-none-eabi/10.2.0/../../../../arm-none-eabi/lib/thumb\libm.a(lib_a-e_rem_pio2.o)
 .rodata.two_over_pi
                0x000000000216ad60      0x108 c:/devkitpro/devkitarm/bin/../lib/gcc/arm-none-eabi/10.2.0/../../../../arm-none-eabi/lib/thumb\libm.a(lib_a-e_rem_pio2.o)
 .rodata.PIo2   0x000000000216ae68       0x40 c:/devkitpro/devkitarm/bin/../lib/gcc/arm-none-eabi/10.2.0/../../../../arm-none-eabi/lib/thumb\libm.a(lib_a-k_rem_pio2.o)
 .rodata.init_jk
                0x000000000216aea8       0x10 c:/devkitpro/devkitarm/bin/../lib/gcc/arm-none-eabi/10.2.0/../../../../arm-none-eabi/lib/thumb\libm.a(lib_a-k_rem_pio2.o)
 .rodata._ctype_
                0x000000000216aeb8      0x101 c:/devkitpro/devkitarm/bin/../lib/gcc/arm-none-eabi/10.2.0/../../../../arm-none-eabi/lib/thumb\libg.a(lib_a-ctype_.o)
                0x000000000216aeb8                _ctype_
 *fill*         0x000000000216afb9        0x3 ff
 .rodata._global_impure_ptr
                0x000000000216afbc        0x4 c:/devkitpro/devkitarm/bin/../lib/gcc/arm-none-eabi/10.2.0/../../../../arm-none-eabi/lib/thumb\libg.a(lib_a-impure.o)
                0x000000000216afbc                _global_impure_ptr
 .rodata.str1.4
                0x000000000216afc0       0x44 c:/devkitpro/devkitarm/bin/../lib/gcc/arm-none-eabi/10.2.0/../../../../arm-none-eabi/lib/thumb\libg.a(lib_a-locale.o)
                                         0x4c (size before relaxing)
 .rodata._mbrtowc_r.str1.4
                0x000000000216b004        0x1 c:/devkitpro/devkitarm/bin/../lib/gcc/arm-none-eabi/10.2.0/../../../../arm-none-eabi/lib/thumb\libg.a(lib_a-mbrtowc.o)
 .rodata.DAYS_IN_MONTH
                0x000000000216b004       0x30 c:/devkitpro/devkitarm/bin/../lib/gcc/arm-none-eabi/10.2.0/../../../../arm-none-eabi/lib/thumb\libg.a(lib_a-mktime.o)
 .rodata._DAYS_BEFORE_MONTH
                0x000000000216b034       0x30 c:/devkitpro/devkitarm/bin/../lib/gcc/arm-none-eabi/10.2.0/../../../../arm-none-eabi/lib/thumb\libg.a(lib_a-mktime.o)
 .rodata.__month_lengths
                0x000000000216b064       0x60 c:/devkitpro/devkitarm/bin/../lib/gcc/arm-none-eabi/10.2.0/../../../../arm-none-eabi/lib/thumb\libg.a(lib_a-month_lengths.o)
                0x000000000216b064                __month_lengths
 .rodata.basefix.0
                0x000000000216b0c4       0x22 c:/devkitpro/devkitarm/bin/../lib/gcc/arm-none-eabi/10.2.0/../../../../arm-none-eabi/lib/thumb\libg.a(lib_a-svfiscanf.o)
 .rodata._svfprintf_r.str1.1
                0x000000000216b0e6       0x3b c:/devkitpro/devkitarm/bin/../lib/gcc/arm-none-eabi/10.2.0/../../../../arm-none-eabi/lib/thumb\libg.a(lib_a-svfprintf.o)
 *fill*         0x000000000216b121        0x3 ff
 .rodata.blanks.1
                0x000000000216b124       0x10 c:/devkitpro/devkitarm/bin/../lib/gcc/arm-none-eabi/10.2.0/../../../../arm-none-eabi/lib/thumb\libg.a(lib_a-svfprintf.o)
 .rodata.zeroes.0
                0x000000000216b134       0x10 c:/devkitpro/devkitarm/bin/../lib/gcc/arm-none-eabi/10.2.0/../../../../arm-none-eabi/lib/thumb\libg.a(lib_a-svfprintf.o)
 .rodata._tzset_unlocked_r.str1.4
                0x000000000216b144       0x53 c:/devkitpro/devkitarm/bin/../lib/gcc/arm-none-eabi/10.2.0/../../../../arm-none-eabi/lib/thumb\libg.a(lib_a-tzset_r.o)
 .rodata.str1.4
                0x000000000216b197        0x4 c:/devkitpro/devkitarm/bin/../lib/gcc/arm-none-eabi/10.2.0/../../../../arm-none-eabi/lib/thumb\libg.a(lib_a-tzvars.o)
 .rodata._vfiprintf_r.str1.1
                0x000000000216b197       0x29 c:/devkitpro/devkitarm/bin/../lib/gcc/arm-none-eabi/10.2.0/../../../../arm-none-eabi/lib/thumb\libg.a(lib_a-vfiprintf.o)
 *fill*         0x000000000216b197        0x1 ff
 .rodata.blanks.1
                0x000000000216b198       0x10 c:/devkitpro/devkitarm/bin/../lib/gcc/arm-none-eabi/10.2.0/../../../../arm-none-eabi/lib/thumb\libg.a(lib_a-vfiprintf.o)
 .rodata.zeroes.0
                0x000000000216b1a8       0x10 c:/devkitpro/devkitarm/bin/../lib/gcc/arm-none-eabi/10.2.0/../../../../arm-none-eabi/lib/thumb\libg.a(lib_a-vfiprintf.o)
 .rodata._vfprintf_r.str1.1
                0x000000000216b1b8       0x3b c:/devkitpro/devkitarm/bin/../lib/gcc/arm-none-eabi/10.2.0/../../../../arm-none-eabi/lib/thumb\libg.a(lib_a-vfprintf.o)
 .rodata.blanks.1
                0x000000000216b1b8       0x10 c:/devkitpro/devkitarm/bin/../lib/gcc/arm-none-eabi/10.2.0/../../../../arm-none-eabi/lib/thumb\libg.a(lib_a-vfprintf.o)
 .rodata.zeroes.0
                0x000000000216b1c8       0x10 c:/devkitpro/devkitarm/bin/../lib/gcc/arm-none-eabi/10.2.0/../../../../arm-none-eabi/lib/thumb\libg.a(lib_a-vfprintf.o)
 .rodata._dtoa_r.str1.4
                0x000000000216b1d8       0x64 c:/devkitpro/devkitarm/bin/../lib/gcc/arm-none-eabi/10.2.0/../../../../arm-none-eabi/lib/thumb\libg.a(lib_a-dtoa.o)
 .rodata.__multadd.str1.4
                0x000000000216b23c       0x3d c:/devkitpro/devkitarm/bin/../lib/gcc/arm-none-eabi/10.2.0/../../../../arm-none-eabi/lib/thumb\libg.a(lib_a-mprec.o)
                                         0x51 (size before relaxing)
 *fill*         0x000000000216b279        0x7 ff
 .rodata.__mprec_bigtens