Archive member included to satisfy reference by file (symbol)

C:/Users/TheMiningBoy/Documents/Roblox_DS/Game/nflib/lib\libnflib.a(nf_basic.o)
                              main.o (NF_GetLanguage)
C:/devkitPro/libnds/lib\libfilesystem.a(nitrofs.o)
                              C:/Users/TheMiningBoy/Documents/Roblox_DS/Game/nflib/lib\libnflib.a(nf_basic.o) (nitroFSInit)
C:/devkitPro/libnds/lib\libfat.a(libfat.o)
                              main.o (fatInitDefault)
C:/devkitPro/libnds/lib\libfat.a(disc.o)
                              C:/devkitPro/libnds/lib\libfat.a(libfat.o) (_FAT_disc_interfaces)
C:/devkitPro/libnds/lib\libfat.a(fatfile.o)
                              C:/devkitPro/libnds/lib\libfat.a(libfat.o) (_FAT_open_r)
C:/devkitPro/libnds/lib\libfat.a(cache.o)
                              C:/devkitPro/libnds/lib\libfat.a(fatfile.o) (_FAT_cache_readSectors)
C:/devkitPro/libnds/lib\libfat.a(fatdir.o)
                              C:/devkitPro/libnds/lib\libfat.a(libfat.o) (_FAT_stat_r)
C:/devkitPro/libnds/lib\libfat.a(directory.o)
                              C:/devkitPro/libnds/lib\libfat.a(fatfile.o) (_FAT_directory_entryGetCluster)
C:/devkitPro/libnds/lib\libfat.a(partition.o)
                              C:/devkitPro/libnds/lib\libfat.a(libfat.o) (_FAT_partition_destructor)
C:/devkitPro/libnds/lib\libfat.a(lock.o)
                              C:/devkitPro/libnds/lib\libfat.a(partition.o) (_FAT_lock_init)
C:/devkitPro/libnds/lib\libfat.a(filetime.o)
                              C:/devkitPro/libnds/lib\libfat.a(fatfile.o) (_FAT_filetime_getTimeFromRTC)
C:/devkitPro/libnds/lib\libfat.a(file_allocation_table.o)
                              C:/devkitPro/libnds/lib\libfat.a(fatfile.o) (_FAT_fat_nextCluster)
C:/devkitPro/libnds/lib\libnds9.a(video.o)
                              C:/Users/TheMiningBoy/Documents/Roblox_DS/Game/nflib/lib\libnflib.a(nf_basic.o) (setBrightness)
C:/devkitPro/libnds/lib\libnds9.a(touch.o)
                              main.o (touchRead)
C:/devkitPro/libnds/lib\libnds9.a(boxtest.o)
                              main.o (BoxTest)
C:/devkitPro/libnds/lib\libnds9.a(console.o)
                              main.o (consoleDemoInit)
C:/devkitPro/libnds/lib\libnds9.a(trig.o)
                              main.o (sinLerp)
C:/devkitPro/libnds/lib\libnds9.a(videoGL.o)
                              main.o (glInit_C)
C:/devkitPro/libnds/lib\libnds9.a(keys.o)
                              main.o (scanKeys)
C:/devkitPro/libnds/lib\libnds9.a(dldi.o)
                              C:/devkitPro/libnds/lib\libfat.a(disc.o) (dldiGetInternal)
C:/devkitPro/libnds/lib\libnds9.a(initSystem.o)
                              c:/devkitpro/devkitarm/bin/../lib/gcc/arm-none-eabi/10.2.0/../../../../arm-none-eabi/lib/thumb/ds_arm9_crt0.o (initSystem)
C:/devkitPro/libnds/lib\libnds9.a(timeSupport.o)
                              C:/devkitPro/libnds/lib\libnds9.a(initSystem.o) (__libnds_gtod)
C:/devkitPro/libnds/lib\libnds9.a(securearea.o)
                              c:/devkitpro/devkitarm/bin/../lib/gcc/arm-none-eabi/10.2.0/../../../../arm-none-eabi/lib/thumb/ds_arm9_crt0.o (__secure_area__)
C:/devkitPro/libnds/lib\libnds9.a(interrupts.o)
                              C:/devkitPro/libnds/lib\libnds9.a(initSystem.o) (irqInit)
C:/devkitPro/libnds/lib\libnds9.a(libnds_exit.arm.o)
                              c:/devkitpro/devkitarm/bin/../lib/gcc/arm-none-eabi/10.2.0/../../../../arm-none-eabi/lib/thumb/ds_arm9_crt0.o (__libnds_exit)
C:/devkitPro/libnds/lib\libnds9.a(card.o)
                              C:/devkitPro/libnds/lib\libfilesystem.a(nitrofs.o) (cardParamCommand)
C:/devkitPro/libnds/lib\libnds9.a(fifosystem.o)
                              C:/devkitPro/libnds/lib\libnds9.a(initSystem.o) (fifoSetValue32Handler)
C:/devkitPro/libnds/lib\libnds9.a(dcache.o)
                              C:/Users/TheMiningBoy/Documents/Roblox_DS/Game/nflib/lib\libnflib.a(nf_basic.o) (DC_FlushRange)
C:/devkitPro/libnds/lib\libnds9.a(dldi_stub.o)
                              C:/devkitPro/libnds/lib\libnds9.a(dldi.o) (_io_dldi_stub)
C:/devkitPro/libnds/lib\libnds9.a(mpu_setup.o)
                              c:/devkitpro/devkitarm/bin/../lib/gcc/arm-none-eabi/10.2.0/../../../../arm-none-eabi/lib/thumb/ds_arm9_crt0.o (__libnds_mpu_setup)
C:/devkitPro/libnds/lib\libnds9.a(IntrWait.o)
                              main.o (swiWaitForVBlank)
C:/devkitPro/libnds/lib\libnds9.a(cpu_clock.o)
                              C:/devkitPro/libnds/lib\libnds9.a(initSystem.o) (setCpuClock)
C:/devkitPro/libnds/lib\libnds9.a(interruptDispatcher.o)
                              C:/devkitPro/libnds/lib\libnds9.a(interrupts.o) (IntrMain)
C:/devkitPro/libnds/lib\libnds9.a(debugprint.o)
                              C:/devkitPro/libnds/lib\libnds9.a(console.o) (nocashWrite)
C:/devkitPro/libnds/lib\libnds9.a(swiSoftReset.o)
                              C:/devkitPro/libnds/lib\libnds9.a(fifosystem.o) (swiSoftReset)
[...]
Memory Configuration

Name             Origin             Length             Attributes
ewram            0x0000000002000000 0x0000000000380000
dtcm             0x0000000002ff0000 0x0000000000004000
vectors          0x0000000001000000 0x0000000000000100
itcm             0x0000000001000100 0x0000000000007f00
*default*        0x0000000000000000 0xffffffffffffffff

Linker script and memory map

                0x0000000002380000                __ewram_end = (ORIGIN (ewram) + LENGTH (ewram))
                0x0000000002380000                __eheap_end = (ORIGIN (ewram) + LENGTH (ewram))
                0x0000000002ff4000                __dtcm_top = (ORIGIN (dtcm) + LENGTH (dtcm))
                0x0000000002ff3ff8                __irq_flags = (__dtcm_top - 0x8)
                0x0000000002ff3ffc                __irq_vector = (__dtcm_top - 0x4)
                0x0000000002ff3f00                __sp_svc = (__dtcm_top - 0x100)
                0x0000000002ff3e00                __sp_irq = (__sp_svc - 0x100)
                0x0000000002ff3d00                __sp_usr = (__sp_irq - 0x100)

.secure         0x0000000002000000      0x800
 *(.secure)
 .secure        0x0000000002000000      0x800 C:/devkitPro/libnds/lib\libnds9.a(securearea.o)
                0x0000000002000000                __secure_area__

.crt0           0x0000000002000800      0x300
                0x0000000002000800                __text_start = .
 *(.crt0)
 .crt0          0x0000000002000800      0x300 c:/devkitpro/devkitarm/bin/../lib/gcc/arm-none-eabi/10.2.0/../../../../arm-none-eabi/lib/thumb/ds_arm9_crt0.o
                0x0000000002000800                _start
                0x0000000002000b00                . = ALIGN (0x4)

.plt
 *(.plt)

.init           0x0000000002000b00        0xc
 *(SORT_NONE(.init))
 .init          0x0000000002000b00        0x4 c:/devkitpro/devkitarm/bin/../lib/gcc/arm-none-eabi/10.2.0/thumb/crti.o
                0x0000000002000b00                _init
 .init          0x0000000002000b04        0x8 c:/devkitpro/devkitarm/bin/../lib/gcc/arm-none-eabi/10.2.0/thumb/crtn.o

.text           0x0000000002000b40    0x1bf98
 *(EXCLUDE_FILE(*.twl* *.vectors* *.itcm*) .text)
 .text          0x0000000002000b40      0x5cc main.o
                0x0000000002000b40                lengthdir_x(float, float)
                0x0000000002000b7c                lengthdir_y(float, float)
                0x0000000002000bb8                startTimer(int)
                0x0000000002000bd8                DrawSkyBox(float, float, float, float, float, float, float, float, float)
                0x0000000002000d7c                DrawBox(float, float, float, float, float, float, float, float, float)
 .text          0x000000000200110c      0x4a0 C:/Users/TheMiningBoy/Documents/Roblox_DS/Game/nflib/lib\libnflib.a(nf_basic.o)
                0x000000000200110c                NF_Error
                0x00000000020013b8                NF_SetRootFolder
                0x0000000002001510                NF_DmaMemCopy
                0x000000000200159c                NF_GetLanguage
 *fill*         0x00000000020015ac       0x14 ff
 .text          0x00000000020015c0     0x4000 C:/devkitPro/libnds/lib\libnds9.a(dldi_stub.o)
                0x00000000020015c0                _io_dldi_stub
 .text          0x00000000020055c0      0x198 c:/devkitpro/devkitarm/bin/../lib/gcc/arm-none-eabi/10.2.0/thumb\libgcc.a(_arm_mulsf3.o)
                0x00000000020055c0                __aeabi_fmul
                0x00000000020055c0                __mulsf3
 .text          0x0000000002005758      0x11c c:/devkitpro/devkitarm/bin/../lib/gcc/arm-none-eabi/10.2.0/thumb\libgcc.a(_udivsi3.o)
                0x0000000002005758                __aeabi_uidiv
                0x0000000002005758                __udivsi3
                0x0000000002005854                __aeabi_uidivmod
 .text          0x0000000002005874      0x150 c:/devkitpro/devkitarm/bin/../lib/gcc/arm-none-eabi/10.2.0/thumb\libgcc.a(_divsi3.o)
                0x0000000002005874                __divsi3
                0x0000000002005874                __aeabi_idiv
                0x00000000020059a4                __aeabi_idivmod
 .text          0x00000000020059c4        0x4 c:/devkitpro/devkitarm/bin/../lib/gcc/arm-none-eabi/10.2.0/thumb\libgcc.a(_dvmd_tls.o)
                0x00000000020059c4                __aeabi_idiv0
                0x00000000020059c4                __aeabi_ldiv0
 .text          0x00000000020059c8      0x424 c:/devkitpro/devkitarm/bin/../lib/gcc/arm-none-eabi/10.2.0/thumb\libgcc.a(_arm_addsubdf3.o)
                0x00000000020059c8                __aeabi_drsub
                0x00000000020059d0                __aeabi_dsub
                0x00000000020059d0                __subdf3
                0x00000000020059d4                __aeabi_dadd
                0x00000000020059d4                __adddf3
                0x0000000002005ce4                __floatunsidf
                0x0000000002005ce4                __aeabi_ui2d
                0x0000000002005d08                __floatsidf
                0x0000000002005d08                __aeabi_i2d
                0x0000000002005d30                __aeabi_f2d
                0x0000000002005d30                __extendsfdf2
                0x0000000002005d78                __floatundidf
                0x0000000002005d78                __aeabi_ul2d
                0x0000000002005d8c                __floatdidf
                0x0000000002005d8c                __aeabi_l2d
 .text          0x0000000002005dec      0x144 c:/devkitpro/devkitarm/bin/../lib/gcc/arm-none-eabi/10.2.0/thumb\libgcc.a(_arm_cmpdf2.o)
                0x0000000002005dec                __gtdf2
                0x0000000002005dec                __gedf2
                0x0000000002005df4                __ltdf2
                0x0000000002005df4                __ledf2
                0x0000000002005dfc                __nedf2
                0x0000000002005dfc                __eqdf2
                0x0000000002005dfc                __cmpdf2
                0x0000000002005e84                __aeabi_cdrcmple
                0x0000000002005ea0                __aeabi_cdcmpeq
                0x0000000002005ea0                __aeabi_cdcmple
                0x0000000002005eb8                __aeabi_dcmpeq
                0x0000000002005ed0                __aeabi_dcmplt
                0x0000000002005ee8                __aeabi_dcmple
                0x0000000002005f00                __aeabi_dcmpge
                0x0000000002005f18                __aeabi_dcmpgt
 .text          0x0000000002005f30       0x5c c:/devkitpro/devkitarm/bin/../lib/gcc/arm-none-eabi/10.2.0/thumb\libgcc.a(_arm_fixdfsi.o)
                0x0000000002005f30                __aeabi_d2iz
                0x0000000002005f30                __fixdfsi
 .text          0x0000000002005f8c       0xa0 c:/devkitpro/devkitarm/bin/../lib/gcc/arm-none-eabi/10.2.0/thumb\libgcc.a(_arm_truncdfsf2.o)
                0x0000000002005f8c                __truncdfsf2
                0x0000000002005f8c                __aeabi_d2f
 .text          0x000000000200602c      0x2ac c:/devkitpro/devkitarm/bin/../lib/gcc/arm-none-eabi/10.2.0/thumb\libgcc.a(_arm_addsubsf3.o)
                0x000000000200602c                __aeabi_frsub
                0x0000000002006034                __subsf3
                0x0000000002006034                __aeabi_fsub
                0x0000000002006038                __aeabi_fadd
                0x0000000002006038                __addsf3
                0x00000000020061f4                __aeabi_ui2f
                0x00000000020061f4                __floatunsisf
                0x00000000020061fc                __aeabi_i2f
                0x00000000020061fc                __floatsisf
                0x000000000200621c                __aeabi_ul2f
                0x000000000200621c                __floatundisf
                0x000000000200622c                __aeabi_l2f
                0x000000000200622c                __floatdisf
 .text          0x00000000020062d8       0x5c c:/devkitpro/devkitarm/bin/../lib/gcc/arm-none-eabi/10.2.0/thumb\libgcc.a(_arm_fixsfsi.o)
                0x00000000020062d8                __aeabi_f2iz
                0x00000000020062d8                __fixsfsi
 .text          0x0000000002006334       0x54 c:/devkitpro/devkitarm/bin/../lib/gcc/arm-none-eabi/10.2.0/thumb\libgcc.a(_arm_fixunssfsi.o)
                0x0000000002006334                __fixunssfsi
                0x0000000002006334                __aeabi_f2uiz
 .text          0x0000000002006388       0xd4 c:/devkitpro/devkitarm/bin/../lib/gcc/arm-none-eabi/10.2.0/thumb\libgcc.a(_aeabi_ldivmod.o)
                0x0000000002006388                __aeabi_ldivmod
 .text          0x000000000200645c       0x28 c:/devkitpro/devkitarm/bin/../lib/gcc/arm-none-eabi/10.2.0/thumb\libgcc.a(_clzdi2.o)
                0x000000000200645c                __clzdi2
 .text          0x0000000002006484       0x48 c:/devkitpro/devkitarm/bin/../lib/gcc/arm-none-eabi/10.2.0/thumb\libgcc.a(_clzsi2.o)
                0x0000000002006484                __clzsi2
 .text          0x00000000020064cc      0x224 c:/devkitpro/devkitarm/bin/../lib/gcc/arm-none-eabi/10.2.0/../../../../arm-none-eabi/lib/thumb\libg.a(lib_a-strcmp.o)
                0x00000000020064cc                strcmp
 .text          0x00000000020066f0       0x14 c:/devkitpro/devkitarm/bin/../lib/gcc/arm-none-eabi/10.2.0/thumb\libgcc.a(_thumb1_case_uqi.o)
                0x00000000020066f0                __gnu_thumb1_case_uqi
 .text          0x0000000002006704       0x14 c:/devkitpro/devkitarm/bin/../lib/gcc/arm-none-eabi/10.2.0/thumb\libgcc.a(_thumb1_case_uhi.o)
                0x0000000002006704                __gnu_thumb1_case_uhi
 .text          0x0000000002006718      0x49c c:/devkitpro/devkitarm/bin/../lib/gcc/arm-none-eabi/10.2.0/thumb\libgcc.a(_arm_muldivdf3.o)
                0x0000000002006718                __aeabi_dmul
                0x0000000002006718                __muldf3
                0x00000000020069a8                __divdf3
                0x00000000020069a8                __aeabi_ddiv
 .text          0x0000000002006bb4       0x38 c:/devkitpro/devkitarm/bin/../lib/gcc/arm-none-eabi/10.2.0/thumb\libgcc.a(_arm_unorddf2.o)
                0x0000000002006bb4                __unorddf2
                0x0000000002006bb4                __aeabi_dcmpun
 .text          0x0000000002006bec       0x3c c:/devkitpro/devkitarm/bin/../lib/gcc/arm-none-eabi/10.2.0/thumb\libgcc.a(_aeabi_uldivmod.o)
                0x0000000002006bec                __aeabi_uldivmod
 *(EXCLUDE_FILE(*.twl* *.vectors* *.itcm*) .stub)
 *(EXCLUDE_FILE(*.twl* *.vectors* *.itcm*) .text.*)
 .text.__do_global_dtors_aux
                0x0000000002006c28       0x2c c:/devkitpro/devkitarm/bin/../lib/gcc/arm-none-eabi/10.2.0/thumb/crtbegin.o
 .text.frame_dummy
                0x0000000002006c54       0x24 c:/devkitpro/devkitarm/bin/../lib/gcc/arm-none-eabi/10.2.0/thumb/crtbegin.o
 .text.startup  0x0000000002006c78      0x958 main.o
                0x0000000002006c78                main
 .text.nitroFSDirClose
                0x00000000020075d0        0x4 C:/devkitPro/libnds/lib\libfilesystem.a(nitrofs.o)
 .text.nitroFSSeek
                0x00000000020075d4       0x78 C:/devkitPro/libnds/lib\libfilesystem.a(nitrofs.o)
 .text.nitroFSFstat
                0x000000000200764c       0x10 C:/devkitPro/libnds/lib\libfilesystem.a(nitrofs.o)
 .text.nitroSubReadBlock
                0x000000000200765c       0x54 C:/devkitPro/libnds/lib\libfilesystem.a(nitrofs.o)
 .text.nitroSubReadCard
                0x00000000020076b0       0xb0 C:/devkitPro/libnds/lib\libfilesystem.a(nitrofs.o)
 .text.nitroFSClose
                0x0000000002007760        0x4 C:/devkitPro/libnds/lib\libfilesystem.a(nitrofs.o)
 .text.nitroDirReset
                0x0000000002007764       0x9c C:/devkitPro/libnds/lib\libfilesystem.a(nitrofs.o)
 .text.nitroFSRead
                0x0000000002007800       0xbc C:/devkitPro/libnds/lib\libfilesystem.a(nitrofs.o)
 .text.nitroFSDirNext
                0x00000000020078bc      0x30c C:/devkitPro/libnds/lib\libfilesystem.a(nitrofs.o)
 .text.nitroFSDirOpen
                0x0000000002007bc8       0xe0 C:/devkitPro/libnds/lib\libfilesystem.a(nitrofs.o)
 .text.nitroFSChdir
                0x0000000002007ca8       0x30 C:/devkitPro/libnds/lib\libfilesystem.a(nitrofs.o)
 .text.nitroFSOpen
                0x0000000002007cd8       0xc4 C:/devkitPro/libnds/lib\libfilesystem.a(nitrofs.o)
 .text.nitroFSstat
                0x0000000002007d9c       0x68 C:/devkitPro/libnds/lib\libfilesystem.a(nitrofs.o)
 .text.nitroFSInit
                0x0000000002007e04      0x12c C:/devkitPro/libnds/lib\libfilesystem.a(nitrofs.o)
                0x0000000002007e04                nitroFSInit
 .text.fatMount.part.0
                0x0000000002007f30       0xa0 C:/devkitPro/libnds/lib\libfat.a(libfat.o)
 .text.fatMount
                0x0000000002007fd0       0x3c C:/devkitPro/libnds/lib\libfat.a(libfat.o)
                0x0000000002007fd0                fatMount
 .text.fatInit  0x000000000200800c      0x130 C:/devkitPro/libnds/lib\libfat.a(libfat.o)
                0x000000000200800c                fatInit
 .text.fatInitDefault
                0x000000000200813c        0xc C:/devkitPro/libnds/lib\libfat.a(libfat.o)
                0x000000000200813c                fatInitDefault
 .text._FAT_check_position_for_next_cluster.part.0
                0x0000000002008148       0x68 C:/devkitPro/libnds/lib\libfat.a(fatfile.o)
 .text._FAT_syncToDisc.part.0
                0x00000000020081b0       0xd4 C:/devkitPro/libnds/lib\libfat.a(fatfile.o)
 .text._FAT_file_extend_r
                0x0000000002008284      0x208 C:/devkitPro/libnds/lib\libfat.a(fatfile.o)
 .text._FAT_open_r
                0x000000000200848c      0x2d4 C:/devkitPro/libnds/lib\libfat.a(fatfile.o)
                0x000000000200848c                _FAT_open_r
 .text._FAT_close_r
                0x0000000002008760       0x74 C:/devkitPro/libnds/lib\libfat.a(fatfile.o)
                0x0000000002008760                _FAT_close_r
 .text._FAT_read_r
                0x00000000020087d4      0x398 C:/devkitPro/libnds/lib\libfat.a(fatfile.o)
                0x00000000020087d4                _FAT_read_r
 .text._FAT_write_r
                0x0000000002008b6c      0x53c C:/devkitPro/libnds/lib\libfat.a(fatfile.o)
                0x0000000002008b6c                _FAT_write_r
 .text._FAT_seek_r
                0x00000000020090a8      0x194 C:/devkitPro/libnds/lib\libfat.a(fatfile.o)
                0x00000000020090a8                _FAT_seek_r
 .text._FAT_fstat_r
                0x000000000200923c       0x8c C:/devkitPro/libnds/lib\libfat.a(fatfile.o)
                0x000000000200923c                _FAT_fstat_r
 .text._FAT_ftruncate_r
                0x00000000020092c8      0x16c C:/devkitPro/libnds/lib\libfat.a(fatfile.o)
                0x00000000020092c8                _FAT_ftruncate_r
 .text._FAT_fsync_r
                0x0000000002009434       0x44 C:/devkitPro/libnds/lib\libfat.a(fatfile.o)
                0x0000000002009434                _FAT_fsync_r
 .text._FAT_cache_getPage
                0x0000000002009478       0xf0 C:/devkitPro/libnds/lib\libfat.a(cache.o)
 .text._FAT_cache_constructor
                0x0000000002009568       0x90 C:/devkitPro/libnds/lib\libfat.a(cache.o)
                0x0000000002009568                _FAT_cache_constructor
 .text._FAT_cache_readSectors
                0x00000000020095f8       0x60 C:/devkitPro/libnds/lib\libfat.a(cache.o)
                0x00000000020095f8                _FAT_cache_readSectors
 .text._FAT_cache_readPartialSector
                0x0000000002009658       0x3c C:/devkitPro/libnds/lib\libfat.a(cache.o)
                0x0000000002009658                _FAT_cache_readPartialSector
 .text._FAT_cache_readLittleEndianValue
                0x0000000002009694       0x70 C:/devkitPro/libnds/lib\libfat.a(cache.o)
                0x0000000002009694                _FAT_cache_readLittleEndianValue
 .text._FAT_cache_writePartialSector
                0x0000000002009704       0x4c C:/devkitPro/libnds/lib\libfat.a(cache.o)
                0x0000000002009704                _FAT_cache_writePartialSector
 .text._FAT_cache_writeLittleEndianValue
                0x0000000002009750       0x8c C:/devkitPro/libnds/lib\libfat.a(cache.o)
                0x0000000002009750                _FAT_cache_writeLittleEndianValue
 .text._FAT_cache_eraseWritePartialSector
                0x00000000020097dc       0x60 C:/devkitPro/libnds/lib\libfat.a(cache.o)
                0x00000000020097dc                _FAT_cache_eraseWritePartialSector
 .text._FAT_cache_writeSectors
                0x000000000200983c       0x80 C:/devkitPro/libnds/lib\libfat.a(cache.o)
                0x000000000200983c                _FAT_cache_writeSectors
 .text._FAT_cache_flush
                0x00000000020098bc       0x40 C:/devkitPro/libnds/lib\libfat.a(cache.o)
                0x00000000020098bc                _FAT_cache_flush
 .text._FAT_stat_r
                0x00000000020098fc       0x90 C:/devkitPro/libnds/lib\libfat.a(fatdir.o)
                0x00000000020098fc                _FAT_stat_r
 .text._FAT_link_r
                0x000000000200998c        0xc C:/devkitPro/libnds/lib\libfat.a(fatdir.o)
                0x000000000200998c                _FAT_link_r
 .text._FAT_unlink_r
                0x0000000002009998      0x184 C:/devkitPro/libnds/lib\libfat.a(fatdir.o)
                0x0000000002009998                _FAT_unlink_r
 .text._FAT_chdir_r
                0x0000000002009b1c       0x70 C:/devkitPro/libnds/lib\libfat.a(fatdir.o)
                0x0000000002009b1c                _FAT_chdir_r
 .text._FAT_rename_r
                0x0000000002009b8c      0x1c4 C:/devkitPro/libnds/lib\libfat.a(fatdir.o)
                0x0000000002009b8c                _FAT_rename_r
 .text._FAT_mkdir_r
                0x0000000002009d50      0x244 C:/devkitPro/libnds/lib\libfat.a(fatdir.o)
                0x0000000002009d50                _FAT_mkdir_r
 .text._FAT_statvfs_r
                0x0000000002009f94       0x78 C:/devkitPro/libnds/lib\libfat.a(fatdir.o)
                0x0000000002009f94                _FAT_statvfs_r
 .text._FAT_diropen_r
                0x000000000200a00c       0xb0 C:/devkitPro/libnds/lib\libfat.a(fatdir.o)
                0x000000000200a00c                _FAT_diropen_r
 .text._FAT_dirreset_r
                0x000000000200a0bc       0x4c C:/devkitPro/libnds/lib\libfat.a(fatdir.o)
                0x000000000200a0bc                _FAT_dirreset_r
 .text._FAT_dirnext_r
                0x000000000200a108       0x7c C:/devkitPro/libnds/lib\libfat.a(fatdir.o)
                0x000000000200a108                _FAT_dirnext_r
 .text._FAT_dirclose_r
                0x000000000200a184       0x20 C:/devkitPro/libnds/lib\libfat.a(fatdir.o)
                0x000000000200a184                _FAT_dirclose_r
 .text._FAT_directory_entryGetAlias
                0x000000000200a1a4       0xc8 C:/devkitPro/libnds/lib\libfat.a(directory.o)
 .text._FAT_directory_incrementDirEntryPosition
                0x000000000200a26c       0x80 C:/devkitPro/libnds/lib\libfat.a(directory.o)
 .text._FAT_directory_mbsncasecmp
                0x000000000200a2ec       0xa8 C:/devkitPro/libnds/lib\libfat.a(directory.o)
 .text._FAT_directory_ucs2tombs.constprop.0
                0x000000000200a394       0x90 C:/devkitPro/libnds/lib\libfat.a(directory.o)
 .text._FAT_directory_entryGetCluster
                0x000000000200a424       0x20 C:/devkitPro/libnds/lib\libfat.a(directory.o)
                0x000000000200a424                _FAT_directory_entryGetCluster
 .text._FAT_directory_getNextEntry
                0x000000000200a444      0x23c C:/devkitPro/libnds/lib\libfat.a(directory.o)
                0x000000000200a444                _FAT_directory_getNextEntry
 .text._FAT_directory_entryExists
                0x000000000200a680       0x80 C:/devkitPro/libnds/lib\libfat.a(directory.o)
 .text._FAT_directory_getFirstEntry
                0x000000000200a700       0x20 C:/devkitPro/libnds/lib\libfat.a(directory.o)
                0x000000000200a700                _FAT_directory_getFirstEntry
 .text._FAT_directory_getRootEntry
                0x000000000200a720       0x60 C:/devkitPro/libnds/lib\libfat.a(directory.o)
                0x000000000200a720                _FAT_directory_getRootEntry
 .text._FAT_directory_entryFromPosition
                0x000000000200a780      0x150 C:/devkitPro/libnds/lib\libfat.a(directory.o)
                0x000000000200a780                _FAT_directory_entryFromPosition
 .text._FAT_directory_entryFromPath
                0x000000000200a8d0      0x248 C:/devkitPro/libnds/lib\libfat.a(directory.o)
                0x000000000200a8d0                _FAT_directory_entryFromPath
 .text._FAT_directory_removeEntry
                0x000000000200ab18       0xd8 C:/devkitPro/libnds/lib\libfat.a(directory.o)
                0x000000000200ab18                _FAT_directory_removeEntry
 .text._FAT_directory_addEntry
                0x000000000200abf0      0x808 C:/devkitPro/libnds/lib\libfat.a(directory.o)
                0x000000000200abf0                _FAT_directory_addEntry
 .text._FAT_directory_chdir
                0x000000000200b3f8       0x3c C:/devkitPro/libnds/lib\libfat.a(directory.o)
                0x000000000200b3f8                _FAT_directory_chdir
 .text._FAT_directory_entryStat
                0x000000000200b434       0xe4 C:/devkitPro/libnds/lib\libfat.a(directory.o)
                0x000000000200b434                _FAT_directory_entryStat
 .text.isValidMBR
                0x000000000200b518       0x5c C:/devkitPro/libnds/lib\libfat.a(partition.o)
 .text._FAT_updateFS_INFO
                0x000000000200b574       0x54 C:/devkitPro/libnds/lib\libfat.a(partition.o)
 .text.FindFirstValidPartition_buf.part.0
                0x000000000200b5c8      0x11c C:/devkitPro/libnds/lib\libfat.a(partition.o)
 .text._FAT_partition_getPartitionFromPath
                0x000000000200b6e4       0x10 C:/devkitPro/libnds/lib\libfat.a(partition.o)
                0x000000000200b6e4                _FAT_partition_getPartitionFromPath
 .text._FAT_partition_createFSinfo
                0x000000000200b6f4       0x50 C:/devkitPro/libnds/lib\libfat.a(partition.o)
                0x000000000200b6f4                _FAT_partition_createFSinfo
 .text._FAT_partition_readFSinfo.part.0
                0x000000000200b744       0x74 C:/devkitPro/libnds/lib\libfat.a(partition.o)
 .text._FAT_partition_constructor_buf
                0x000000000200b7b8      0x2e8 C:/devkitPro/libnds/lib\libfat.a(partition.o)
                0x000000000200b7b8                _FAT_partition_constructor_buf
 .text._FAT_partition_constructor
                0x000000000200baa0       0x40 C:/devkitPro/libnds/lib\libfat.a(partition.o)
                0x000000000200baa0                _FAT_partition_constructor
 .text._FAT_partition_readFSinfo
                0x000000000200bae0       0x10 C:/devkitPro/libnds/lib\libfat.a(partition.o)
                0x000000000200bae0                _FAT_partition_readFSinfo
 .text._FAT_lock_init
                0x000000000200baf0        0x4 C:/devkitPro/libnds/lib\libfat.a(lock.o)
                0x000000000200baf0                _FAT_lock_init
 .text._FAT_lock
                0x000000000200baf4        0x4 C:/devkitPro/libnds/lib\libfat.a(lock.o)
                0x000000000200baf4                _FAT_lock
 .text._FAT_unlock
                0x000000000200baf8        0x4 C:/devkitPro/libnds/lib\libfat.a(lock.o)
                0x000000000200baf8                _FAT_unlock
 .text._FAT_filetime_getTimeFromRTC
                0x000000000200bafc       0x44 C:/devkitPro/libnds/lib\libfat.a(filetime.o)
                0x000000000200bafc                _FAT_filetime_getTimeFromRTC
 .text._FAT_filetime_getDateFromRTC
                0x000000000200bb40       0x44 C:/devkitPro/libnds/lib\libfat.a(filetime.o)
                0x000000000200bb40                _FAT_filetime_getDateFromRTC
 .text._FAT_filetime_to_time_t
                0x000000000200bb84       0x38 C:/devkitPro/libnds/lib\libfat.a(filetime.o)
                0x000000000200bb84                _FAT_filetime_to_time_t
 .text._FAT_fat_writeFatEntry.part.0.isra.0
                0x000000000200bbbc      0x12c C:/devkitPro/libnds/lib\libfat.a(file_allocation_table.o)
 .text._FAT_fat_nextCluster
                0x000000000200bce8      0x108 C:/devkitPro/libnds/lib\libfat.a(file_allocation_table.o)
                0x000000000200bce8                _FAT_fat_nextCluster
 .text._FAT_fat_linkFreeCluster
                0x000000000200bdf0       0xac C:/devkitPro/libnds/lib\libfat.a(file_allocation_table.o)
                0x000000000200bdf0                _FAT_fat_linkFreeCluster
 .text._FAT_fat_linkFreeClusterCleared
                0x000000000200be9c       0x68 C:/devkitPro/libnds/lib\libfat.a(file_allocation_table.o)
                0x000000000200be9c                _FAT_fat_linkFreeClusterCleared
 .text._FAT_fat_clearLinks
                0x000000000200bf04       0x7c C:/devkitPro/libnds/lib\libfat.a(file_allocation_table.o)
                0x000000000200bf04                _FAT_fat_clearLinks
 .text._FAT_fat_trimChain
                0x000000000200bf80       0x80 C:/devkitPro/libnds/lib\libfat.a(file_allocation_table.o)
                0x000000000200bf80                _FAT_fat_trimChain
 .text._FAT_fat_lastCluster
                0x000000000200c000       0x34 C:/devkitPro/libnds/lib\libfat.a(file_allocation_table.o)
                0x000000000200c000                _FAT_fat_lastCluster
 .text._FAT_fat_freeClusterCount
                0x000000000200c034       0x2c C:/devkitPro/libnds/lib\libfat.a(file_allocation_table.o)
                0x000000000200c034                _FAT_fat_freeClusterCount
 .text.setBrightness
                0x000000000200c060       0x40 C:/devkitPro/libnds/lib\libnds9.a(video.o)
                0x000000000200c060                setBrightness
 .text.vramDefault
                0x000000000200c0a0       0xd0 C:/devkitPro/libnds/lib\libnds9.a(video.o)
                0x000000000200c0a0                vramDefault
 .text.touchRead
                0x000000000200c170       0x24 C:/devkitPro/libnds/lib\libnds9.a(touch.o)
                0x000000000200c170                touchRead
 .text.BoxTest  0x000000000200c194       0x68 C:/devkitPro/libnds/lib\libnds9.a(boxtest.o)
                0x000000000200c194                BoxTest
 .text.BoxTestf
                0x000000000200c1fc       0xb4 C:/devkitPro/libnds/lib\libnds9.a(boxtest.o)
                0x000000000200c1fc                BoxTestf
 .text.newRow   0x000000000200c2b0       0xb0 C:/devkitPro/libnds/lib\libnds9.a(console.o)
 .text.consolePrintChar
                0x000000000200c360       0xec C:/devkitPro/libnds/lib\libnds9.a(console.o)
                0x000000000200c360                consolePrintChar
 .text.con_write
                0x000000000200c44c      0x374 C:/devkitPro/libnds/lib\libnds9.a(console.o)
                0x000000000200c44c                con_write
 .text.consoleLoadFont
                0x000000000200c7c0      0x2a8 C:/devkitPro/libnds/lib\libnds9.a(console.o)
                0x000000000200c7c0                consoleLoadFont
 .text.consoleInit
                0x000000000200ca68      0x194 C:/devkitPro/libnds/lib\libnds9.a(console.o)
                0x000000000200ca68                consoleInit
 .text.consoleDemoInit
                0x000000000200cbfc       0x40 C:/devkitPro/libnds/lib\libnds9.a(console.o)
                0x000000000200cbfc                consoleDemoInit
 .text.consoleClear
                0x000000000200cc3c       0x10 C:/devkitPro/libnds/lib\libnds9.a(console.o)
                0x000000000200cc3c                consoleClear
 .text.sinLutLookup
                0x000000000200cc4c       0x38 C:/devkitPro/libnds/lib\libnds9.a(trig.o)
                0x000000000200cc4c                sinLutLookup
 .text.sinLerp  0x000000000200cc84       0x40 C:/devkitPro/libnds/lib\libnds9.a(trig.o)
                0x000000000200cc84                sinLerp
 .text.cosLerp  0x000000000200ccc4       0x4c C:/devkitPro/libnds/lib\libnds9.a(trig.o)
                0x000000000200ccc4                cosLerp
 .text.tanLerp  0x000000000200cd10       0xa4 C:/devkitPro/libnds/lib\libnds9.a(trig.o)
                0x000000000200cd10                tanLerp
 .text.vramBlock_init
                0x000000000200cdb4       0x5c C:/devkitPro/libnds/lib\libnds9.a(videoGL.o)
                0x000000000200cdb4                vramBlock_init
 .text.glInit_C
                0x000000000200ce10      0x1cc C:/devkitPro/libnds/lib\libnds9.a(videoGL.o)
                0x000000000200ce10                glInit_C
 .text.scanKeys
                0x000000000200cfdc       0x8c C:/devkitPro/libnds/lib\libnds9.a(keys.o)
                0x000000000200cfdc                scanKeys
 .text.keysHeld
                0x000000000200d068        0xc C:/devkitPro/libnds/lib\libnds9.a(keys.o)
                0x000000000200d068                keysHeld
 .text.keysDown
                0x000000000200d074       0x14 C:/devkitPro/libnds/lib\libnds9.a(keys.o)
                0x000000000200d074                keysDown
 .text.dldiGetInternal
                0x000000000200d088       0x34 C:/devkitPro/libnds/lib\libnds9.a(dldi.o)
                0x000000000200d088                dldiGetInternal
 .text.get_io_dsisd
                0x000000000200d0bc       0x24 C:/devkitPro/libnds/lib\libnds9.a(dldi.o)
                0x000000000200d0bc                get_io_dsisd
 .text.initSystem
                0x000000000200d0e0      0x198 C:/devkitPro/libnds/lib\libnds9.a(initSystem.o)
                0x000000000200d0e0                initSystem
 .text.__libnds_gtod
                0x000000000200d278       0x28 C:/devkitPro/libnds/lib\libnds9.a(timeSupport.o)
                0x000000000200d278                __libnds_gtod
 .text.irqDummy
                0x000000000200d2a0        0x4 C:/devkitPro/libnds/lib\libnds9.a(interrupts.o)
                0x000000000200d2a0                irqDummy
 .text.irqSet   0x000000000200d2a4       0x6c C:/devkitPro/libnds/lib\libnds9.a(interrupts.o)
                0x000000000200d2a4                irqSet
 .text.irqInit  0x000000000200d310       0x50 C:/devkitPro/libnds/lib\libnds9.a(interrupts.o)
                0x000000000200d310                irqInit
 .text.irqEnable
                0x000000000200d360       0x64 C:/devkitPro/libnds/lib\libnds9.a(interrupts.o)
                0x000000000200d360                irqEnable
 .text.systemErrorExit
                0x000000000200d3c4        0x4 C:/devkitPro/libnds/lib\libnds9.a(libnds_exit.arm.o)
                0x000000000200d3c4                systemErrorExit
 .text.__libnds_exit
                0x000000000200d3c8       0x5c C:/devkitPro/libnds/lib\libnds9.a(libnds_exit.arm.o)
                0x000000000200d3c8                __libnds_exit
 .text.cardPolledTransfer
                0x000000000200d424       0x54 C:/devkitPro/libnds/lib\libnds9.a(card.o)
                0x000000000200d424                cardPolledTransfer
 .text.cardParamCommand
                0x000000000200d478       0x34 C:/devkitPro/libnds/lib\libnds9.a(card.o)
                0x000000000200d478                cardParamCommand
 .text.fifo_queueBlock
                0x000000000200d4ac       0x44 C:/devkitPro/libnds/lib\libnds9.a(fifosystem.o)
 .text.fifo_waitBlock
                0x000000000200d4f0       0x80 C:/devkitPro/libnds/lib\libnds9.a(fifosystem.o)
 .text.fifoInternalSend.part.0
                0x000000000200d570       0xd4 C:/devkitPro/libnds/lib\libnds9.a(fifosystem.o)
 .text.fifoInternalSendInterrupt
                0x000000000200d644       0xa8 C:/devkitPro/libnds/lib\libnds9.a(fifosystem.o)
 .text.fifoSetValue32Handler
                0x000000000200d6ec       0xd8 C:/devkitPro/libnds/lib\libnds9.a(fifosystem.o)
                0x000000000200d6ec                fifoSetValue32Handler
 .text.fifoSendValue32
                0x000000000200d7c4       0x4c C:/devkitPro/libnds/lib\libnds9.a(fifosystem.o)
                0x000000000200d7c4                fifoSendValue32
 .text.fifoSendDatamsg
                0x000000000200d810       0x90 C:/devkitPro/libnds/lib\libnds9.a(fifosystem.o)
                0x000000000200d810                fifoSendDatamsg
 .text.fifoGetValue32
                0x000000000200d8a0       0x70 C:/devkitPro/libnds/lib\libnds9.a(fifosystem.o)
                0x000000000200d8a0                fifoGetValue32
 .text.fifoGetDatamsg
                0x000000000200d910       0xf4 C:/devkitPro/libnds/lib\libnds9.a(fifosystem.o)
                0x000000000200d910                fifoGetDatamsg
 .text.fifoInternalRecvInterrupt
                0x000000000200da04      0x380 C:/devkitPro/libnds/lib\libnds9.a(fifosystem.o)
 .text.fifoSetDatamsgHandler
                0x000000000200dd84       0x9c C:/devkitPro/libnds/lib\libnds9.a(fifosystem.o)
                0x000000000200dd84                fifoSetDatamsgHandler
 .text.fifoCheckValue32
                0x000000000200de20       0x24 C:/devkitPro/libnds/lib\libnds9.a(fifosystem.o)
                0x000000000200de20                fifoCheckValue32
 .text.fifoInit
                0x000000000200de44       0xf8 C:/devkitPro/libnds/lib\libnds9.a(fifosystem.o)
                0x000000000200de44                fifoInit
 .text.DC_FlushRange
                0x000000000200df3c       0x24 C:/devkitPro/libnds/lib\libnds9.a(dcache.o)
                0x000000000200df3c                DC_FlushRange
 .text.DC_InvalidateRange
                0x000000000200df60       0x2c C:/devkitPro/libnds/lib\libnds9.a(dcache.o)
                0x000000000200df60                DC_InvalidateRange
 .text.__libnds_mpu_setup
                0x000000000200df8c      0x174 C:/devkitPro/libnds/lib\libnds9.a(mpu_setup.o)
                0x000000000200df8c                __libnds_mpu_setup
 .text.memUncached
                0x000000000200e100       0x20 C:/devkitPro/libnds/lib\libnds9.a(mpu_setup.o)
                0x000000000200e100                memUncached
 .text.swiWaitForVBlank
                0x000000000200e120        0x8 C:/devkitPro/libnds/lib\libnds9.a(IntrWait.o)
                0x000000000200e120                swiWaitForVBlank
 .text.swiIntrWait
                0x000000000200e128       0x70 C:/devkitPro/libnds/lib\libnds9.a(IntrWait.o)
                0x000000000200e128                swiIntrWait
 .text.setCpuClock
                0x000000000200e198       0x50 C:/devkitPro/libnds/lib\libnds9.a(cpu_clock.o)
                0x000000000200e198                setCpuClock
 .text.swiSoftReset
                0x000000000200e1e8       0x2c C:/devkitPro/libnds/lib\libnds9.a(swiSoftReset.o)
                0x000000000200e1e8                swiSoftReset
 .text.swiDelay
                0x000000000200e214        0x4 C:/devkitPro/libnds/lib\libnds9.a(biosCalls.o)
                0x000000000200e214                swiDelay
 .text.checkIfText
                0x000000000200e218       0x5c C:/devkitPro/libnds/lib\libnds9.a(background.o)
                0x000000000200e218                checkIfText
 .text.bgUpdate
                0x000000000200e274       0xf4 C:/devkitPro/libnds/lib\libnds9.a(background.o)
                0x000000000200e274                bgUpdate
 .text.bgInit_call
                0x000000000200e368       0xc4 C:/devkitPro/libnds/lib\libnds9.a(background.o)
                0x000000000200e368                bgInit_call
 .text.bgInitSub_call
                0x000000000200e42c       0xcc C:/devkitPro/libnds/lib\libnds9.a(background.o)
                0x000000000200e42c                bgInitSub_call
 .text.DynamicArrayInit
                0x000000000200e4f8       0x18 C:/devkitPro/libnds/lib\libnds9.a(dynamicArray.o)
                0x000000000200e4f8                DynamicArrayInit
 .text.DynamicArraySet
                0x000000000200e510       0x48 C:/devkitPro/libnds/lib\libnds9.a(dynamicArray.o)
                0x000000000200e510                DynamicArraySet
 .text.systemValueHandler
                0x000000000200e558       0x48 C:/devkitPro/libnds/lib\libnds9.a(system.o)
                0x000000000200e558                systemValueHandler
 .text.systemMsgHandler
                0x000000000200e5a0       0x60 C:/devkitPro/libnds/lib\libnds9.a(system.o)
                0x000000000200e5a0                systemMsgHandler
 .text.powerOn  0x000000000200e600       0x2c C:/devkitPro/libnds/lib\libnds9.a(system.o)
                0x000000000200e600                powerOn
 .text.cos      0x000000000200e62c       0xa4 c:/devkitpro/devkitarm/bin/../lib/gcc/arm-none-eabi/10.2.0/../../../../arm-none-eabi/lib/thumb\libm.a(lib_a-s_cos.o)
                0x000000000200e62c                cos
 .text.sin      0x000000000200e6d0       0xa8 c:/devkitpro/devkitarm/bin/../lib/gcc/arm-none-eabi/10.2.0/../../../../arm-none-eabi/lib/thumb\libm.a(lib_a-s_sin.o)
                0x000000000200e6d0                sin
 .text.__ieee754_rem_pio2
                0x000000000200e778      0x420 c:/devkitpro/devkitarm/bin/../lib/gcc/arm-none-eabi/10.2.0/../../../../arm-none-eabi/lib/thumb\libm.a(lib_a-e_rem_pio2.o)
                0x000000000200e778                __ieee754_rem_pio2
 .text.__kernel_cos
                0x000000000200eb98      0x234 c:/devkitpro/devkitarm/bin/../lib/gcc/arm-none-eabi/10.2.0/../../../../arm-none-eabi/lib/thumb\libm.a(lib_a-k_cos.o)
                0x000000000200eb98                __kernel_cos
 .text.__kernel_rem_pio2
                0x000000000200edcc      0x8d8 c:/devkitpro/devkitarm/bin/../lib/gcc/arm-none-eabi/10.2.0/../../../../arm-none-eabi/lib/thumb\libm.a(lib_a-k_rem_pio2.o)
                0x000000000200edcc                __kernel_rem_pio2
 .text.__kernel_sin
                0x000000000200f6a4      0x170 c:/devkitpro/devkitarm/bin/../lib/gcc/arm-none-eabi/10.2.0/../../../../arm-none-eabi/lib/thumb\libm.a(lib_a-k_sin.o)
                0x000000000200f6a4                __kernel_sin
 .text.fabs     0x000000000200f814        0x8 c:/devkitpro/devkitarm/bin/../lib/gcc/arm-none-eabi/10.2.0/../../../../arm-none-eabi/lib/thumb\libm.a(lib_a-s_fabs.o)
                0x000000000200f814                fabs
 .text.floor    0x000000000200f81c      0x13c c:/devkitpro/devkitarm/bin/../lib/gcc/arm-none-eabi/10.2.0/../../../../arm-none-eabi/lib/thumb\libm.a(lib_a-s_floor.o)
                0x000000000200f81c                floor
 .text.scalbn   0x000000000200f958       0xfc c:/devkitpro/devkitarm/bin/../lib/gcc/arm-none-eabi/10.2.0/../../../../arm-none-eabi/lib/thumb\libm.a(lib_a-s_scalbn.o)
                0x000000000200f958                scalbn
 .text.__muldi3
                0x000000000200fa54       0x54 c:/devkitpro/devkitarm/bin/../lib/gcc/arm-none-eabi/10.2.0/thumb\libgcc.a(_muldi3.o)
                0x000000000200fa54                __muldi3
                0x000000000200fa54                __aeabi_lmul
 .text.__udivmoddi4
                0x000000000200faa8      0x19c c:/devkitpro/devkitarm/bin/../lib/gcc/arm-none-eabi/10.2.0/thumb\libgcc.a(_udivmoddi4.o)
                0x000000000200faa8                __udivmoddi4
 .text.calloc   0x000000000200fc44       0x18 c:/devkitpro/devkitarm/bin/../lib/gcc/arm-none-eabi/10.2.0/../../../../arm-none-eabi/lib/thumb\libg.a(lib_a-calloc.o)
                0x000000000200fc44                calloc
 .text._calloc_r
                0x000000000200fc5c       0x60 c:/devkitpro/devkitarm/bin/../lib/gcc/arm-none-eabi/10.2.0/../../../../arm-none-eabi/lib/thumb\libg.a(lib_a-callocr.o)
                0x000000000200fc5c                _calloc_r
 .text.__libc_init_array
                0x000000000200fcbc       0x50 c:/devkitpro/devkitarm/bin/../lib/gcc/arm-none-eabi/10.2.0/../../../../arm-none-eabi/lib/thumb\libg.a(lib_a-init.o)
                0x000000000200fcbc                __libc_init_array
 .text.iprintf  0x000000000200fd0c       0x24 c:/devkitpro/devkitarm/bin/../lib/gcc/arm-none-eabi/10.2.0/../../../../arm-none-eabi/lib/thumb\libg.a(lib_a-iprintf.o)
                0x000000000200fd0c                iprintf
 .text.localtime_r
                0x000000000200fd30      0x244 c:/devkitpro/devkitarm/bin/../lib/gcc/arm-none-eabi/10.2.0/../../../../arm-none-eabi/lib/thumb\libg.a(lib_a-lcltime_r.o)
                0x000000000200fd30                localtime_r
 .text.__locale_mb_cur_max
                0x000000000200ff74       0x10 c:/devkitpro/devkitarm/bin/../lib/gcc/arm-none-eabi/10.2.0/../../../../arm-none-eabi/lib/thumb\libg.a(lib_a-locale.o)
                0x000000000200ff74                __locale_mb_cur_max
 .text.malloc   0x000000000200ff84       0x14 c:/devkitpro/devkitarm/bin/../lib/gcc/arm-none-eabi/10.2.0/../../../../arm-none-eabi/lib/thumb\libg.a(lib_a-malloc.o)
                0x000000000200ff84                malloc
 .text.free     0x000000000200ff98       0x14 c:/devkitpro/devkitarm/bin/../lib/gcc/arm-none-eabi/10.2.0/../../../../arm-none-eabi/lib/thumb\libg.a(lib_a-malloc.o)
                0x000000000200ff98                free
 .text._malloc_r
                0x000000000200ffac      0x59c c:/devkitpro/devkitarm/bin/../lib/gcc/arm-none-eabi/10.2.0/../../../../arm-none-eabi/lib/thumb\libg.a(lib_a-mallocr.o)
                0x000000000200ffac                _malloc_r
 .text._mbrtowc_r
                0x0000000002010548       0x60 c:/devkitpro/devkitarm/bin/../lib/gcc/arm-none-eabi/10.2.0/../../../../arm-none-eabi/lib/thumb\libg.a(lib_a-mbrtowc.o)
                0x0000000002010548                _mbrtowc_r
 .text.mbrtowc  0x00000000020105a8       0x80 c:/devkitpro/devkitarm/bin/../lib/gcc/arm-none-eabi/10.2.0/../../../../arm-none-eabi/lib/thumb\libg.a(lib_a-mbrtowc.o)
                0x00000000020105a8                mbrtowc
 .text.mbsrtowcs
                0x0000000002010628       0x28 c:/devkitpro/devkitarm/bin/../lib/gcc/arm-none-eabi/10.2.0/../../../../arm-none-eabi/lib/thumb\libg.a(lib_a-mbsrtowcs.o)
                0x0000000002010628                mbsrtowcs
 .text.__utf8_mbtowc
                0x0000000002010650      0x280 c:/devkitpro/devkitarm/bin/../lib/gcc/arm-none-eabi/10.2.0/../../../../arm-none-eabi/lib/thumb\libg.a(lib_a-mbtowc_r.o)
                0x0000000002010650                __utf8_mbtowc
 .text.memcmp   0x00000000020108d0       0x4c c:/devkitpro/devkitarm/bin/../lib/gcc/arm-none-eabi/10.2.0/../../../../arm-none-eabi/lib/thumb\libg.a(lib_a-memcmp.o)
                0x00000000020108d0                memcmp
 .text.memcpy   0x000000000201091c       0xa8 c:/devkitpro/devkitarm/bin/../lib/gcc/arm-none-eabi/10.2.0/../../../../arm-none-eabi/lib/thumb\libg.a(lib_a-memcpy-stub.o)
                0x000000000201091c                memcpy
 .text.memmove  0x00000000020109c4       0xbc c:/devkitpro/devkitarm/bin/../lib/gcc/arm-none-eabi/10.2.0/../../../../arm-none-eabi/lib/thumb\libg.a(lib_a-memmove.o)
                0x00000000020109c4                memmove
 .text.memset   0x0000000002010a80       0xb0 c:/devkitpro/devkitarm/bin/../lib/gcc/arm-none-eabi/10.2.0/../../../../arm-none-eabi/lib/thumb\libg.a(lib_a-memset.o)
                0x0000000002010a80                memset
 .text.validate_structure
                0x0000000002010b30      0x1e8 c:/devkitpro/devkitarm/bin/../lib/gcc/arm-none-eabi/10.2.0/../../../../arm-none-eabi/lib/thumb\libg.a(lib_a-mktime.o)
 .text.mktime   0x0000000002010d18      0x450 c:/devkitpro/devkitarm/bin/../lib/gcc/arm-none-eabi/10.2.0/../../../../arm-none-eabi/lib/thumb\libg.a(lib_a-mktime.o)
                0x0000000002010d18                mktime
 .text.__malloc_lock
                0x0000000002011168       0x14 c:/devkitpro/devkitarm/bin/../lib/gcc/arm-none-eabi/10.2.0/../../../../arm-none-eabi/lib/thumb\libg.a(lib_a-mlock.o)
                0x0000000002011168                __malloc_lock
 .text.__malloc_unlock
                0x000000000201117c       0x14 c:/devkitpro/devkitarm/bin/../lib/gcc/arm-none-eabi/10.2.0/../../../../arm-none-eabi/lib/thumb\libg.a(lib_a-mlock.o)
                0x000000000201117c                __malloc_unlock
 .text.printf   0x0000000002011190       0x24 c:/devkitpro/devkitarm/bin/../lib/gcc/arm-none-eabi/10.2.0/../../../../arm-none-eabi/lib/thumb\libg.a(lib_a-printf.o)
                0x0000000002011190                printf
 .text.realloc  0x00000000020111b4       0x18 c:/devkitpro/devkitarm/bin/../lib/gcc/arm-none-eabi/10.2.0/../../../../arm-none-eabi/lib/thumb\libg.a(lib_a-realloc.o)
                0x00000000020111b4                realloc
 .text._realloc_r
                0x00000000020111cc      0x38c c:/devkitpro/devkitarm/bin/../lib/gcc/arm-none-eabi/10.2.0/../../../../arm-none-eabi/lib/thumb\libg.a(lib_a-reallocr.o)
                0x00000000020111cc                _realloc_r
 .text.setvbuf  0x0000000002011558      0x1ac c:/devkitpro/devkitarm/bin/../lib/gcc/arm-none-eabi/10.2.0/../../../../arm-none-eabi/lib/thumb\libg.a(lib_a-setvbuf.o)
                0x0000000002011558                setvbuf
 .text.siscanf  0x0000000002011704       0x4c c:/devkitpro/devkitarm/bin/../lib/gcc/arm-none-eabi/10.2.0/../../../../arm-none-eabi/lib/thumb\libg.a(lib_a-siscanf.o)
                0x0000000002011704                siscanf
 .text.__sread  0x0000000002011750       0x34 c:/devkitpro/devkitarm/bin/../lib/gcc/arm-none-eabi/10.2.0/../../../../arm-none-eabi/lib/thumb\libg.a(lib_a-stdio.o)
                0x0000000002011750                __sread
 .text.__seofread
                0x0000000002011784        0x4 c:/devkitpro/devkitarm/bin/../lib/gcc/arm-none-eabi/10.2.0/../../../../arm-none-eabi/lib/thumb\libg.a(lib_a-stdio.o)
                0x0000000002011784                __seofread
 .text.__swrite
                0x0000000002011788       0x54 c:/devkitpro/devkitarm/bin/../lib/gcc/arm-none-eabi/10.2.0/../../../../arm-none-eabi/lib/thumb\libg.a(lib_a-stdio.o)
                0x0000000002011788                __swrite
 .text.__sseek  0x00000000020117dc       0x40 c:/devkitpro/devkitarm/bin/../lib/gcc/arm-none-eabi/10.2.0/../../../../arm-none-eabi/lib/thumb\libg.a(lib_a-stdio.o)
                0x00000000020117dc                __sseek
 .text.__sclose
                0x000000000201181c       0x10 c:/devkitpro/devkitarm/bin/../lib/gcc/arm-none-eabi/10.2.0/../../../../arm-none-eabi/lib/thumb\libg.a(lib_a-stdio.o)
                0x000000000201181c                __sclose
 .text.stpcpy   0x000000000201182c       0x50 c:/devkitpro/devkitarm/bin/../lib/gcc/arm-none-eabi/10.2.0/../../../../arm-none-eabi/lib/thumb\libg.a(lib_a-stpcpy.o)
                0x000000000201182c                stpcpy
 .text.strcasecmp
                0x000000000201187c       0x48 c:/devkitpro/devkitarm/bin/../lib/gcc/arm-none-eabi/10.2.0/../../../../arm-none-eabi/lib/thumb\libg.a(lib_a-strcasecmp.o)
                0x000000000201187c                strcasecmp
 .text.strchr   0x00000000020118c4       0xc8 c:/devkitpro/devkitarm/bin/../lib/gcc/arm-none-eabi/10.2.0/../../../../arm-none-eabi/lib/thumb\libg.a(lib_a-strchr.o)
                0x00000000020118c4                strchr
 .text.strcpy   0x000000000201198c       0x10 c:/devkitpro/devkitarm/bin/../lib/gcc/arm-none-eabi/10.2.0/../../../../arm-none-eabi/lib/thumb\libg.a(lib_a-strcpy.o)
                0x000000000201198c                strcpy
 .text.strdup   0x000000000201199c       0x14 c:/devkitpro/devkitarm/bin/../lib/gcc/arm-none-eabi/10.2.0/../../../../arm-none-eabi/lib/thumb\libg.a(lib_a-strdup.o)
                0x000000000201199c                strdup
 .text._strdup_r
                0x00000000020119b0       0x2c c:/devkitpro/devkitarm/bin/../lib/gcc/arm-none-eabi/10.2.0/../../../../arm-none-eabi/lib/thumb\libg.a(lib_a-strdup_r.o)
                0x00000000020119b0                _strdup_r
 .text.strlen   0x00000000020119dc       0x60 c:/devkitpro/devkitarm/bin/../lib/gcc/arm-none-eabi/10.2.0/../../../../arm-none-eabi/lib/thumb\libg.a(lib_a-strlen-stub.o)
                0x00000000020119dc                strlen
 .text.strncasecmp
                0x0000000002011a3c       0x54 c:/devkitpro/devkitarm/bin/../lib/gcc/arm-none-eabi/10.2.0/../../../../arm-none-eabi/lib/thumb\libg.a(lib_a-strncasecmp.o)
                0x0000000002011a3c                strncasecmp
 .text.strncmp  0x0000000002011a90       0x78 c:/devkitpro/devkitarm/bin/../lib/gcc/arm-none-eabi/10.2.0/../../../../arm-none-eabi/lib/thumb\libg.a(lib_a-strncmp.o)
                0x0000000002011a90                strncmp
 .text.strncpy  0x0000000002011b08       0x74 c:/devkitpro/devkitarm/bin/../lib/gcc/arm-none-eabi/10.2.0/../../../../arm-none-eabi/lib/thumb\libg.a(lib_a-strncpy.o)
                0x0000000002011b08                strncpy
 .text.strnlen  0x0000000002011b7c       0x28 c:/devkitpro/devkitarm/bin/../lib/gcc/arm-none-eabi/10.2.0/../../../../arm-none-eabi/lib/thumb\libg.a(lib_a-strnlen.o)
                0x0000000002011b7c                strnlen
 .text.strpbrk  0x0000000002011ba4       0x40 c:/devkitpro/devkitarm/bin/../lib/gcc/arm-none-eabi/10.2.0/../../../../arm-none-eabi/lib/thumb\libg.a(lib_a-strpbrk.o)
                0x0000000002011ba4                strpbrk
 .text.strrchr  0x0000000002011be4       0x2c c:/devkitpro/devkitarm/bin/../lib/gcc/arm-none-eabi/10.2.0/../../../../arm-none-eabi/lib/thumb\libg.a(lib_a-strrchr.o)
                0x0000000002011be4                strrchr
 .text._strtol_l.part.0
                0x0000000002011c10      0x150 c:/devkitpro/devkitarm/bin/../lib/gcc/arm-none-eabi/10.2.0/../../../../arm-none-eabi/lib/thumb\libg.a(lib_a-strtol.o)
 .text._strtol_r
                0x0000000002011d60       0x20 c:/devkitpro/devkitarm/bin/../lib/gcc/arm-none-eabi/10.2.0/../../../../arm-none-eabi/lib/thumb\libg.a(lib_a-strtol.o)
                0x0000000002011d60                _strtol_r
 .text.get_arg  0x0000000002011d80       0x32 c:/devkitpro/devkitarm/bin/../lib/gcc/arm-none-eabi/10.2.0/../../../../arm-none-eabi/lib/thumb\libg.a(lib_a-svfiscanf.o)
 .text._sungetc_r
                0x0000000002011db2       0x7e c:/devkitpro/devkitarm/bin/../lib/gcc/arm-none-eabi/10.2.0/../../../../arm-none-eabi/lib/thumb\libg.a(lib_a-svfiscanf.o)
                0x0000000002011db2                _sungetc_r
 .text.__ssrefill_r
                0x0000000002011e30       0x42 c:/devkitpro/devkitarm/bin/../lib/gcc/arm-none-eabi/10.2.0/../../../../arm-none-eabi/lib/thumb\libg.a(lib_a-svfiscanf.o)
                0x0000000002011e30                __ssrefill_r
 .text._sfread_r
                0x0000000002011e72       0x8a c:/devkitpro/devkitarm/bin/../lib/gcc/arm-none-eabi/10.2.0/../../../../arm-none-eabi/lib/thumb\libg.a(lib_a-svfiscanf.o)
                0x0000000002011e72                _sfread_r
 .text.__ssvfiscanf_r
                0x0000000002011efc     0x1b6c c:/devkitpro/devkitarm/bin/../lib/gcc/arm-none-eabi/10.2.0/../../../../arm-none-eabi/lib/thumb\libg.a(lib_a-svfiscanf.o)
                0x0000000002011efc                __ssvfiscanf_r
 .text.lseek    0x0000000002013a68       0x24 c:/devkitpro/devkitarm/bin/../lib/gcc/arm-none-eabi/10.2.0/../../../../arm-none-eabi/lib/thumb\libg.a(lib_a-syslseek.o)
                0x0000000002013a68                lseek
 .text.open     0x0000000002013a8c       0x28 c:/devkitpro/devkitarm/bin/../lib/gcc/arm-none-eabi/10.2.0/../../../../arm-none-eabi/lib/thumb\libg.a(lib_a-sysopen.o)
                0x0000000002013a8c                open
 .text.read     0x0000000002013ab4       0x1c c:/devkitpro/devkitarm/bin/../lib/gcc/arm-none-eabi/10.2.0/../../../../arm-none-eabi/lib/thumb\libg.a(lib_a-sysread.o)
                0x0000000002013ab4                read
 .text.time     0x0000000002013ad0       0x34 c:/devkitpro/devkitarm/bin/../lib/gcc/arm-none-eabi/10.2.0/../../../../arm-none-eabi/lib/thumb\libg.a(lib_a-time.o)
                0x0000000002013ad0                time
 .text.towlower
                0x0000000002013b04       0x10 c:/devkitpro/devkitarm/bin/../lib/gcc/arm-none-eabi/10.2.0/../../../../arm-none-eabi/lib/thumb\libg.a(lib_a-towlower.o)
                0x0000000002013b04                towlower
 .text.towupper
                0x0000000002013b14       0x10 c:/devkitpro/devkitarm/bin/../lib/gcc/arm-none-eabi/10.2.0/../../../../arm-none-eabi/lib/thumb\libg.a(lib_a-towupper.o)
                0x0000000002013b14                towupper
 .text.__tzcalc_limits
                0x0000000002013b24      0x1a8 c:/devkitpro/devkitarm/bin/../lib/gcc/arm-none-eabi/10.2.0/../../../../arm-none-eabi/lib/thumb\libg.a(lib_a-tzcalc_limits.o)
                0x0000000002013b24                __tzcalc_limits
 .text.__tz_lock
                0x0000000002013ccc       0x14 c:/devkitpro/devkitarm/bin/../lib/gcc/arm-none-eabi/10.2.0/../../../../arm-none-eabi/lib/thumb\libg.a(lib_a-tzlock.o)
                0x0000000002013ccc                __tz_lock
 .text.__tz_unlock
                0x0000000002013ce0       0x14 c:/devkitpro/devkitarm/bin/../lib/gcc/arm-none-eabi/10.2.0/../../../../arm-none-eabi/lib/thumb\libg.a(lib_a-tzlock.o)
                0x0000000002013ce0                __tz_unlock
 .text._tzset_unlocked
                0x0000000002013cf4       0x10 c:/devkitpro/devkitarm/bin/../lib/gcc/arm-none-eabi/10.2.0/../../../../arm-none-eabi/lib/thumb\libg.a(lib_a-tzset.o)
                0x0000000002013cf4                _tzset_unlocked
 .text._tzset_unlocked_r
                0x0000000002013d04      0x360 c:/devkitpro/devkitarm/bin/../lib/gcc/arm-none-eabi/10.2.0/../../../../arm-none-eabi/lib/thumb\libg.a(lib_a-tzset_r.o)
                0x0000000002013d04                _tzset_unlocked_r
 .text.__submore
                0x0000000002014064       0x88 c:/devkitpro/devkitarm/bin/../lib/gcc/arm-none-eabi/10.2.0/../../../../arm-none-eabi/lib/thumb\libg.a(lib_a-ungetc.o)
                0x0000000002014064                __submore
 .text.get_arg  0x00000000020140ec      0x3f0 c:/devkitpro/devkitarm/bin/../lib/gcc/arm-none-eabi/10.2.0/../../../../arm-none-eabi/lib/thumb\libg.a(lib_a-vfiprintf.o)
 .text.__sprint_r
                0x00000000020144dc       0x20 c:/devkitpro/devkitarm/bin/../lib/gcc/arm-none-eabi/10.2.0/../../../../arm-none-eabi/lib/thumb\libg.a(lib_a-vfiprintf.o)
                0x00000000020144dc                __sprint_r
 .text._vfiprintf_r
                0x00000000020144fc     0x1800 c:/devkitpro/devkitarm/bin/../lib/gcc/arm-none-eabi/10.2.0/../../../../arm-none-eabi/lib/thumb\libg.a(lib_a-vfiprintf.o)
                0x00000000020144fc                _vfiprintf_r
 .text.__sbprintf
                0x0000000002015cfc       0x8c c:/devkitpro/devkitarm/bin/../lib/gcc/arm-none-eabi/10.2.0/../../../../arm-none-eabi/lib/thumb\libg.a(lib_a-vfiprintf.o)
 .text.get_arg  0x0000000002015d88      0x3f0 c:/devkitpro/devkitarm/bin/../lib/gcc/arm-none-eabi/10.2.0/../../../../arm-none-eabi/lib/thumb\libg.a(lib_a-vfprintf.o)
 .text._vfprintf_r
                0x0000000002016178     0x2520 c:/devkitpro/devkitarm/bin/../lib/gcc/arm-none-eabi/10.2.0/../../../../arm-none-eabi/lib/thumb\libg.a(lib_a-vfprintf.o)
                0x0000000002016178                _vfprintf_r
 .text.__sbprintf
                0x0000000002018698       0x8c c:/devkitpro/devkitarm/bin/../lib/gcc/arm-none-eabi/10.2.0/../../../../arm-none-eabi/lib/thumb\libg.a(lib_a-vfprintf.o)
 .text._wcrtomb_r
                0x0000000002018724       0x5c c:/devkitpro/devkitarm/bin/../lib/gcc/arm-none-eabi/10.2.0/../../../../arm-none-eabi/lib/thumb\libg.a(lib_a-wcrtomb.o)
                0x0000000002018724                _wcrtomb_r
 .text.wcrtomb  0x0000000002018780       0x74 c:/devkitpro/devkitarm/bin/../lib/gcc/arm-none-eabi/10.2.0/../../../../arm-none-eabi/lib/thumb\libg.a(lib_a-wcrtomb.o)
                0x0000000002018780                wcrtomb
 .text._wcsrtombs_r
                0x00000000020187f4       0x1c c:/devkitpro/devkitarm/bin/../lib/gcc/arm-none-eabi/10.2.0/../../../../arm-none-eabi/lib/thumb\libg.a(lib_a-wcsrtombs.o)
                0x00000000020187f4                _wcsrtombs_r
 .text.wctob    0x0000000002018810       0x48 c:/devkitpro/devkitarm/bin/../lib/gcc/arm-none-eabi/10.2.0/../../../../arm-none-eabi/lib/thumb\libg.a(lib_a-wctob.o)
                0x0000000002018810                wctob
 .text.__utf8_wctomb
                0x0000000002018858       0xb4 c:/devkitpro/devkitarm/bin/../lib/gcc/arm-none-eabi/10.2.0/../../../../arm-none-eabi/lib/thumb\libg.a(lib_a-wctomb_r.o)
                0x0000000002018858                __utf8_wctomb
 .text.__swsetup_r
                0x000000000201890c       0xe4 c:/devkitpro/devkitarm/bin/../lib/gcc/arm-none-eabi/10.2.0/../../../../arm-none-eabi/lib/thumb\libg.a(lib_a-wsetup.o)
                0x000000000201890c                __swsetup_r
 .text.div      0x00000000020189f0       0x34 c:/devkitpro/devkitarm/bin/../lib/gcc/arm-none-eabi/10.2.0/../../../../arm-none-eabi/lib/thumb\libg.a(lib_a-div.o)
                0x00000000020189f0                div
 .text.quorem   0x0000000002018a24      0x14c c:/devkitpro/devkitarm/bin/../lib/gcc/arm-none-eabi/10.2.0/../../../../arm-none-eabi/lib/thumb\libg.a(lib_a-dtoa.o)
 .text._dtoa_r  0x0000000002018b70      0xff0 c:/devkitpro/devkitarm/bin/../lib/gcc/arm-none-eabi/10.2.0/../../../../arm-none-eabi/lib/thumb\libg.a(lib_a-dtoa.o)
                0x0000000002018b70                _dtoa_r
 .text.__errno  0x0000000002019b60        0xc c:/devkitpro/devkitarm/bin/../lib/gcc/arm-none-eabi/10.2.0/../../../../arm-none-eabi/lib/thumb\libg.a(lib_a-errno.o)
                0x0000000002019b60                __errno
 .text.__sflush_r
                0x0000000002019b6c      0x1c0 c:/devkitpro/devkitarm/bin/../lib/gcc/arm-none-eabi/10.2.0/../../../../arm-none-eabi/lib/thumb\libg.a(lib_a-fflush.o)
                0x0000000002019b6c                __sflush_r
 .text._fflush_r
                0x0000000002019d2c       0x70 c:/devkitpro/devkitarm/bin/../lib/gcc/arm-none-eabi/10.2.0/../../../../arm-none-eabi/lib/thumb\libg.a(lib_a-fflush.o)
                0x0000000002019d2c                _fflush_r
 .text._cleanup_r
                0x0000000002019d9c       0x14 c:/devkitpro/devkitarm/bin/../lib/gcc/arm-none-eabi/10.2.0/../../../../arm-none-eabi/lib/thumb\libg.a(lib_a-findfp.o)
                0x0000000002019d9c                _cleanup_r
 .text.__sinit  0x0000000002019db0      0x124 c:/devkitpro/devkitarm/bin/../lib/gcc/arm-none-eabi/10.2.0/../../../../arm-none-eabi/lib/thumb\libg.a(lib_a-findfp.o)
                0x0000000002019db0                __sinit
 .text.__sfp_lock_acquire
                0x0000000002019ed4       0x14 c:/devkitpro/devkitarm/bin/../lib/gcc/arm-none-eabi/10.2.0/../../../../arm-none-eabi/lib/thumb\libg.a(lib_a-findfp.o)
                0x0000000002019ed4                __sfp_lock_acquire
 .text.__sfp_lock_release
                0x0000000002019ee8       0x14 c:/devkitpro/devkitarm/bin/../lib/gcc/arm-none-eabi/10.2.0/../../../../arm-none-eabi/lib/thumb\libg.a(lib_a-findfp.o)
                0x0000000002019ee8                __sfp_lock_release
 .text._malloc_trim_r
                0x0000000002019efc       0xa0 c:/devkitpro/devkitarm/bin/../lib/gcc/arm-none-eabi/10.2.0/../../../../arm-none-eabi/lib/thumb\libg.a(lib_a-freer.o)
                0x0000000002019efc                _malloc_trim_r
 .text._free_r  0x0000000002019f9c      0x1e0 c:/devkitpro/devkitarm/bin/../lib/gcc/arm-none-eabi/10.2.0/../../../../arm-none-eabi/lib/thumb\libg.a(lib_a-freer.o)
                0x0000000002019f9c                _free_r
 .text.__sfvwrite_r
                0x000000000201a17c      0x324 c:/devkitpro/devkitarm/bin/../lib/gcc/arm-none-eabi/10.2.0/../../../../arm-none-eabi/lib/thumb\libg.a(lib_a-fvwrite.o)
                0x000000000201a17c                __sfvwrite_r
 .text._fwalk_reent
                0x000000000201a4a0       0x50 c:/devkitpro/devkitarm/bin/../lib/gcc/arm-none-eabi/10.2.0/../../../../arm-none-eabi/lib/thumb\libg.a(lib_a-fwalk.o)
                0x000000000201a4a0                _fwalk_reent
 .text._findenv_r
                0x000000000201a4f0       0x94 c:/devkitpro/devkitarm/bin/../lib/gcc/arm-none-eabi/10.2.0/../../../../arm-none-eabi/lib/thumb\libg.a(lib_a-getenv_r.o)
                0x000000000201a4f0                _findenv_r
 .text._getenv_r
                0x000000000201a584       0x10 c:/devkitpro/devkitarm/bin/../lib/gcc/arm-none-eabi/10.2.0/../../../../arm-none-eabi/lib/thumb\libg.a(lib_a-getenv_r.o)
                0x000000000201a584                _getenv_r
 .text.__gettzinfo
                0x000000000201a594        0x8 c:/devkitpro/devkitarm/bin/../lib/gcc/arm-none-eabi/10.2.0/../../../../arm-none-eabi/lib/thumb\libg.a(lib_a-gettzinfo.o)
                0x000000000201a594                __gettzinfo
 .text.gmtime_r
                0x000000000201a59c      0x1d8 c:/devkitpro/devkitarm/bin/../lib/gcc/arm-none-eabi/10.2.0/../../../../arm-none-eabi/lib/thumb\libg.a(lib_a-gmtime_r.o)
                0x000000000201a59c                gmtime_r
 .text.iswspace
                0x000000000201a774       0x10 c:/devkitpro/devkitarm/bin/../lib/gcc/arm-none-eabi/10.2.0/../../../../arm-none-eabi/lib/thumb\libg.a(lib_a-iswspace.o)
                0x000000000201a774                iswspace
 .text._localeconv_r
                0x000000000201a784        0x8 c:/devkitpro/devkitarm/bin/../lib/gcc/arm-none-eabi/10.2.0/../../../../arm-none-eabi/lib/thumb\libg.a(lib_a-localeconv.o)
                0x000000000201a784                _localeconv_r
 .text.__smakebuf_r
                0x000000000201a78c       0xec c:/devkitpro/devkitarm/bin/../lib/gcc/arm-none-eabi/10.2.0/../../../../arm-none-eabi/lib/thumb\libg.a(lib_a-makebuf.o)
                0x000000000201a78c                __smakebuf_r
 .text.__swhatbuf_r
                0x000000000201a878       0x64 c:/devkitpro/devkitarm/bin/../lib/gcc/arm-none-eabi/10.2.0/../../../../arm-none-eabi/lib/thumb\libg.a(lib_a-makebuf.o)
                0x000000000201a878                __swhatbuf_r
 .text._mbsnrtowcs_r
                0x000000000201a8dc       0xc0 c:/devkitpro/devkitarm/bin/../lib/gcc/arm-none-eabi/10.2.0/../../../../arm-none-eabi/lib/thumb\libg.a(lib_a-mbsnrtowcs.o)
                0x000000000201a8dc                _mbsnrtowcs_r
 .text.memchr   0x000000000201a99c       0x78 c:/devkitpro/devkitarm/bin/../lib/gcc/arm-none-eabi/10.2.0/../../../../arm-none-eabi/lib/thumb\libg.a(lib_a-memchr-stub.o)
                0x000000000201a99c                memchr
 .text._Balloc  0x000000000201aa14       0x54 c:/devkitpro/devkitarm/bin/../lib/gcc/arm-none-eabi/10.2.0/../../../../arm-none-eabi/lib/thumb\libg.a(lib_a-mprec.o)
                0x000000000201aa14                _Balloc
 .text._Bfree   0x000000000201aa68       0x14 c:/devkitpro/devkitarm/bin/../lib/gcc/arm-none-eabi/10.2.0/../../../../arm-none-eabi/lib/thumb\libg.a(lib_a-mprec.o)
                0x000000000201aa68                _Bfree
 .text.__multadd
                0x000000000201aa7c       0xac c:/devkitpro/devkitarm/bin/../lib/gcc/arm-none-eabi/10.2.0/../../../../arm-none-eabi/lib/thumb\libg.a(lib_a-mprec.o)
                0x000000000201aa7c                __multadd
 .text.__hi0bits
                0x000000000201ab28       0x38 c:/devkitpro/devkitarm/bin/../lib/gcc/arm-none-eabi/10.2.0/../../../../arm-none-eabi/lib/thumb\libg.a(lib_a-mprec.o)
                0x000000000201ab28                __hi0bits
 .text.__lo0bits
                0x000000000201ab60       0x5c c:/devkitpro/devkitarm/bin/../lib/gcc/arm-none-eabi/10.2.0/../../../../arm-none-eabi/lib/thumb\libg.a(lib_a-mprec.o)
                0x000000000201ab60                __lo0bits
 .text.__i2b    0x000000000201abbc       0x64 c:/devkitpro/devkitarm/bin/../lib/gcc/arm-none-eabi/10.2.0/../../../../arm-none-eabi/lib/thumb\libg.a(lib_a-mprec.o)
                0x000000000201abbc                __i2b
 .text.__multiply
                0x000000000201ac20      0x1a8 c:/devkitpro/devkitarm/bin/../lib/gcc/arm-none-eabi/10.2.0/../../../../arm-none-eabi/lib/thumb\libg.a(lib_a-mprec.o)
                0x000000000201ac20                __multiply
 .text.__pow5mult
                0x000000000201adc8       0xdc c:/devkitpro/devkitarm/bin/../lib/gcc/arm-none-eabi/10.2.0/../../../../arm-none-eabi/lib/thumb\libg.a(lib_a-mprec.o)
                0x000000000201adc8                __pow5mult
 .text.__lshift
                0x000000000201aea4      0x100 c:/devkitpro/devkitarm/bin/../lib/gcc/arm-none-eabi/10.2.0/../../../../arm-none-eabi/lib/thumb\libg.a(lib_a-mprec.o)
                0x000000000201aea4                __lshift
 .text.__mcmp   0x000000000201afa4       0x38 c:/devkitpro/devkitarm/bin/../lib/gcc/arm-none-eabi/10.2.0/../../../../arm-none-eabi/lib/thumb\libg.a(lib_a-mprec.o)
                0x000000000201afa4                __mcmp
 .text.__mdiff  0x000000000201afdc      0x190 c:/devkitpro/devkitarm/bin/../lib/gcc/arm-none-eabi/10.2.0/../../../../arm-none-eabi/lib/thumb\libg.a(lib_a-mprec.o)
                0x000000000201afdc                __mdiff
 .text.__d2b    0x000000000201b16c       0xdc c:/devkitpro/devkitarm/bin/../lib/gcc/arm-none-eabi/10.2.0/../../../../arm-none-eabi/lib/thumb\libg.a(lib_a-mprec.o)
                0x000000000201b16c                __d2b
 .text.__sccl   0x000000000201b248       0x90 c:/devkitpro/devkitarm/bin/../lib/gcc/arm-none-eabi/10.2.0/../../../../arm-none-eabi/lib/thumb\libg.a(lib_a-sccl.o)
                0x000000000201b248                __sccl
 .text.frexp    0x000000000201b2d8       0x68 c:/devkitpro/devkitarm/bin/../lib/gcc/arm-none-eabi/10.2.0/../../../../arm-none-eabi/lib/thumb\libg.a(lib_a-s_frexp.o)
                0x000000000201b2d8                frexp
 .text._strtoll_l.constprop.0
                0x000000000201b340      0x1ac c:/devkitpro/devkitarm/bin/../lib/gcc/arm-none-eabi/10.2.0/../../../../arm-none-eabi/lib/thumb\libg.a(lib_a-strtoll.o)
 .text._strtoll_r
                0x000000000201b4ec        0xc c:/devkitpro/devkitarm/bin/../lib/gcc/arm-none-eabi/10.2.0/../../../../arm-none-eabi/lib/thumb\libg.a(lib_a-strtoll.o)
                0x000000000201b4ec                _strtoll_r
 .text._strtoull_l.constprop.0
                0x000000000201b4f8      0x1c8 c:/devkitpro/devkitarm/bin/../lib/gcc/arm-none-eabi/10.2.0/../../../../arm-none-eabi/lib/thumb\libg.a(lib_a-strtoull.o)
 .text._strtoull_r
                0x000000000201b6c0        0xc c:/devkitpro/devkitarm/bin/../lib/gcc/arm-none-eabi/10.2.0/../../../../arm-none-eabi/lib/thumb\libg.a(lib_a-strtoull.o)
                0x000000000201b6c0                _strtoull_r
 .text._strtoul_l.constprop.0
                0x000000000201b6cc      0x148 c:/devkitpro/devkitarm/bin/../lib/gcc/arm-none-eabi/10.2.0/../../../../arm-none-eabi/lib/thumb\libg.a(lib_a-strtoul.o)
 .text._strtoul_r
                0x000000000201b814        0xc c:/devkitpro/devkitarm/bin/../lib/gcc/arm-none-eabi/10.2.0/../../../../arm-none-eabi/lib/thumb\libg.a(lib_a-strtoul.o)
                0x000000000201b814                _strtoul_r
 .text.strtoul  0x000000000201b820       0x1c c:/devkitpro/devkitarm/bin/../lib/gcc/arm-none-eabi/10.2.0/../../../../arm-none-eabi/lib/thumb\libg.a(lib_a-strtoul.o)
                0x000000000201b820                strtoul
 .text.towctrans
                0x000000000201b83c       0x28 c:/devkitpro/devkitarm/bin/../lib/gcc/arm-none-eabi/10.2.0/../../../../arm-none-eabi/lib/thumb\libg.a(lib_a-towctrans.o)
                0x000000000201b83c                towctrans
 .text._wcsnrtombs_l
                0x000000000201b864      0x138 c:/devkitpro/devkitarm/bin/../lib/gcc/arm-none-eabi/10.2.0/../../../../arm-none-eabi/lib/thumb\libg.a(lib_a-wcsnrtombs.o)
                0x000000000201b864                _wcsnrtombs_l
 .text._wcsnrtombs_r
                0x000000000201b99c       0x30 c:/devkitpro/devkitarm/bin/../lib/gcc/arm-none-eabi/10.2.0/../../../../arm-none-eabi/lib/thumb\libg.a(lib_a-wcsnrtombs.o)
                0x000000000201b99c                _wcsnrtombs_r
 .text.__assert_func
                0x000000000201b9cc       0x40 c:/devkitpro/devkitarm/bin/../lib/gcc/arm-none-eabi/10.2.0/../../../../arm-none-eabi/lib/thumb\libg.a(lib_a-assert.o)
                0x000000000201b9cc                __assert_func
 .text.__env_lock
                0x000000000201ba0c       0x14 c:/devkitpro/devkitarm/bin/../lib/gcc/arm-none-eabi/10.2.0/../../../../arm-none-eabi/lib/thumb\libg.a(lib_a-envlock.o)
                0x000000000201ba0c                __env_lock
 .text.__env_unlock
                0x000000000201ba20       0x14 c:/devkitpro/devkitarm/bin/../lib/gcc/arm-none-eabi/10.2.0/../../../../arm-none-eabi/lib/thumb\libg.a(lib_a-envlock.o)
                0x000000000201ba20                __env_unlock
 .text._fclose_r
                0x000000000201ba34       0xe8 c:/devkitpro/devkitarm/bin/../lib/gcc/arm-none-eabi/10.2.0/../../../../arm-none-eabi/lib/thumb\libg.a(lib_a-fclose.o)
                0x000000000201ba34                _fclose_r
 .text.fiprintf
                0x000000000201bb1c       0x28 c:/devkitpro/devkitarm/bin/../lib/gcc/arm-none-eabi/10.2.0/../../../../arm-none-eabi/lib/thumb\libg.a(lib_a-fiprintf.o)
                0x000000000201bb1c                fiprintf
 .text.iswspace_l
                0x000000000201bb44       0x2c c:/devkitpro/devkitarm/bin/../lib/gcc/arm-none-eabi/10.2.0/../../../../arm-none-eabi/lib/thumb\libg.a(lib_a-iswspace_l.o)
                0x000000000201bb44                iswspace_l
 .text.__jp2uc  0x000000000201bb70      0x164 c:/devkitpro/devkitarm/bin/../lib/gcc/arm-none-eabi/10.2.0/../../../../arm-none-eabi/lib/thumb\libg.a(lib_a-jp2uc.o)
 .text._jp2uc_l
                0x000000000201bcd4       0x6c c:/devkitpro/devkitarm/bin/../lib/gcc/arm-none-eabi/10.2.0/../../../../arm-none-eabi/lib/thumb\libg.a(lib_a-jp2uc.o)
                0x000000000201bcd4                _jp2uc_l
 .text._uc2jp_l
                0x000000000201bd40       0x4c c:/devkitpro/devkitarm/bin/../lib/gcc/arm-none-eabi/10.2.0/../../../../arm-none-eabi/lib/thumb\libg.a(lib_a-jp2uc.o)
                0x000000000201bd40                _uc2jp_l
 .text.towctrans_l
                0x000000000201bd8c      0x1b4 c:/devkitpro/devkitarm/bin/../lib/gcc/arm-none-eabi/10.2.0/../../../../arm-none-eabi/lib/thumb\libg.a(lib_a-towctrans_l.o)
                0x000000000201bd8c                towctrans_l
 .text.abort    0x000000000201bf40       0x10 c:/devkitpro/devkitarm/bin/../lib/gcc/arm-none-eabi/10.2.0/../../../../arm-none-eabi/lib/thumb\libg.a(lib_a-abort.o)
                0x000000000201bf40                abort
 .text.category
                0x000000000201bf50       0x54 c:/devkitpro/devkitarm/bin/../lib/gcc/arm-none-eabi/10.2.0/../../../../arm-none-eabi/lib/thumb\libg.a(lib_a-categories.o)
                0x000000000201bf50                category
 .text._raise_r
                0x000000000201bfa4       0x64 c:/devkitpro/devkitarm/bin/../lib/gcc/arm-none-eabi/10.2.0/../../../../arm-none-eabi/lib/thumb\libg.a(lib_a-signal.o)
                0x000000000201bfa4                _raise_r
 .text.raise    0x000000000201c008       0x14 c:/devkitpro/devkitarm/bin/../lib/gcc/arm-none-eabi/10.2.0/../../../../arm-none-eabi/lib/thumb\libg.a(lib_a-signal.o)
                0x000000000201c008                raise
 .text.null_write
                0x000000000201c01c        0x4 c:/devkitpro/devkitarm/bin/../lib/gcc/arm-none-eabi/10.2.0/../../../../arm-none-eabi/lib/thumb\libsysbase.a(iosupport.o)
 .text.setDefaultDevice
                0x000000000201c020       0x10 c:/devkitpro/devkitarm/bin/../lib/gcc/arm-none-eabi/10.2.0/../../../../arm-none-eabi/lib/thumb\libsysbase.a(iosupport.o)
                0x000000000201c020                setDefaultDevice
 .text.FindDevice
                0x000000000201c030       0x98 c:/devkitpro/devkitarm/bin/../lib/gcc/arm-none-eabi/10.2.0/../../../../arm-none-eabi/lib/thumb\libsysbase.a(iosupport.o)
                0x000000000201c030                FindDevice
 .text.AddDevice
                0x000000000201c0c8       0x78 c:/devkitpro/devkitarm/bin/../lib/gcc/arm-none-eabi/10.2.0/../../../../arm-none-eabi/lib/thumb\libsysbase.a(iosupport.o)
                0x000000000201c0c8                AddDevice
 .text.GetDeviceOpTab
                0x000000000201c140       0x20 c:/devkitpro/devkitarm/bin/../lib/gcc/arm-none-eabi/10.2.0/../../../../arm-none-eabi/lib/thumb\libsysbase.a(iosupport.o)
                0x000000000201c140                GetDeviceOpTab
 .text._fstat_r
                0x000000000201c160       0x4c c:/devkitpro/devkitarm/bin/../lib/gcc/arm-none-eabi/10.2.0/../../../../arm-none-eabi/lib/thumb\libsysbase.a(fstat.o)
                0x000000000201c160                _fstat_r
 .text._getpid_r
                0x000000000201c1ac        0xc c:/devkitpro/devkitarm/bin/../lib/gcc/arm-none-eabi/10.2.0/../../../../arm-none-eabi/lib/thumb\libsysbase.a(getpid.o)
                0x000000000201c1ac                _getpid_r
 .text._gettimeofday_r
                0x000000000201c1b8       0x28 c:/devkitpro/devkitarm/bin/../lib/gcc/arm-none-eabi/10.2.0/../../../../arm-none-eabi/lib/thumb\libsysbase.a(gettod.o)
                0x000000000201c1b8                _gettimeofday_r
 .text._isatty_r
                0x000000000201c1e0        0x4 c:/devkitpro/devkitarm/bin/../lib/gcc/arm-none-eabi/10.2.0/../../../../arm-none-eabi/lib/thumb\libsysbase.a(isatty.o)
                0x000000000201c1e0                _isatty_r
 .text._kill_r  0x000000000201c1e4        0xc c:/devkitpro/devkitarm/bin/../lib/gcc/arm-none-eabi/10.2.0/../../../../arm-none-eabi/lib/thumb\libsysbase.a(kill.o)
                0x000000000201c1e4                _kill_r
 .text._lseek_r
                0x000000000201c1f0       0x5c c:/devkitpro/devkitarm/bin/../lib/gcc/arm-none-eabi/10.2.0/../../../../arm-none-eabi/lib/thumb\libsysbase.a(lseek.o)
                0x000000000201c1f0                _lseek_r
 .text._open_r  0x000000000201c24c       0x9c c:/devkitpro/devkitarm/bin/../lib/gcc/arm-none-eabi/10.2.0/../../../../arm-none-eabi/lib/thumb\libsysbase.a(open.o)
                0x000000000201c24c                _open_r
 .text._read_r  0x000000000201c2e8       0x50 c:/devkitpro/devkitarm/bin/../lib/gcc/arm-none-eabi/10.2.0/../../../../arm-none-eabi/lib/thumb\libsysbase.a(read.o)
                0x000000000201c2e8                _read_r
 .text._sbrk_r  0x000000000201c338       0x54 c:/devkitpro/devkitarm/bin/../lib/gcc/arm-none-eabi/10.2.0/../../../../arm-none-eabi/lib/thumb\libsysbase.a(sbrk.o)
                0x000000000201c338                _sbrk_r
 .text._write_r
                0x000000000201c38c       0x50 c:/devkitpro/devkitarm/bin/../lib/gcc/arm-none-eabi/10.2.0/../../../../arm-none-eabi/lib/thumb\libsysbase.a(write.o)
                0x000000000201c38c                _write_r
 .text._exit    0x000000000201c3dc       0x18 c:/devkitpro/devkitarm/bin/../lib/gcc/arm-none-eabi/10.2.0/../../../../arm-none-eabi/lib/thumb\libsysbase.a(_exit.o)
                0x000000000201c3dc                _exit
 .text._concatenate_path
                0x000000000201c3f4      0x128 c:/devkitpro/devkitarm/bin/../lib/gcc/arm-none-eabi/10.2.0/../../../../arm-none-eabi/lib/thumb\libsysbase.a(chdir.o)
                0x000000000201c3f4                _concatenate_path
 .text.chdir    0x000000000201c51c       0xec c:/devkitpro/devkitarm/bin/../lib/gcc/arm-none-eabi/10.2.0/../../../../arm-none-eabi/lib/thumb\libsysbase.a(chdir.o)
                0x000000000201c51c                chdir
 .text.getcwd   0x000000000201c608       0x60 c:/devkitpro/devkitarm/bin/../lib/gcc/arm-none-eabi/10.2.0/../../../../arm-none-eabi/lib/thumb\libsysbase.a(chdir.o)
                0x000000000201c608                getcwd
 .text.build_argv
                0x000000000201c668       0x4c c:/devkitpro/devkitarm/bin/../lib/gcc/arm-none-eabi/10.2.0/../../../../arm-none-eabi/lib/thumb\libsysbase.a(build_argv.o)
                0x000000000201c668                build_argv
 .text.__flockfile
                0x000000000201c6b4       0x10 c:/devkitpro/devkitarm/bin/../lib/gcc/arm-none-eabi/10.2.0/../../../../arm-none-eabi/lib/thumb\libsysbase.a(flock.o)
                0x000000000201c6b4                __flockfile
 .text.__funlockfile
                0x000000000201c6c4       0x10 c:/devkitpro/devkitarm/bin/../lib/gcc/arm-none-eabi/10.2.0/../../../../arm-none-eabi/lib/thumb\libsysbase.a(flock.o)
                0x000000000201c6c4                __funlockfile
 .text.__libc_lock_acquire
                0x000000000201c6d4       0x1c c:/devkitpro/devkitarm/bin/../lib/gcc/arm-none-eabi/10.2.0/../../../../arm-none-eabi/lib/thumb\libsysbase.a(syscall_support.o)
                0x000000000201c6d4                __libc_lock_acquire
 .text.__libc_lock_release
                0x000000000201c6f0       0x1c c:/devkitpro/devkitarm/bin/../lib/gcc/arm-none-eabi/10.2.0/../../../../arm-none-eabi/lib/thumb\libsysbase.a(syscall_support.o)
                0x000000000201c6f0                __libc_lock_release
 .text.__libc_lock_init_recursive
                0x000000000201c70c       0x1c c:/devkitpro/devkitarm/bin/../lib/gcc/arm-none-eabi/10.2.0/../../../../arm-none-eabi/lib/thumb\libsysbase.a(syscall_support.o)
                0x000000000201c70c                __libc_lock_init_recursive
 .text.__libc_lock_acquire_recursive
                0x000000000201c728       0x1c c:/devkitpro/devkitarm/bin/../lib/gcc/arm-none-eabi/10.2.0/../../../../arm-none-eabi/lib/thumb\libsysbase.a(syscall_support.o)
                0x000000000201c728                __libc_lock_acquire_recursive
 .text.__libc_lock_release_recursive
                0x000000000201c744       0x1c c:/devkitpro/devkitarm/bin/../lib/gcc/arm-none-eabi/10.2.0/../../../../arm-none-eabi/lib/thumb\libsysbase.a(syscall_support.o)
                0x000000000201c744                __libc_lock_release_recursive
 .text.__libc_lock_close_recursive
                0x000000000201c760       0x1c c:/devkitpro/devkitarm/bin/../lib/gcc/arm-none-eabi/10.2.0/../../../../arm-none-eabi/lib/thumb\libsysbase.a(syscall_support.o)
                0x000000000201c760                __libc_lock_close_recursive
 .text.__release_handle
                0x000000000201c77c       0x68 c:/devkitpro/devkitarm/bin/../lib/gcc/arm-none-eabi/10.2.0/../../../../arm-none-eabi/lib/thumb\libsysbase.a(handle_manager.o)
                0x000000000201c77c                __release_handle
 .text.__alloc_handle
                0x000000000201c7e4       0x80 c:/devkitpro/devkitarm/bin/../lib/gcc/arm-none-eabi/10.2.0/../../../../arm-none-eabi/lib/thumb\libsysbase.a(handle_manager.o)
                0x000000000201c7e4                __alloc_handle
 .text.__get_handle
                0x000000000201c864       0x34 c:/devkitpro/devkitarm/bin/../lib/gcc/arm-none-eabi/10.2.0/../../../../arm-none-eabi/lib/thumb\libsysbase.a(handle_manager.o)
                0x000000000201c864                __get_handle
 .text._close_r
                0x000000000201c898       0xb8 c:/devkitpro/devkitarm/bin/../lib/gcc/arm-none-eabi/10.2.0/../../../../arm-none-eabi/lib/thumb\libsysbase.a(handle_manager.o)
                0x000000000201c898                _close_r
 .text.__getreent
                0x000000000201c950       0x28 c:/devkitpro/devkitarm/bin/../lib/gcc/arm-none-eabi/10.2.0/../../../../arm-none-eabi/lib/thumb\libsysbase.a(getreent.o)
                0x000000000201c950                __getreent
 .text.__getreent.__stub
                0x000000000201c978      0x150 linker stubs
 *(EXCLUDE_FILE(*.twl*) .gnu.warning)
 *(EXCLUDE_FILE(*.twl*) .gnu.linkonce.t*)
 *(.glue_7)
 .glue_7        0x000000000201cad8        0x0 linker stubs
 *(.glue_7t)
 .glue_7t       0x000000000201cad8        0x0 linker stubs
                0x000000000201cad8                . = ALIGN (0x4)

.vfp11_veneer   0x000000000201cad8        0x0
 .vfp11_veneer  0x000000000201cad8        0x0 linker stubs

.v4_bx          0x000000000201cad8        0x0
 .v4_bx         0x000000000201cad8        0x0 linker stubs

.iplt           0x000000000201cad8        0x0
 .iplt          0x000000000201cad8        0x0 c:/devkitpro/devkitarm/bin/../lib/gcc/arm-none-eabi/10.2.0/../../../../arm-none-eabi/lib/thumb/ds_arm9_crt0.o

.fini           0x000000000201cad8        0xc
 *(.fini)
 .fini          0x000000000201cad8        0x4 c:/devkitpro/devkitarm/bin/../lib/gcc/arm-none-eabi/10.2.0/thumb/crti.o
                0x000000000201cad8                _fini
 .fini          0x000000000201cadc        0x8 c:/devkitpro/devkitarm/bin/../lib/gcc/arm-none-eabi/10.2.0/thumb/crtn.o
                0x000000000201cae4                __text_end = .

.rodata         0x000000000201cb00     0x9cd0
 *(EXCLUDE_FILE(*.twl*) .rodata)
 .rodata        0x000000000201cb00       0x1c main.o
 .rodata        0x000000000201cb1c       0x50 C:/Users/TheMiningBoy/Documents/Roblox_DS/Game/nflib/lib\libnflib.a(nf_basic.o)
 *all.rodata*(*)
 *(EXCLUDE_FILE(*.twl*) .roda)
 *(EXCLUDE_FILE(*.twl*) .rodata.*)
 .rodata.str1.4
                0x000000000201cb6c       0xa9 main.o
 *fill*         0x000000000201cc15        0x3 ff
 .rodata.str1.4
                0x000000000201cc18      0x61b C:/Users/TheMiningBoy/Documents/Roblox_DS/Game/nflib/lib\libnflib.a(nf_basic.o)
                                        0x628 (size before relaxing)
 .rodata.nitroFSInit.str1.4
                0x000000000201d233        0x8 C:/devkitPro/libnds/lib\libfilesystem.a(nitrofs.o)
 *fill*         0x000000000201d233        0x1 ff
 .rodata.str1.4
                0x000000000201d234        0xe C:/devkitPro/libnds/lib\libfilesystem.a(nitrofs.o)
 *fill*         0x000000000201d242        0x2 ff
 .rodata.fatMount.part.0.str1.4
                0x000000000201d244        0x2 C:/devkitPro/libnds/lib\libfat.a(libfat.o)
 *fill*         0x000000000201d246        0x2 ff
 .rodata.fatInit.str1.4
                0x000000000201d248        0x3 C:/devkitPro/libnds/lib\libfat.a(libfat.o)
 *fill*         0x000000000201d24b        0x1 ff
 .rodata.str1.4
                0x000000000201d24c        0x4 C:/devkitPro/libnds/lib\libfat.a(libfat.o)
 .rodata.dotab_fat
                0x000000000201d250       0x70 C:/devkitPro/libnds/lib\libfat.a(libfat.o)
 .rodata.str1.4
                0x000000000201d2c0        0x3 C:/devkitPro/libnds/lib\libfat.a(disc.o)
                                          0x8 (size before relaxing)
 *fill*         0x000000000201d2c3        0x1 ff
 .rodata._FAT_disc_interfaces
                0x000000000201d2c4       0x18 C:/devkitPro/libnds/lib\libfat.a(disc.o)
                0x000000000201d2c4                _FAT_disc_interfaces
 .rodata._FAT_directory_entryFromPath.str1.4
                0x000000000201d2dc        0x7 C:/devkitPro/libnds/lib\libfat.a(directory.o)
 .rodata.ILLEGAL_ALIAS_CHARACTERS
                0x000000000201d2dc       0x12 C:/devkitPro/libnds/lib\libfat.a(directory.o)
 *fill*         0x000000000201d2ee        0x2 ff
 .rodata.ILLEGAL_LFN_CHARACTERS
                0x000000000201d2f0        0xa C:/devkitPro/libnds/lib\libfat.a(directory.o)
 *fill*         0x000000000201d2fa        0x2 ff
 .rodata.LFN_offset_table
                0x000000000201d2fc       0x34 C:/devkitPro/libnds/lib\libfat.a(directory.o)
 .rodata.FAT_SIG
                0x000000000201d330        0x3 C:/devkitPro/libnds/lib\libfat.a(partition.o)
 *fill*         0x000000000201d333        0x1 ff
 .rodata.FS_TWL_SIG
                0x000000000201d334        0x8 C:/devkitPro/libnds/lib\libfat.a(partition.o)
 .rodata.con_write.str1.4
                0x000000000201d33c       0x30 C:/devkitPro/libnds/lib\libnds9.a(console.o)
 .rodata.con_write
                0x000000000201d36c       0xd4 C:/devkitPro/libnds/lib\libnds9.a(console.o)
 .rodata.consoleClear.str1.4
                0x000000000201d440        0x5 C:/devkitPro/libnds/lib\libnds9.a(console.o)
 *fill*         0x000000000201d445        0x3 ff
 .rodata.str1.4
                0x000000000201d448       0x14 C:/devkitPro/libnds/lib\libnds9.a(console.o)
 .rodata.dotab_stdout
                0x000000000201d45c       0x70 C:/devkitPro/libnds/lib\libnds9.a(console.o)
 .rodata.SIN_LUT
                0x000000000201d4cc      0x102 C:/devkitPro/libnds/lib\libnds9.a(trig.o)
                0x000000000201d4cc                SIN_LUT
 *fill*         0x000000000201d5ce        0x2 ff
 .rodata.TAN_LUT
                0x000000000201d5d0      0x204 C:/devkitPro/libnds/lib\libnds9.a(trig.o)
                0x000000000201d5d0                TAN_LUT
 *fill*         0x000000000201d7d4        0xc ff
 .rodata.default_font_bin
                0x000000000201d7e0     0x2000 C:/devkitPro/libnds/lib\libnds9.a(default_font.bin.o)
                0x000000000201d7e0                default_font_bin
                0x000000000201f7e0                default_font_bin_end
 .rodata.npio2_hw
                0x000000000201f7e0       0x80 c:/devkitpro/devkitarm/bin/../lib/gcc/arm-none-eabi/10.2.0/../../../../arm-none-eabi/lib/thumb\libm.a(lib_a-e_rem_pio2.o)
 .rodata.two_over_pi
                0x000000000201f860      0x108 c:/devkitpro/devkitarm/bin/../lib/gcc/arm-none-eabi/10.2.0/../../../../arm-none-eabi/lib/thumb\libm.a(lib_a-e_rem_pio2.o)
 .rodata.PIo2   0x000000000201f968       0x40 c:/devkitpro/devkitarm/bin/../lib/gcc/arm-none-eabi/10.2.0/../../../../arm-none-eabi/lib/thumb\libm.a(lib_a-k_rem_pio2.o)
 .rodata.init_jk
                0x000000000201f9a8       0x10 c:/devkitpro/devkitarm/bin/../lib/gcc/arm-none-eabi/10.2.0/../../../../arm-none-eabi/lib/thumb\libm.a(lib_a-k_rem_pio2.o)
 .rodata._ctype_
                0x000000000201f9b8      0x101 c:/devkitpro/devkitarm/bin/../lib/gcc/arm-none-eabi/10.2.0/../../../../arm-none-eabi/lib/thumb\libg.a(lib_a-ctype_.o)
                0x000000000201f9b8                _ctype_
 *fill*         0x000000000201fab9        0x3 ff
 .rodata.str1.4
                0x000000000201fabc       0x44 c:/devkitpro/devkitarm/bin/../lib/gcc/arm-none-eabi/10.2.0/../../../../arm-none-eabi/lib/thumb\libg.a(lib_a-locale.o)
                                         0x4c (size before relaxing)
 .rodata._mbrtowc_r.str1.4
                0x000000000201fb00        0x1 c:/devkitpro/devkitarm/bin/../lib/gcc/arm-none-eabi/10.2.0/../../../../arm-none-eabi/lib/thumb\libg.a(lib_a-mbrtowc.o)
 .rodata.DAYS_IN_MONTH
                0x000000000201fb00       0x30 c:/devkitpro/devkitarm/bin/../lib/gcc/arm-none-eabi/10.2.0/../../../../arm-none-eabi/lib/thumb\libg.a(lib_a-mktime.o)
 .rodata._DAYS_BEFORE_MONTH
                0x000000000201fb30       0x30 c:/devkitpro/devkitarm/bin/../lib/gcc/arm-none-eabi/10.2.0/../../../../arm-none-eabi/lib/thumb\libg.a(lib_a-mktime.o)
 .rodata.__month_lengths
                0x000000000201fb60       0x60 c:/devkitpro/devkitarm/bin/../lib/gcc/arm-none-eabi/10.2.0/../../../../arm-none-eabi/lib/thumb\libg.a(lib_a-month_lengths.o)
                0x000000000201fb60                __month_lengths
 .rodata.basefix.0
                0x000000000201fbc0       0x22 c:/devkitpro/devkitarm/bin/../lib/gcc/arm-none-eabi/10.2.0/../../../../arm-none-eabi/lib/thumb\libg.a(lib_a-svfiscanf.o)
 *fill*         0x000000000201fbe2        0x2 ff
 .rodata._tzset_unlocked_r.str1.4
                0x000000000201fbe4       0x53 c:/devkitpro/devkitarm/bin/../lib/gcc/arm-none-eabi/10.2.0/../../../../arm-none-eabi/lib/thumb\libg.a(lib_a-tzset_r.o)
 .rodata.str1.4
                0x000000000201fc37        0x4 c:/devkitpro/devkitarm/bin/../lib/gcc/arm-none-eabi/10.2.0/../../../../arm-none-eabi/lib/thumb\libg.a(lib_a-tzvars.o)
 .rodata._vfiprintf_r.str1.1
                0x000000000201fc37       0x29 c:/devkitpro/devkitarm/bin/../lib/gcc/arm-none-eabi/10.2.0/../../../../arm-none-eabi/lib/thumb\libg.a(lib_a-vfiprintf.o)
 .rodata.blanks.1
                0x000000000201fc60       0x10 c:/devkitpro/devkitarm/bin/../lib/gcc/arm-none-eabi/10.2.0/../../../../arm-none-eabi/lib/thumb\libg.a(lib_a-vfiprintf.o)
 .rodata.zeroes.0
                0x000000000201fc70       0x10 c:/devkitpro/devkitarm/bin/../lib/gcc/arm-none-eabi/10.2.0/../../../../arm-none-eabi/lib/thumb\libg.a(lib_a-vfiprintf.o)
 .rodata._vfprintf_r.str1.1
                0x000000000201fc80       0x12 c:/devkitpro/devkitarm/bin/../lib/gcc/arm-none-eabi/10.2.0/../../../../arm-none-eabi/lib/thumb\libg.a(lib_a-vfprintf.o)
                                         0x3b (size before relaxing)
 *fill*         0x000000000201fc92        0x2 ff
 .rodata.blanks.1
                0x000000000201fc94       0x10 c:/devkitpro/devkitarm/bin/../lib/gcc/arm-none-eabi/10.2.0/../../../../arm-none-eabi/lib/thumb\libg.a(lib_a-vfprintf.o)
 .rodata.zeroes.0
                0x000000000201fca4       0x10 c:/devkitpro/devkitarm/bin/../lib/gcc/arm-none-eabi/10.2.0/../../../../arm-none-eabi/lib/thumb\libg.a(lib_a-vfprintf.o)
 .rodata._dtoa_r.str1.4
                0x000000000201fcb4       0x64 c:/devkitpro/devkitarm/bin/../lib/gcc/arm-none-eabi/10.2.0/../../../../arm-none-eabi/lib/thumb\libg.a(lib_a-dtoa.o)
 .rodata.__multadd.str1.4
                0x000000000201fd18       0x3d c:/devkitpro/devkitarm/bin/../lib/gcc/arm-none-eabi/10.2.0/../../../../arm-none-eabi/lib/thumb\libg.a(lib_a-mprec.o)
                                         0x51 (size before relaxing)
 *fill*         0x000000000201fd55        0x3 ff
 .rodata.__mprec_bigtens
                0x000000000201fd58       0x28 c:/devkitpro/devkitarm/bin/../lib/gcc/arm-none-eabi/10.2.0/../../../../arm-none-eabi/lib/thumb\libg.a(lib_a-mprec.o)
                0x000000000201fd58                __mprec_bigtens
 .rodata.__mprec_tens
                0x000000000201fd80       0xc8 c:/devkitpro/devkitarm/bin/../lib/gcc/arm-none-eabi/10.2.0/../../../../arm-none-eabi/lib/thumb\libg.a(lib_a-mprec.o)
                0x000000000201fd80                __mprec_tens
 .rodata.p05.0  0x000000000201fe48        0xc c:/devkitpro/devkitarm/bin/../lib/gcc/arm-none-eabi/10.2.0/../../../../arm-none-eabi/lib/thumb\libg.a(lib_a-mprec.o)
 .rodata.__action_table
                0x000000000201fe54       0x6c c:/devkitpro/devkitarm/bin/../lib/gcc/arm-none-eabi/10.2.0/../../../../arm-none-eabi/lib/thumb\libg.a(lib_a-svfiprintf.o)
                0x000000000201fe54                __action_table
 .rodata.__chclass
                0x000000000201fec0      0x100 c:/devkitpro/devkitarm/bin/../lib/gcc/arm-none-eabi/10.2.0/../../../../arm-none-eabi/lib/thumb\libg.a(lib_a-svfiprintf.o)
                0x000000000201fec0                __chclass
 .rodata.__state_table
                0x000000000201ffc0       0x6c c:/devkitpro/devkitarm/bin/../lib/gcc/arm-none-eabi/10.2.0/../../../../arm-none-eabi/lib/thumb\libg.a(lib_a-svfiprintf.o)
                0x000000000201ffc0                __state_table
 .rodata.__assert_func.str1.4
                0x000000000202002c       0x3f c:/devkitpro/devkitarm/bin/../lib/gcc/arm-none-eabi/10.2.0/../../../../arm-none-eabi/lib/thumb\libg.a(lib_a-assert.o)
                                         0x43 (size before relaxing)
 *fill*         0x000000000202006b        0x1 ff
 .rodata.__jp2uc
                0x000000000202006c       0x20 c:/devkitpro/devkitarm/bin/../lib/gcc/arm-none-eabi/10.2.0/../../../../arm-none-eabi/lib/thumb\libg.a(lib_a-jp2uc.o)
 .rodata._jp2uc_l.str1.4
                0x000000000202008c       0x12 c:/devkitpro/devkitarm/bin/../lib/gcc/arm-none-eabi/10.2.0/../../../../arm-none-eabi/lib/thumb\libg.a(lib_a-jp2uc.o)
 *fill*         0x000000000202009e        0x2 ff
 .rodata.a1     0x00000000020200a0       0xbc c:/devkitpro/devkitarm/bin/../lib/gcc/arm-none-eabi/10.2.0/../../../../arm-none-eabi/lib/thumb\libg.a(lib_a-jp2uc.o)
 .rodata.a2     0x000000000202015c       0xbc c:/devkitpro/devkitarm/bin/../lib/gcc/arm-none-eabi/10.2.0/../../../../arm-none-eabi/lib/thumb\libg.a(lib_a-jp2uc.o)
 .rodata.a3     0x0000000002020218       0x5b c:/devkitpro/devkitarm/bin/../lib/gcc/arm-none-eabi/10.2.0/../../../../arm-none-eabi/lib/thumb\libg.a(lib_a-jp2uc.o)
 *fill*         0x0000000002020273        0x1 ff
 .rodata.a6     0x0000000002020274       0x70 c:/devkitpro/devkitarm/bin/../lib/gcc/arm-none-eabi/10.2.0/../../../../arm-none-eabi/lib/thumb\libg.a(lib_a-jp2uc.o)
 .rodata.a7     0x00000000020202e4       0xa2 c:/devkitpro/devkitarm/bin/../lib/gcc/arm-none-eabi/10.2.0/../../../../arm-none-eabi/lib/thumb\libg.a(lib_a-jp2uc.o)
 *fill*         0x0000000002020386        0x2 ff
 .rodata.a8     0x0000000002020388       0x40 c:/devkitpro/devkitarm/bin/../lib/gcc/arm-none-eabi/10.2.0/../../../../arm-none-eabi/lib/thumb\libg.a(lib_a-jp2uc.o)
 .rodata.b02cf  0x00000000020203c8     0x172a c:/devkitpro/devkitarm/bin/../lib/gcc/arm-none-eabi/10.2.0/../../../../arm-none-eabi/lib/thumb\libg.a(lib_a-jp2uc.o)
 *fill*         0x0000000002021af2        0x2 ff
 .rodata.d02f4  0x0000000002021af4     0x1a7c c:/devkitpro/devkitarm/bin/../lib/gcc/arm-none-eabi/10.2.0/../../../../arm-none-eabi/lib/thumb\libg.a(lib_a-jp2uc.o)
 .rodata.categories
                0x0000000002023570     0x31e6 c:/devkitpro/devkitarm/bin/../lib/gcc/arm-none-eabi/10.2.0/../../../../arm-none-eabi/lib/thumb\libg.a(lib_a-categories.o)
 *fill*         0x0000000002026756        0x2 ff
 .rodata.AddDevice.str1.4
                0x0000000002026758        0x8 c:/devkitpro/devkitarm/bin/../lib/gcc/arm-none-eabi/10.2.0/../../../../arm-none-eabi/lib/thumb\libsysbase.a(iosupport.o)
 .rodata.dotab_stdnull
                0x0000000002026760       0x70 c:/devkitpro/devkitarm/bin/../lib/gcc/arm-none-eabi/10.2.0/../../../../arm-none-eabi/lib/thumb\libsysbase.a(iosupport.o)
                0x0000000002026760                dotab_stdnull
 *(EXCLUDE_FILE(*.twl*) .gnu.linkonce.r*)
                0x00000000020267d0                . = ALIGN (0x4)

.ARM.extab
 *(.ARM.extab* .gnu.linkonce.armextab.*)
                0x00000000020267d0                __exidx_start = .

ARM.exidx
 *(.ARM.exidx* .gnu.linkonce.armexidx.*)
                0x00000000020267d0                __exidx_end = .
                0x00000000020267d0                . = ALIGN (0x4)
                0x00000000020267d0                PROVIDE (__preinit_array_start = .)

.preinit_array
 *(.preinit_array)
                0x00000000020267d0                PROVIDE (__preinit_array_end = .)
                0x00000000020267d0                PROVIDE (__init_array_start = .)

.init_array     0x00000000020267d0        0x4
 *(SORT_BY_NAME(.init_array.*))
 *(.init_array)
 .init_array    0x00000000020267d0        0x4 c:/devkitpro/devkitarm/bin/../lib/gcc/arm-none-eabi/10.2.0/thumb/crtbegin.o
                0x00000000020267d4                PROVIDE (__init_array_end = .)
                [!provide]                        PROVIDE (__fini_array_start = .)

.fini_array     0x00000000020267d4        0x4
 *(.fini_array)
 .fini_array    0x00000000020267d4        0x4 c:/devkitpro/devkitarm/bin/../lib/gcc/arm-none-eabi/10.2.0/thumb/crtbegin.o
 *(SORT_BY_NAME(.fini_array.*))
                [!provide]                        PROVIDE (__fini_array_end = .)

.ctors          0x00000000020267d8        0x0
 *crtbegin.o(.ctors)